D:/PersonalData/Prj/STM32Prj/F769I/Core/Src/main.c:1514:6:StartDefaultTask	8	static
D:/PersonalData/Prj/STM32Prj/F769I/Core/Src/main.c:1399:16:QSPI_WriteEnable.constprop	88	static
D:/PersonalData/Prj/STM32Prj/F769I/Core/Src/main.c:149:6:HAL_UARTEx_RxEventCallback	32	static
D:/PersonalData/Prj/STM32Prj/F769I/Core/Src/main.c:276:6:SystemClock_Config	88	static
D:/PersonalData/Prj/STM32Prj/F769I/Core/Src/main.c:496:6:MX_I2C4_Init	16	static
D:/PersonalData/Prj/STM32Prj/F769I/Core/Src/main.c:164:5:main	256	static,ignoring_inline_asm
D:/PersonalData/Prj/STM32Prj/F769I/Core/Src/main.c:1601:6:HAL_TIM_PeriodElapsedCallback	0	static
D:/PersonalData/Prj/STM32Prj/F769I/Core/Src/main.c:1617:6:Error_Handler	0	static
