stm32f7xx_hal_msp.c:68:6:HAL_MspInit	8	static
stm32f7xx_hal_msp.c:92:6:HAL_CRC_MspInit	8	static
stm32f7xx_hal_msp.c:114:6:HAL_CRC_MspDeInit	0	static
stm32f7xx_hal_msp.c:136:6:HAL_DMA2D_MspInit	16	static
stm32f7xx_hal_msp.c:161:6:HAL_DMA2D_MspDeInit	0	static
stm32f7xx_hal_msp.c:186:6:HAL_DSI_MspInit	40	static
stm32f7xx_hal_msp.c:224:6:HAL_DSI_MspDeInit	8	static
stm32f7xx_hal_msp.c:254:6:HAL_I2C_MspInit	200	static
stm32f7xx_hal_msp.c:311:6:HAL_I2C_MspDeInit	8	static
stm32f7xx_hal_msp.c:344:6:HAL_JPEG_MspInit	24	static
stm32f7xx_hal_msp.c:413:6:HAL_JPEG_MspDeInit	8	static
stm32f7xx_hal_msp.c:442:6:HAL_LTDC_MspInit	160	static
stm32f7xx_hal_msp.c:483:6:HAL_LTDC_MspDeInit	0	static
stm32f7xx_hal_msp.c:508:6:HAL_QSPI_MspInit	64	static
stm32f7xx_hal_msp.c:581:6:HAL_QSPI_MspDeInit	8	static
stm32f7xx_hal_msp.c:622:6:HAL_UART_MspInit	184	static
stm32f7xx_hal_msp.c:672:6:HAL_UART_MspDeInit	8	static
stm32f7xx_hal_msp.c:827:6:HAL_SDRAM_MspInit	48	static
stm32f7xx_hal_msp.c:935:6:HAL_SDRAM_MspDeInit	8	static
stm32f7xx_hal_msp.c:955:6:BSP_QSPI_MspInit	0	static
stm32f7xx_hal_msp.c:969:6:BSP_QSPI_MspDeInit	0	static
stm32f7xx_hal_msp.c:982:6:BSP_SDRAM_MspInit	0	static
stm32f7xx_hal_msp.c:995:6:BSP_SDRAM_MspDeInit	0	static
