../../Middlewares/ST/touchgfx/framework/include/touchgfx/Screen.hpp:104:18:virtual void touchgfx::Screen::afterTransition()	0	static
../../Middlewares/ST/touchgfx/framework/include/touchgfx/Screen.hpp:144:18:virtual void touchgfx::Screen::handleTickEvent()	0	static
../../Middlewares/ST/touchgfx/framework/include/touchgfx/Screen.hpp:154:18:virtual void touchgfx::Screen::handleKeyEvent(uint8_t)	0	static
D:/PersonalData/Prj/STM32Prj/F769I/TouchGFX/gui/src/aboutscreen_screen/aboutScreenView.cpp:13:6:virtual void aboutScreenView::tearDownScreen()	0	static
../../TouchGFX/gui/include/gui/aboutscreen_screen/aboutScreenView.hpp:11:13:aboutScreenView::~aboutScreenView()	8	static
../../TouchGFX/gui/include/gui/aboutscreen_screen/aboutScreenView.hpp:11:13:virtual aboutScreenView::~aboutScreenView()	8	static
D:/PersonalData/Prj/STM32Prj/F769I/TouchGFX/gui/src/aboutscreen_screen/aboutScreenView.cpp:3:1:aboutScreenView::aboutScreenView()	8	static
D:/PersonalData/Prj/STM32Prj/F769I/TouchGFX/gui/src/aboutscreen_screen/aboutScreenView.cpp:8:6:virtual void aboutScreenView::setupScreen()	0	static
