../../TouchGFX/gui/include/gui/firstscreeen_screen/firstScreeenPresenter.hpp:28:13:firstScreeenPresenter::~firstScreeenPresenter()	0	static
D:/PersonalData/Prj/STM32Prj/F769I/TouchGFX/gui/src/firstscreeen_screen/firstScreeenPresenter.cpp:10:6:virtual void firstScreeenPresenter::activate()	0	static
../../TouchGFX/gui/include/gui/firstscreeen_screen/firstScreeenPresenter.hpp:28:13:virtual firstScreeenPresenter::~firstScreeenPresenter()	8	static
../../TouchGFX/gui/include/gui/firstscreeen_screen/firstScreeenPresenter.hpp:28:13:virtual void* firstScreeenPresenter::_ZThn4_N21firstScreeenPresenterD1Ev()	0	static
D:/PersonalData/Prj/STM32Prj/F769I/TouchGFX/gui/src/firstscreeen_screen/firstScreeenPresenter.cpp:4:1:firstScreeenPresenter::firstScreeenPresenter(firstScreeenView&)	8	static
