../../Middlewares/ST/touchgfx/framework/include/touchgfx/Screen.hpp:104:18:virtual void touchgfx::Screen::afterTransition()	0	static
../../Middlewares/ST/touchgfx/framework/include/touchgfx/Screen.hpp:144:18:virtual void touchgfx::Screen::handleTickEvent()	0	static
../../Middlewares/ST/touchgfx/framework/include/touchgfx/Screen.hpp:154:18:virtual void touchgfx::Screen::handleKeyEvent(uint8_t)	0	static
D:/PersonalData/Prj/STM32Prj/F769I/TouchGFX/gui/src/firstscreeen_screen/firstScreeenView.cpp:13:6:virtual void firstScreeenView::tearDownScreen()	0	static
../../TouchGFX/gui/include/gui/firstscreeen_screen/firstScreeenView.hpp:11:13:firstScreeenView::~firstScreeenView()	8	static
../../TouchGFX/gui/include/gui/firstscreeen_screen/firstScreeenView.hpp:11:13:virtual firstScreeenView::~firstScreeenView()	8	static
D:/PersonalData/Prj/STM32Prj/F769I/TouchGFX/gui/src/firstscreeen_screen/firstScreeenView.cpp:3:1:firstScreeenView::firstScreeenView()	8	static
D:/PersonalData/Prj/STM32Prj/F769I/TouchGFX/gui/src/firstscreeen_screen/firstScreeenView.cpp:8:6:virtual void firstScreeenView::setupScreen()	0	static
