../../Middlewares/ST/touchgfx/framework/include/touchgfx/Screen.hpp:104:18:virtual void touchgfx::Screen::afterTransition()	0	static
../../Middlewares/ST/touchgfx/framework/include/touchgfx/Screen.hpp:144:18:virtual void touchgfx::Screen::handleTickEvent()	0	static
../../Middlewares/ST/touchgfx/framework/include/touchgfx/Screen.hpp:154:18:virtual void touchgfx::Screen::handleKeyEvent(uint8_t)	0	static
D:/PersonalData/Prj/STM32Prj/F769I/TouchGFX/gui/src/monitorscreen_screen/monitorScreenView.cpp:13:6:virtual void monitorScreenView::tearDownScreen()	0	static
../../TouchGFX/gui/include/gui/monitorscreen_screen/monitorScreenView.hpp:11:13:monitorScreenView::~monitorScreenView()	8	static
../../TouchGFX/gui/include/gui/monitorscreen_screen/monitorScreenView.hpp:11:13:virtual monitorScreenView::~monitorScreenView()	8	static
D:/PersonalData/Prj/STM32Prj/F769I/TouchGFX/gui/src/monitorscreen_screen/monitorScreenView.cpp:3:1:monitorScreenView::monitorScreenView()	8	static
D:/PersonalData/Prj/STM32Prj/F769I/TouchGFX/gui/src/monitorscreen_screen/monitorScreenView.cpp:8:6:virtual void monitorScreenView::setupScreen()	0	static
