../../TouchGFX/gui/include/gui/monitorscreen_screen/monitorScreenPresenter.hpp:28:13:monitorScreenPresenter::~monitorScreenPresenter()	0	static
D:/PersonalData/Prj/STM32Prj/F769I/TouchGFX/gui/src/monitorscreen_screen/monitorScreenPresenter.cpp:10:6:virtual void monitorScreenPresenter::activate()	0	static
../../TouchGFX/gui/include/gui/monitorscreen_screen/monitorScreenPresenter.hpp:28:13:virtual monitorScreenPresenter::~monitorScreenPresenter()	8	static
../../TouchGFX/gui/include/gui/monitorscreen_screen/monitorScreenPresenter.hpp:28:13:virtual void* monitorScreenPresenter::_ZThn4_N22monitorScreenPresenterD1Ev()	0	static
D:/PersonalData/Prj/STM32Prj/F769I/TouchGFX/gui/src/monitorscreen_screen/monitorScreenPresenter.cpp:4:1:monitorScreenPresenter::monitorScreenPresenter(monitorScreenView&)	8	static
