../../TouchGFX/gui/include/gui/startscreen_screen/startScreenPresenter.hpp:28:13:startScreenPresenter::~startScreenPresenter()	0	static
D:/PersonalData/Prj/STM32Prj/F769I/TouchGFX/gui/src/startscreen_screen/startScreenPresenter.cpp:10:6:virtual void startScreenPresenter::activate()	0	static
../../TouchGFX/gui/include/gui/startscreen_screen/startScreenPresenter.hpp:28:13:virtual startScreenPresenter::~startScreenPresenter()	8	static
../../TouchGFX/gui/include/gui/startscreen_screen/startScreenPresenter.hpp:28:13:virtual void* startScreenPresenter::_ZThn4_N20startScreenPresenterD1Ev()	0	static
D:/PersonalData/Prj/STM32Prj/F769I/TouchGFX/gui/src/startscreen_screen/startScreenPresenter.cpp:4:1:startScreenPresenter::startScreenPresenter(startScreenView&)	8	static
