Component: Arm Compiler for Embedded 6.19 Tool: armlink [5e73cb00]

==============================================================================

Section Cross References

    startup_stm32wba52xx.o(STACK) refers (Special) to heapauxi.o(.text) for __use_two_region_memory
    startup_stm32wba52xx.o(HEAP) refers (Special) to heapauxi.o(.text) for __use_two_region_memory
    startup_stm32wba52xx.o(RESET) refers (Special) to heapauxi.o(.text) for __use_two_region_memory
    startup_stm32wba52xx.o(RESET) refers to startup_stm32wba52xx.o(STACK) for __initial_sp
    startup_stm32wba52xx.o(RESET) refers to startup_stm32wba52xx.o(.text) for Reset_Handler
    startup_stm32wba52xx.o(RESET) refers to stm32wbaxx_it.o(.text.NMI_Handler) for NMI_Handler
    startup_stm32wba52xx.o(RESET) refers to stm32wbaxx_it.o(.text.HardFault_Handler) for HardFault_Handler
    startup_stm32wba52xx.o(RESET) refers to stm32wbaxx_it.o(.text.MemManage_Handler) for MemManage_Handler
    startup_stm32wba52xx.o(RESET) refers to stm32wbaxx_it.o(.text.BusFault_Handler) for BusFault_Handler
    startup_stm32wba52xx.o(RESET) refers to stm32wbaxx_it.o(.text.UsageFault_Handler) for UsageFault_Handler
    startup_stm32wba52xx.o(RESET) refers to stm32wbaxx_it.o(.text.SVC_Handler) for SVC_Handler
    startup_stm32wba52xx.o(RESET) refers to stm32wbaxx_it.o(.text.DebugMon_Handler) for DebugMon_Handler
    startup_stm32wba52xx.o(RESET) refers to stm32wbaxx_it.o(.text.PendSV_Handler) for PendSV_Handler
    startup_stm32wba52xx.o(RESET) refers to stm32wbaxx_it.o(.text.SysTick_Handler) for SysTick_Handler
    startup_stm32wba52xx.o(.text) refers (Special) to heapauxi.o(.text) for __use_two_region_memory
    startup_stm32wba52xx.o(.text) refers to system_stm32wbaxx.o(.text.SystemInit) for SystemInit
    startup_stm32wba52xx.o(.text) refers to __main.o(!!!main) for __main
    startup_stm32wba52xx.o(.text) refers to startup_stm32wba52xx.o(HEAP) for Heap_Mem
    startup_stm32wba52xx.o(.text) refers to startup_stm32wba52xx.o(STACK) for Stack_Mem
    main.o(.text.main) refers to stm32wbaxx_hal.o(.text.HAL_Init) for HAL_Init
    main.o(.text.main) refers to rt_memclr_w.o(.text) for __aeabi_memclr4
    main.o(.text.main) refers to stm32wbaxx_hal_pwr_ex.o(.text.HAL_PWREx_ControlVoltageScaling) for HAL_PWREx_ControlVoltageScaling
    main.o(.text.main) refers to stm32wbaxx_hal_rcc.o(.text.HAL_RCC_OscConfig) for HAL_RCC_OscConfig
    main.o(.text.main) refers to stm32wbaxx_hal_rcc.o(.text.HAL_RCC_ClockConfig) for HAL_RCC_ClockConfig
    main.o(.text.main) refers to gpio.o(.text.MX_GPIO_Init) for MX_GPIO_Init
    main.o(.text.main) refers to usart.o(.text.MX_USART1_UART_Init) for MX_USART1_UART_Init
    main.o(.text.main) refers to usart.o(.bss.huart1) for huart1
    main.o(.text.main) refers to stm32wbaxx_hal_gpio.o(.text.HAL_GPIO_WritePin) for HAL_GPIO_WritePin
    main.o(.text.main) refers to stm32wbaxx_hal.o(.text.HAL_Delay) for HAL_Delay
    main.o(.text.main) refers to stm32wbaxx_hal_uart.o(.text.HAL_UART_Transmit) for HAL_UART_Transmit
    main.o(.ARM.exidx.text.main) refers to main.o(.text.main) for [Anonymous Symbol]
    main.o(.text.SystemClock_Config) refers to rt_memclr_w.o(.text) for __aeabi_memclr4
    main.o(.text.SystemClock_Config) refers to stm32wbaxx_hal_pwr_ex.o(.text.HAL_PWREx_ControlVoltageScaling) for HAL_PWREx_ControlVoltageScaling
    main.o(.text.SystemClock_Config) refers to stm32wbaxx_hal_rcc.o(.text.HAL_RCC_OscConfig) for HAL_RCC_OscConfig
    main.o(.text.SystemClock_Config) refers to stm32wbaxx_hal_rcc.o(.text.HAL_RCC_ClockConfig) for HAL_RCC_ClockConfig
    main.o(.ARM.exidx.text.SystemClock_Config) refers to main.o(.text.SystemClock_Config) for [Anonymous Symbol]
    main.o(.ARM.exidx.text.Error_Handler) refers to main.o(.text.Error_Handler) for [Anonymous Symbol]
    gpio.o(.text.MX_GPIO_Init) refers to stm32wbaxx_hal_gpio.o(.text.HAL_GPIO_WritePin) for HAL_GPIO_WritePin
    gpio.o(.text.MX_GPIO_Init) refers to stm32wbaxx_hal_gpio.o(.text.HAL_GPIO_Init) for HAL_GPIO_Init
    gpio.o(.ARM.exidx.text.MX_GPIO_Init) refers to gpio.o(.text.MX_GPIO_Init) for [Anonymous Symbol]
    usart.o(.text.MX_USART1_UART_Init) refers to usart.o(.bss.huart1) for huart1
    usart.o(.text.MX_USART1_UART_Init) refers to stm32wbaxx_hal_uart.o(.text.HAL_UART_Init) for HAL_UART_Init
    usart.o(.text.MX_USART1_UART_Init) refers to main.o(.text.Error_Handler) for Error_Handler
    usart.o(.text.MX_USART1_UART_Init) refers to stm32wbaxx_hal_uart_ex.o(.text.HAL_UARTEx_SetTxFifoThreshold) for HAL_UARTEx_SetTxFifoThreshold
    usart.o(.text.MX_USART1_UART_Init) refers to stm32wbaxx_hal_uart_ex.o(.text.HAL_UARTEx_SetRxFifoThreshold) for HAL_UARTEx_SetRxFifoThreshold
    usart.o(.text.MX_USART1_UART_Init) refers to stm32wbaxx_hal_uart_ex.o(.text.HAL_UARTEx_DisableFifoMode) for HAL_UARTEx_DisableFifoMode
    usart.o(.ARM.exidx.text.MX_USART1_UART_Init) refers to usart.o(.text.MX_USART1_UART_Init) for [Anonymous Symbol]
[...]
    Removing stm32wbaxx_hal_dma_ex.o(.ARM.exidx.text.HAL_DMAEx_List_ConvertQToDynamic), (8 bytes).
    Removing stm32wbaxx_hal_dma_ex.o(.text.HAL_DMAEx_List_ConvertQToStatic), (386 bytes).
    Removing stm32wbaxx_hal_dma_ex.o(.ARM.exidx.text.HAL_DMAEx_List_ConvertQToStatic), (8 bytes).
    Removing stm32wbaxx_hal_dma_ex.o(.text.HAL_DMAEx_List_LinkQ), (96 bytes).
    Removing stm32wbaxx_hal_dma_ex.o(.ARM.exidx.text.HAL_DMAEx_List_LinkQ), (8 bytes).
    Removing stm32wbaxx_hal_dma_ex.o(.text.HAL_DMAEx_List_UnLinkQ), (48 bytes).
    Removing stm32wbaxx_hal_dma_ex.o(.ARM.exidx.text.HAL_DMAEx_List_UnLinkQ), (8 bytes).
    Removing stm32wbaxx_hal_dma_ex.o(.text.HAL_DMAEx_ConfigDataHandling), (68 bytes).
    Removing stm32wbaxx_hal_dma_ex.o(.ARM.exidx.text.HAL_DMAEx_ConfigDataHandling), (8 bytes).
    Removing stm32wbaxx_hal_dma_ex.o(.text.HAL_DMAEx_ConfigTrigger), (80 bytes).
    Removing stm32wbaxx_hal_dma_ex.o(.ARM.exidx.text.HAL_DMAEx_ConfigTrigger), (8 bytes).
    Removing stm32wbaxx_hal_dma_ex.o(.text.HAL_DMAEx_Suspend), (106 bytes).
    Removing stm32wbaxx_hal_dma_ex.o(.ARM.exidx.text.HAL_DMAEx_Suspend), (8 bytes).
    Removing stm32wbaxx_hal_dma_ex.o(.text.HAL_DMAEx_Suspend_IT), (46 bytes).
    Removing stm32wbaxx_hal_dma_ex.o(.ARM.exidx.text.HAL_DMAEx_Suspend_IT), (8 bytes).
    Removing stm32wbaxx_hal_dma_ex.o(.text.HAL_DMAEx_Resume), (58 bytes).
    Removing stm32wbaxx_hal_dma_ex.o(.ARM.exidx.text.HAL_DMAEx_Resume), (8 bytes).
    Removing stm32wbaxx_hal_dma_ex.o(.text.HAL_DMAEx_GetFifoLevel), (10 bytes).
    Removing stm32wbaxx_hal_dma_ex.o(.ARM.exidx.text.HAL_DMAEx_GetFifoLevel), (8 bytes).
    Removing stm32wbaxx_hal_exti.o(.text), (0 bytes).
    Removing stm32wbaxx_hal_exti.o(.text.HAL_EXTI_SetConfigLine), (200 bytes).
    Removing stm32wbaxx_hal_exti.o(.ARM.exidx.text.HAL_EXTI_SetConfigLine), (8 bytes).
    Removing stm32wbaxx_hal_exti.o(.text.HAL_EXTI_GetConfigLine), (180 bytes).
    Removing stm32wbaxx_hal_exti.o(.ARM.exidx.text.HAL_EXTI_GetConfigLine), (8 bytes).
    Removing stm32wbaxx_hal_exti.o(.text.HAL_EXTI_ClearConfigLine), (132 bytes).
    Removing stm32wbaxx_hal_exti.o(.ARM.exidx.text.HAL_EXTI_ClearConfigLine), (8 bytes).
    Removing stm32wbaxx_hal_exti.o(.text.HAL_EXTI_RegisterCallback), (36 bytes).
    Removing stm32wbaxx_hal_exti.o(.ARM.exidx.text.HAL_EXTI_RegisterCallback), (8 bytes).
    Removing stm32wbaxx_hal_exti.o(.text.HAL_EXTI_GetHandle), (12 bytes).
    Removing stm32wbaxx_hal_exti.o(.ARM.exidx.text.HAL_EXTI_GetHandle), (8 bytes).
    Removing stm32wbaxx_hal_exti.o(.text.HAL_EXTI_IRQHandler), (84 bytes).
    Removing stm32wbaxx_hal_exti.o(.ARM.exidx.text.HAL_EXTI_IRQHandler), (8 bytes).
    Removing stm32wbaxx_hal_exti.o(.text.HAL_EXTI_GetPending), (54 bytes).
    Removing stm32wbaxx_hal_exti.o(.ARM.exidx.text.HAL_EXTI_GetPending), (8 bytes).
    Removing stm32wbaxx_hal_exti.o(.text.HAL_EXTI_ClearPending), (50 bytes).
    Removing stm32wbaxx_hal_exti.o(.ARM.exidx.text.HAL_EXTI_ClearPending), (8 bytes).
    Removing stm32wbaxx_hal_exti.o(.text.HAL_EXTI_GenerateSWI), (30 bytes).
    Removing stm32wbaxx_hal_exti.o(.ARM.exidx.text.HAL_EXTI_GenerateSWI), (8 bytes).
    Removing stm32wbaxx_hal_exti.o(.text.HAL_EXTI_ConfigLineAttributes), (64 bytes).
    Removing stm32wbaxx_hal_exti.o(.ARM.exidx.text.HAL_EXTI_ConfigLineAttributes), (8 bytes).
    Removing stm32wbaxx_hal_exti.o(.text.HAL_EXTI_GetConfigLineAttributes), (50 bytes).
    Removing stm32wbaxx_hal_exti.o(.ARM.exidx.text.HAL_EXTI_GetConfigLineAttributes), (8 bytes).
    Removing stm32wbaxx_hal_pwr.o(.text), (0 bytes).
    Removing stm32wbaxx_hal_pwr.o(.text.HAL_PWR_DeInit), (2 bytes).
    Removing stm32wbaxx_hal_pwr.o(.ARM.exidx.text.HAL_PWR_DeInit), (8 bytes).
    Removing stm32wbaxx_hal_pwr.o(.text.HAL_PWR_EnableBkUpAccess), (18 bytes).
    Removing stm32wbaxx_hal_pwr.o(.ARM.exidx.text.HAL_PWR_EnableBkUpAccess), (8 bytes).
    Removing stm32wbaxx_hal_pwr.o(.text.HAL_PWR_DisableBkUpAccess), (18 bytes).
    Removing stm32wbaxx_hal_pwr.o(.ARM.exidx.text.HAL_PWR_DisableBkUpAccess), (8 bytes).
    Removing stm32wbaxx_hal_pwr.o(.text.HAL_PWR_ConfigPVD), (152 bytes).
    Removing stm32wbaxx_hal_pwr.o(.ARM.exidx.text.HAL_PWR_ConfigPVD), (8 bytes).
    Removing stm32wbaxx_hal_pwr.o(.text.HAL_PWR_EnablePVD), (18 bytes).
    Removing stm32wbaxx_hal_pwr.o(.ARM.exidx.text.HAL_PWR_EnablePVD), (8 bytes).
    Removing stm32wbaxx_hal_pwr.o(.text.HAL_PWR_DisablePVD), (18 bytes).
    Removing stm32wbaxx_hal_pwr.o(.ARM.exidx.text.HAL_PWR_DisablePVD), (8 bytes).
    Removing stm32wbaxx_hal_pwr.o(.text.HAL_PWR_EnableWakeUpPin), (62 bytes).
    Removing stm32wbaxx_hal_pwr.o(.ARM.exidx.text.HAL_PWR_EnableWakeUpPin), (8 bytes).
    Removing stm32wbaxx_hal_pwr.o(.text.HAL_PWR_DisableWakeUpPin), (24 bytes).
    Removing stm32wbaxx_hal_pwr.o(.ARM.exidx.text.HAL_PWR_DisableWakeUpPin), (8 bytes).
    Removing stm32wbaxx_hal_pwr.o(.text.HAL_PWR_GetClearWakeupSource), (14 bytes).
    Removing stm32wbaxx_hal_pwr.o(.ARM.exidx.text.HAL_PWR_GetClearWakeupSource), (8 bytes).
    Removing stm32wbaxx_hal_pwr.o(.text.HAL_PWR_EnterSLEEPMode), (30 bytes).
    Removing stm32wbaxx_hal_pwr.o(.ARM.exidx.text.HAL_PWR_EnterSLEEPMode), (8 bytes).
    Removing stm32wbaxx_hal_pwr.o(.text.HAL_PWR_EnterSTOPMode), (58 bytes).
    Removing stm32wbaxx_hal_pwr.o(.ARM.exidx.text.HAL_PWR_EnterSTOPMode), (8 bytes).
    Removing stm32wbaxx_hal_pwr.o(.text.HAL_PWR_EnterSTANDBYMode), (38 bytes).
    Removing stm32wbaxx_hal_pwr.o(.ARM.exidx.text.HAL_PWR_EnterSTANDBYMode), (8 bytes).
    Removing stm32wbaxx_hal_pwr.o(.text.HAL_PWR_EnableSleepOnExit), (18 bytes).
    Removing stm32wbaxx_hal_pwr.o(.ARM.exidx.text.HAL_PWR_EnableSleepOnExit), (8 bytes).
    Removing stm32wbaxx_hal_pwr.o(.text.HAL_PWR_DisableSleepOnExit), (18 bytes).
    Removing stm32wbaxx_hal_pwr.o(.ARM.exidx.text.HAL_PWR_DisableSleepOnExit), (8 bytes).
    Removing stm32wbaxx_hal_pwr.o(.text.HAL_PWR_EnableSEVOnPend), (18 bytes).
    Removing stm32wbaxx_hal_pwr.o(.ARM.exidx.text.HAL_PWR_EnableSEVOnPend), (8 bytes).
    Removing stm32wbaxx_hal_pwr.o(.text.HAL_PWR_DisableSEVOnPend), (18 bytes).
    Removing stm32wbaxx_hal_pwr.o(.ARM.exidx.text.HAL_PWR_DisableSEVOnPend), (8 bytes).
    Removing stm32wbaxx_hal_pwr.o(.text.HAL_PWR_PVD_IRQHandler), (48 bytes).
    Removing stm32wbaxx_hal_pwr.o(.ARM.exidx.text.HAL_PWR_PVD_IRQHandler), (8 bytes).
    Removing stm32wbaxx_hal_pwr.o(.text.HAL_PWR_PVD_Rising_Callback), (2 bytes).
    Removing stm32wbaxx_hal_pwr.o(.ARM.exidx.text.HAL_PWR_PVD_Rising_Callback), (8 bytes).
    Removing stm32wbaxx_hal_pwr.o(.text.HAL_PWR_PVD_Falling_Callback), (2 bytes).
    Removing stm32wbaxx_hal_pwr.o(.ARM.exidx.text.HAL_PWR_PVD_Falling_Callback), (8 bytes).
    Removing stm32wbaxx_hal_pwr.o(.text.HAL_PWR_WKUP_IRQHandler), (84 bytes).
    Removing stm32wbaxx_hal_pwr.o(.ARM.exidx.text.HAL_PWR_WKUP_IRQHandler), (8 bytes).
    Removing stm32wbaxx_hal_pwr.o(.text.HAL_PWR_WKUP1_Callback), (2 bytes).
    Removing stm32wbaxx_hal_pwr.o(.ARM.exidx.text.HAL_PWR_WKUP1_Callback), (8 bytes).
    Removing stm32wbaxx_hal_pwr.o(.text.HAL_PWR_WKUP2_Callback), (2 bytes).
    Removing stm32wbaxx_hal_pwr.o(.ARM.exidx.text.HAL_PWR_WKUP2_Callback), (8 bytes).
    Removing stm32wbaxx_hal_pwr.o(.text.HAL_PWR_WKUP3_Callback), (2 bytes).
    Removing stm32wbaxx_hal_pwr.o(.ARM.exidx.text.HAL_PWR_WKUP3_Callback), (8 bytes).
    Removing stm32wbaxx_hal_pwr.o(.text.HAL_PWR_WKUP4_Callback), (2 bytes).
    Removing stm32wbaxx_hal_pwr.o(.ARM.exidx.text.HAL_PWR_WKUP4_Callback), (8 bytes).
    Removing stm32wbaxx_hal_pwr.o(.text.HAL_PWR_WKUP5_Callback), (2 bytes).
    Removing stm32wbaxx_hal_pwr.o(.ARM.exidx.text.HAL_PWR_WKUP5_Callback), (8 bytes).
    Removing stm32wbaxx_hal_pwr.o(.text.HAL_PWR_WKUP6_Callback), (2 bytes).
    Removing stm32wbaxx_hal_pwr.o(.ARM.exidx.text.HAL_PWR_WKUP6_Callback), (8 bytes).
    Removing stm32wbaxx_hal_pwr.o(.text.HAL_PWR_WKUP7_Callback), (2 bytes).
    Removing stm32wbaxx_hal_pwr.o(.ARM.exidx.text.HAL_PWR_WKUP7_Callback), (8 bytes).
    Removing stm32wbaxx_hal_pwr.o(.text.HAL_PWR_WKUP8_Callback), (2 bytes).
    Removing stm32wbaxx_hal_pwr.o(.ARM.exidx.text.HAL_PWR_WKUP8_Callback), (8 bytes).
    Removing stm32wbaxx_hal_pwr.o(.text.HAL_PWR_ConfigAttributes), (34 bytes).
    Removing stm32wbaxx_hal_pwr.o(.ARM.exidx.text.HAL_PWR_ConfigAttributes), (8 bytes).
    Removing stm32wbaxx_hal_pwr.o(.text.HAL_PWR_GetConfigAttributes), (34 bytes).
    Removing stm32wbaxx_hal_pwr.o(.ARM.exidx.text.HAL_PWR_GetConfigAttributes), (8 bytes).
    Removing stm32wbaxx_hal_pwr_ex.o(.text), (0 bytes).
    Removing stm32wbaxx_hal_pwr_ex.o(.ARM.exidx.text.HAL_PWREx_ControlVoltageScaling), (8 bytes).
    Removing stm32wbaxx_hal_pwr_ex.o(.text.HAL_PWREx_GetVoltageRange), (16 bytes).
    Removing stm32wbaxx_hal_pwr_ex.o(.ARM.exidx.text.HAL_PWREx_GetVoltageRange), (8 bytes).
    Removing stm32wbaxx_hal_pwr_ex.o(.text.HAL_PWREx_EnableFastSoftStart), (18 bytes).
    Removing stm32wbaxx_hal_pwr_ex.o(.ARM.exidx.text.HAL_PWREx_EnableFastSoftStart), (8 bytes).
    Removing stm32wbaxx_hal_pwr_ex.o(.text.HAL_PWREx_DisableFastSoftStart), (18 bytes).
    Removing stm32wbaxx_hal_pwr_ex.o(.ARM.exidx.text.HAL_PWREx_DisableFastSoftStart), (8 bytes).
    Removing stm32wbaxx_hal_pwr_ex.o(.text.HAL_PWREx_EnableUltraLowPowerMode), (18 bytes).
    Removing stm32wbaxx_hal_pwr_ex.o(.ARM.exidx.text.HAL_PWREx_EnableUltraLowPowerMode), (8 bytes).
    Removing stm32wbaxx_hal_pwr_ex.o(.text.HAL_PWREx_DisableUltraLowPowerMode), (18 bytes).
    Removing stm32wbaxx_hal_pwr_ex.o(.ARM.exidx.text.HAL_PWREx_DisableUltraLowPowerMode), (8 bytes).
    Removing stm32wbaxx_hal_pwr_ex.o(.text.HAL_PWREx_EnableSRAM1ContentStandbyRetention), (20 bytes).
    Removing stm32wbaxx_hal_pwr_ex.o(.ARM.exidx.text.HAL_PWREx_EnableSRAM1ContentStandbyRetention), (8 bytes).
    Removing stm32wbaxx_hal_pwr_ex.o(.text.HAL_PWREx_DisableSRAM1ContentStandbyRetention), (18 bytes).
    Removing stm32wbaxx_hal_pwr_ex.o(.ARM.exidx.text.HAL_PWREx_DisableSRAM1ContentStandbyRetention), (8 bytes).
    Removing stm32wbaxx_hal_pwr_ex.o(.text.HAL_PWREx_EnableSRAM2ContentStandbyRetention), (20 bytes).
    Removing stm32wbaxx_hal_pwr_ex.o(.ARM.exidx.text.HAL_PWREx_EnableSRAM2ContentStandbyRetention), (8 bytes).
    Removing stm32wbaxx_hal_pwr_ex.o(.text.HAL_PWREx_DisableSRAM2ContentStandbyRetention), (18 bytes).
    Removing stm32wbaxx_hal_pwr_ex.o(.ARM.exidx.text.HAL_PWREx_DisableSRAM2ContentStandbyRetention), (8 bytes).
    Removing stm32wbaxx_hal_pwr_ex.o(.text.HAL_PWREx_EnableRadioSRAMClockStandbyRetention), (20 bytes).
    Removing stm32wbaxx_hal_pwr_ex.o(.ARM.exidx.text.HAL_PWREx_EnableRadioSRAMClockStandbyRetention), (8 bytes).
    Removing stm32wbaxx_hal_pwr_ex.o(.text.HAL_PWREx_DisableRadioSRAMClockStandbyRetention), (18 bytes).
    Removing stm32wbaxx_hal_pwr_ex.o(.ARM.exidx.text.HAL_PWREx_DisableRadioSRAMClockStandbyRetention), (8 bytes).
    Removing stm32wbaxx_hal_pwr_ex.o(.text.HAL_PWREx_EnableRAMsContentStopRetention), (18 bytes).
    Removing stm32wbaxx_hal_pwr_ex.o(.ARM.exidx.text.HAL_PWREx_EnableRAMsContentStopRetention), (8 bytes).
    Removing stm32wbaxx_hal_pwr_ex.o(.text.HAL_PWREx_DisableRAMsContentStopRetention), (22 bytes).
    Removing stm32wbaxx_hal_pwr_ex.o(.ARM.exidx.text.HAL_PWREx_DisableRAMsContentStopRetention), (8 bytes).
    Removing stm32wbaxx_hal_pwr_ex.o(.text.HAL_PWREx_EnableFlashFastWakeUp), (18 bytes).
    Removing stm32wbaxx_hal_pwr_ex.o(.ARM.exidx.text.HAL_PWREx_EnableFlashFastWakeUp), (8 bytes).
    Removing stm32wbaxx_hal_pwr_ex.o(.text.HAL_PWREx_DisableFlashFastWakeUp), (18 bytes).
    Removing stm32wbaxx_hal_pwr_ex.o(.ARM.exidx.text.HAL_PWREx_DisableFlashFastWakeUp), (8 bytes).
    Removing stm32wbaxx_hal_pwr_ex.o(.text.HAL_PWREx_EnableStandbyIORetention), (164 bytes).
    Removing stm32wbaxx_hal_pwr_ex.o(.ARM.exidx.text.HAL_PWREx_EnableStandbyIORetention), (8 bytes).
    Removing stm32wbaxx_hal_pwr_ex.o(.text.HAL_PWREx_DisableStandbyIORetention), (168 bytes).
    Removing stm32wbaxx_hal_pwr_ex.o(.ARM.exidx.text.HAL_PWREx_DisableStandbyIORetention), (8 bytes).
    Removing stm32wbaxx_hal_pwr_ex.o(.text.HAL_PWREx_GetStandbyIORetentionStatus), (46 bytes).
    Removing stm32wbaxx_hal_pwr_ex.o(.ARM.exidx.text.HAL_PWREx_GetStandbyIORetentionStatus), (8 bytes).
    Removing stm32wbaxx_hal_pwr_ex.o(.text.HAL_PWREx_DisableStandbyRetainedIOState), (154 bytes).
    Removing stm32wbaxx_hal_pwr_ex.o(.ARM.exidx.text.HAL_PWREx_DisableStandbyRetainedIOState), (8 bytes).
    Removing stm32wbaxx_hal_pwr_ex.o(.text.HAL_PWREx_GetRADIOOperatingMode), (24 bytes).
    Removing stm32wbaxx_hal_pwr_ex.o(.ARM.exidx.text.HAL_PWREx_GetRADIOOperatingMode), (8 bytes).
    Removing stm32wbaxx_hal_pwr_ex.o(.text.HAL_PWREx_GetRADIOPHYOperatingMode), (16 bytes).
    Removing stm32wbaxx_hal_pwr_ex.o(.ARM.exidx.text.HAL_PWREx_GetRADIOPHYOperatingMode), (8 bytes).
    Removing stm32wbaxx_hal_pwr_ex.o(.text.HAL_PWREx_GetRADIOEncryptionOperatingMode), (16 bytes).
    Removing stm32wbaxx_hal_pwr_ex.o(.ARM.exidx.text.HAL_PWREx_GetRADIOEncryptionOperatingMode), (8 bytes).
    Removing stm32wbaxx_hal_pwr_ex.o(.text.HAL_PWREx_GetRFVDDHPA), (16 bytes).
    Removing stm32wbaxx_hal_pwr_ex.o(.ARM.exidx.text.HAL_PWREx_GetRFVDDHPA), (8 bytes).
    Removing stm32wbaxx_hal_gtzc.o(.text), (0 bytes).
    Removing stm32wbaxx_hal_icache.o(.text), (0 bytes).
    Removing stm32wbaxx_hal_hsem.o(.text), (0 bytes).
    Removing stm32wbaxx_hal_uart.o(.text), (0 bytes).
    Removing stm32wbaxx_hal_uart.o(.ARM.exidx.text.HAL_UART_Init), (8 bytes).
    Removing stm32wbaxx_hal_uart.o(.text.HAL_UART_MspInit), (2 bytes).
    Removing stm32wbaxx_hal_uart.o(.ARM.exidx.text.HAL_UART_MspInit), (8 bytes).
    Removing stm32wbaxx_hal_uart.o(.ARM.exidx.text.UART_SetConfig), (8 bytes).
    Removing stm32wbaxx_hal_uart.o(.ARM.exidx.text.UART_AdvFeatureConfig), (8 bytes).
    Removing stm32wbaxx_hal_uart.o(.ARM.exidx.text.UART_CheckIdleState), (8 bytes).
    Removing stm32wbaxx_hal_uart.o(.text.HAL_HalfDuplex_Init), (112 bytes).
    Removing stm32wbaxx_hal_uart.o(.ARM.exidx.text.HAL_HalfDuplex_Init), (8 bytes).
    Removing stm32wbaxx_hal_uart.o(.text.HAL_LIN_Init), (134 bytes).
    Removing stm32wbaxx_hal_uart.o(.ARM.exidx.text.HAL_LIN_Init), (8 bytes).
    Removing stm32wbaxx_hal_uart.o(.text.HAL_MultiProcessor_Init), (136 bytes).
    Removing stm32wbaxx_hal_uart.o(.ARM.exidx.text.HAL_MultiProcessor_Init), (8 bytes).
    Removing stm32wbaxx_hal_uart.o(.text.HAL_UART_DeInit), (66 bytes).
    Removing stm32wbaxx_hal_uart.o(.ARM.exidx.text.HAL_UART_DeInit), (8 bytes).
    Removing stm32wbaxx_hal_uart.o(.text.HAL_UART_MspDeInit), (2 bytes).
    Removing stm32wbaxx_hal_uart.o(.ARM.exidx.text.HAL_UART_MspDeInit), (8 bytes).
    Removing stm32wbaxx_hal_uart.o(.ARM.exidx.text.HAL_UART_Transmit), (8 bytes).
    Removing stm32wbaxx_hal_uart.o(.ARM.exidx.text.UART_WaitOnFlagUntilTimeout), (8 bytes).
    Removing stm32wbaxx_hal_uart.o(.text.HAL_UART_Receive), (230 bytes).
    Removing stm32wbaxx_hal_uart.o(.ARM.exidx.text.HAL_UART_Receive), (8 bytes).
    Removing stm32wbaxx_hal_uart.o(.text.HAL_UART_Transmit_IT), (292 bytes).
    Removing stm32wbaxx_hal_uart.o(.ARM.exidx.text.HAL_UART_Transmit_IT), (8 bytes).
    Removing stm32wbaxx_hal_uart.o(.text.UART_TxISR_16BIT_FIFOEN), (224 bytes).
    Removing stm32wbaxx_hal_uart.o(.ARM.exidx.text.UART_TxISR_16BIT_FIFOEN), (8 bytes).
    Removing stm32wbaxx_hal_uart.o(.text.UART_TxISR_8BIT_FIFOEN), (220 bytes).
    Removing stm32wbaxx_hal_uart.o(.ARM.exidx.text.UART_TxISR_8BIT_FIFOEN), (8 bytes).
    Removing stm32wbaxx_hal_uart.o(.text.UART_TxISR_16BIT), (204 bytes).
    Removing stm32wbaxx_hal_uart.o(.ARM.exidx.text.UART_TxISR_16BIT), (8 bytes).
    Removing stm32wbaxx_hal_uart.o(.text.UART_TxISR_8BIT), (200 bytes).
    Removing stm32wbaxx_hal_uart.o(.ARM.exidx.text.UART_TxISR_8BIT), (8 bytes).
    Removing stm32wbaxx_hal_uart.o(.text.HAL_UART_Receive_IT), (166 bytes).
    Removing stm32wbaxx_hal_uart.o(.ARM.exidx.text.HAL_UART_Receive_IT), (8 bytes).
    Removing stm32wbaxx_hal_uart.o(.text.UART_Start_Receive_IT), (610 bytes).
    Removing stm32wbaxx_hal_uart.o(.ARM.exidx.text.UART_Start_Receive_IT), (8 bytes).
    Removing stm32wbaxx_hal_uart.o(.text.HAL_UART_Transmit_DMA), (266 bytes).
    Removing stm32wbaxx_hal_uart.o(.ARM.exidx.text.HAL_UART_Transmit_DMA), (8 bytes).
    Removing stm32wbaxx_hal_uart.o(.text.UART_DMATransmitCplt), (176 bytes).
    Removing stm32wbaxx_hal_uart.o(.ARM.exidx.text.UART_DMATransmitCplt), (8 bytes).
    Removing stm32wbaxx_hal_uart.o(.text.UART_DMATxHalfCplt), (6 bytes).
    Removing stm32wbaxx_hal_uart.o(.ARM.exidx.text.UART_DMATxHalfCplt), (8 bytes).
    Removing stm32wbaxx_hal_uart.o(.text.UART_DMAError), (474 bytes).
    Removing stm32wbaxx_hal_uart.o(.ARM.exidx.text.UART_DMAError), (8 bytes).
    Removing stm32wbaxx_hal_uart.o(.text.HAL_UART_Receive_DMA), (168 bytes).
    Removing stm32wbaxx_hal_uart.o(.ARM.exidx.text.HAL_UART_Receive_DMA), (8 bytes).
    Removing stm32wbaxx_hal_uart.o(.text.UART_Start_Receive_DMA), (392 bytes).
    Removing stm32wbaxx_hal_uart.o(.ARM.exidx.text.UART_Start_Receive_DMA), (8 bytes).
    Removing stm32wbaxx_hal_uart.o(.text.HAL_UART_DMAPause), (264 bytes).
    Removing stm32wbaxx_hal_uart.o(.ARM.exidx.text.HAL_UART_DMAPause), (8 bytes).
    Removing stm32wbaxx_hal_uart.o(.text.HAL_UART_DMAResume), (220 bytes).
    Removing stm32wbaxx_hal_uart.o(.ARM.exidx.text.HAL_UART_DMAResume), (8 bytes).
    Removing stm32wbaxx_hal_uart.o(.text.HAL_UART_DMAStop), (652 bytes).
    Removing stm32wbaxx_hal_uart.o(.ARM.exidx.text.HAL_UART_DMAStop), (8 bytes).
    Removing stm32wbaxx_hal_uart.o(.text.HAL_UART_Abort), (524 bytes).
    Removing stm32wbaxx_hal_uart.o(.ARM.exidx.text.HAL_UART_Abort), (8 bytes).
    Removing stm32wbaxx_hal_uart.o(.text.HAL_UART_AbortTransmit), (306 bytes).
    Removing stm32wbaxx_hal_uart.o(.ARM.exidx.text.HAL_UART_AbortTransmit), (8 bytes).
    Removing stm32wbaxx_hal_uart.o(.text.HAL_UART_AbortReceive), (386 bytes).
    Removing stm32wbaxx_hal_uart.o(.ARM.exidx.text.HAL_UART_AbortReceive), (8 bytes).
    Removing stm32wbaxx_hal_uart.o(.text.HAL_UART_Abort_IT), (564 bytes).
    Removing stm32wbaxx_hal_uart.o(.ARM.exidx.text.HAL_UART_Abort_IT), (8 bytes).
    Removing stm32wbaxx_hal_uart.o(.text.UART_DMATxAbortCallback), (72 bytes).
    Removing stm32wbaxx_hal_uart.o(.ARM.exidx.text.UART_DMATxAbortCallback), (8 bytes).
    Removing stm32wbaxx_hal_uart.o(.text.UART_DMARxAbortCallback), (62 bytes).
    Removing stm32wbaxx_hal_uart.o(.ARM.exidx.text.UART_DMARxAbortCallback), (8 bytes).
    Removing stm32wbaxx_hal_uart.o(.text.HAL_UART_AbortCpltCallback), (2 bytes).
    Removing stm32wbaxx_hal_uart.o(.ARM.exidx.text.HAL_UART_AbortCpltCallback), (8 bytes).
    Removing stm32wbaxx_hal_uart.o(.text.HAL_UART_AbortTransmit_IT), (336 bytes).
    Removing stm32wbaxx_hal_uart.o(.ARM.exidx.text.HAL_UART_AbortTransmit_IT), (8 bytes).
    Removing stm32wbaxx_hal_uart.o(.text.UART_DMATxOnlyAbortCallback), (36 bytes).
    Removing stm32wbaxx_hal_uart.o(.ARM.exidx.text.UART_DMATxOnlyAbortCallback), (8 bytes).
    Removing stm32wbaxx_hal_uart.o(.text.HAL_UART_AbortTransmitCpltCallback), (2 bytes).
    Removing stm32wbaxx_hal_uart.o(.ARM.exidx.text.HAL_UART_AbortTransmitCpltCallback), (8 bytes).
    Removing stm32wbaxx_hal_uart.o(.text.HAL_UART_AbortReceive_IT), (424 bytes).
    Removing stm32wbaxx_hal_uart.o(.ARM.exidx.text.HAL_UART_AbortReceive_IT), (8 bytes).
    Removing stm32wbaxx_hal_uart.o(.text.UART_DMARxOnlyAbortCallback), (34 bytes).
    Removing stm32wbaxx_hal_uart.o(.ARM.exidx.text.UART_DMARxOnlyAbortCallback), (8 bytes).
    Removing stm32wbaxx_hal_uart.o(.text.HAL_UART_AbortReceiveCpltCallback), (2 bytes).
    Removing stm32wbaxx_hal_uart.o(.ARM.exidx.text.HAL_UART_AbortReceiveCpltCallback), (8 bytes).
    Removing stm32wbaxx_hal_uart.o(.text.HAL_UART_IRQHandler), (1576 bytes).
    Removing stm32wbaxx_hal_uart.o(.ARM.exidx.text.HAL_UART_IRQHandler), (8 bytes).
    Removing stm32wbaxx_hal_uart.o(.text.UART_DMAAbortOnError), (16 bytes).
    Removing stm32wbaxx_hal_uart.o(.ARM.exidx.text.UART_DMAAbortOnError), (8 bytes).
    Removing stm32wbaxx_hal_uart.o(.text.HAL_UART_ErrorCallback), (2 bytes).
    Removing stm32wbaxx_hal_uart.o(.ARM.exidx.text.HAL_UART_ErrorCallback), (8 bytes).
    Removing stm32wbaxx_hal_uart.o(.text.HAL_UARTEx_RxEventCallback), (2 bytes).
    Removing stm32wbaxx_hal_uart.o(.ARM.exidx.text.HAL_UARTEx_RxEventCallback), (8 bytes).
    Removing stm32wbaxx_hal_uart.o(.text.HAL_UART_TxCpltCallback), (2 bytes).
    Removing stm32wbaxx_hal_uart.o(.ARM.exidx.text.HAL_UART_TxCpltCallback), (8 bytes).
    Removing stm32wbaxx_hal_uart.o(.text.HAL_UART_TxHalfCpltCallback), (2 bytes).
    Removing stm32wbaxx_hal_uart.o(.ARM.exidx.text.HAL_UART_TxHalfCpltCallback), (8 bytes).
    Removing stm32wbaxx_hal_uart.o(.text.HAL_UART_RxCpltCallback), (2 bytes).
    Removing stm32wbaxx_hal_uart.o(.ARM.exidx.text.HAL_UART_RxCpltCallback), (8 bytes).
    Removing stm32wbaxx_hal_uart.o(.text.HAL_UART_RxHalfCpltCallback), (2 bytes).
    Removing stm32wbaxx_hal_uart.o(.ARM.exidx.text.HAL_UART_RxHalfCpltCallback), (8 bytes).
    Removing stm32wbaxx_hal_uart.o(.text.HAL_UART_ReceiverTimeout_Config), (28 bytes).
    Removing stm32wbaxx_hal_uart.o(.ARM.exidx.text.HAL_UART_ReceiverTimeout_Config), (8 bytes).
    Removing stm32wbaxx_hal_uart.o(.text.HAL_UART_EnableReceiverTimeout), (70 bytes).
    Removing stm32wbaxx_hal_uart.o(.ARM.exidx.text.HAL_UART_EnableReceiverTimeout), (8 bytes).
    Removing stm32wbaxx_hal_uart.o(.text.HAL_UART_DisableReceiverTimeout), (70 bytes).
    Removing stm32wbaxx_hal_uart.o(.ARM.exidx.text.HAL_UART_DisableReceiverTimeout), (8 bytes).
    Removing stm32wbaxx_hal_uart.o(.text.HAL_MultiProcessor_EnableMuteMode), (108 bytes).
    Removing stm32wbaxx_hal_uart.o(.ARM.exidx.text.HAL_MultiProcessor_EnableMuteMode), (8 bytes).
    Removing stm32wbaxx_hal_uart.o(.text.HAL_MultiProcessor_DisableMuteMode), (108 bytes).
    Removing stm32wbaxx_hal_uart.o(.ARM.exidx.text.HAL_MultiProcessor_DisableMuteMode), (8 bytes).
    Removing stm32wbaxx_hal_uart.o(.text.HAL_MultiProcessor_EnterMuteMode), (12 bytes).
    Removing stm32wbaxx_hal_uart.o(.ARM.exidx.text.HAL_MultiProcessor_EnterMuteMode), (8 bytes).
    Removing stm32wbaxx_hal_uart.o(.text.HAL_HalfDuplex_EnableTransmitter), (190 bytes).
    Removing stm32wbaxx_hal_uart.o(.ARM.exidx.text.HAL_HalfDuplex_EnableTransmitter), (8 bytes).
    Removing stm32wbaxx_hal_uart.o(.text.HAL_HalfDuplex_EnableReceiver), (190 bytes).
    Removing stm32wbaxx_hal_uart.o(.ARM.exidx.text.HAL_HalfDuplex_EnableReceiver), (8 bytes).
    Removing stm32wbaxx_hal_uart.o(.text.HAL_LIN_SendBreak), (44 bytes).
    Removing stm32wbaxx_hal_uart.o(.ARM.exidx.text.HAL_LIN_SendBreak), (8 bytes).
    Removing stm32wbaxx_hal_uart.o(.text.HAL_UART_GetState), (12 bytes).
    Removing stm32wbaxx_hal_uart.o(.ARM.exidx.text.HAL_UART_GetState), (8 bytes).
    Removing stm32wbaxx_hal_uart.o(.text.HAL_UART_GetError), (6 bytes).
    Removing stm32wbaxx_hal_uart.o(.ARM.exidx.text.HAL_UART_GetError), (8 bytes).
    Removing stm32wbaxx_hal_uart.o(.text.UART_RxISR_16BIT_FIFOEN), (790 bytes).
    Removing stm32wbaxx_hal_uart.o(.ARM.exidx.text.UART_RxISR_16BIT_FIFOEN), (8 bytes).
    Removing stm32wbaxx_hal_uart.o(.text.UART_RxISR_8BIT_FIFOEN), (794 bytes).
    Removing stm32wbaxx_hal_uart.o(.ARM.exidx.text.UART_RxISR_8BIT_FIFOEN), (8 bytes).
    Removing stm32wbaxx_hal_uart.o(.text.UART_RxISR_16BIT), (426 bytes).
    Removing stm32wbaxx_hal_uart.o(.ARM.exidx.text.UART_RxISR_16BIT), (8 bytes).
    Removing stm32wbaxx_hal_uart.o(.text.UART_RxISR_8BIT), (430 bytes).
    Removing stm32wbaxx_hal_uart.o(.ARM.exidx.text.UART_RxISR_8BIT), (8 bytes).
    Removing stm32wbaxx_hal_uart.o(.text.UART_DMAReceiveCplt), (352 bytes).
    Removing stm32wbaxx_hal_uart.o(.ARM.exidx.text.UART_DMAReceiveCplt), (8 bytes).
    Removing stm32wbaxx_hal_uart.o(.text.UART_DMARxHalfCplt), (26 bytes).
    Removing stm32wbaxx_hal_uart.o(.ARM.exidx.text.UART_DMARxHalfCplt), (8 bytes).
    Removing stm32wbaxx_hal_uart_ex.o(.text), (0 bytes).
    Removing stm32wbaxx_hal_uart_ex.o(.text.HAL_RS485Ex_Init), (132 bytes).
    Removing stm32wbaxx_hal_uart_ex.o(.ARM.exidx.text.HAL_RS485Ex_Init), (8 bytes).
    Removing stm32wbaxx_hal_uart_ex.o(.text.HAL_UARTEx_RxFifoFullCallback), (2 bytes).
    Removing stm32wbaxx_hal_uart_ex.o(.ARM.exidx.text.HAL_UARTEx_RxFifoFullCallback), (8 bytes).
    Removing stm32wbaxx_hal_uart_ex.o(.text.HAL_UARTEx_TxFifoEmptyCallback), (2 bytes).
    Removing stm32wbaxx_hal_uart_ex.o(.ARM.exidx.text.HAL_UARTEx_TxFifoEmptyCallback), (8 bytes).
    Removing stm32wbaxx_hal_uart_ex.o(.text.HAL_MultiProcessorEx_AddressLength_Set), (46 bytes).
    Removing stm32wbaxx_hal_uart_ex.o(.ARM.exidx.text.HAL_MultiProcessorEx_AddressLength_Set), (8 bytes).
    Removing stm32wbaxx_hal_uart_ex.o(.text.HAL_UARTEx_StopModeWakeUpSourceConfig), (128 bytes).
    Removing stm32wbaxx_hal_uart_ex.o(.ARM.exidx.text.HAL_UARTEx_StopModeWakeUpSourceConfig), (8 bytes).
    Removing stm32wbaxx_hal_uart_ex.o(.text.HAL_UARTEx_EnableStopMode), (104 bytes).
    Removing stm32wbaxx_hal_uart_ex.o(.ARM.exidx.text.HAL_UARTEx_EnableStopMode), (8 bytes).
    Removing stm32wbaxx_hal_uart_ex.o(.text.HAL_UARTEx_DisableStopMode), (104 bytes).
    Removing stm32wbaxx_hal_uart_ex.o(.ARM.exidx.text.HAL_UARTEx_DisableStopMode), (8 bytes).
    Removing stm32wbaxx_hal_uart_ex.o(.text.HAL_UARTEx_EnableFifoMode), (122 bytes).
    Removing stm32wbaxx_hal_uart_ex.o(.ARM.exidx.text.HAL_UARTEx_EnableFifoMode), (8 bytes).
    Removing stm32wbaxx_hal_uart_ex.o(.ARM.exidx.text.HAL_UARTEx_DisableFifoMode), (8 bytes).
    Removing stm32wbaxx_hal_uart_ex.o(.ARM.exidx.text.HAL_UARTEx_SetTxFifoThreshold), (8 bytes).
    Removing stm32wbaxx_hal_uart_ex.o(.ARM.exidx.text.HAL_UARTEx_SetRxFifoThreshold), (8 bytes).
    Removing stm32wbaxx_hal_uart_ex.o(.text.HAL_UARTEx_ReceiveToIdle), (440 bytes).
    Removing stm32wbaxx_hal_uart_ex.o(.ARM.exidx.text.HAL_UARTEx_ReceiveToIdle), (8 bytes).
    Removing stm32wbaxx_hal_uart_ex.o(.text.HAL_UARTEx_ReceiveToIdle_IT), (144 bytes).
    Removing stm32wbaxx_hal_uart_ex.o(.ARM.exidx.text.HAL_UARTEx_ReceiveToIdle_IT), (8 bytes).
    Removing stm32wbaxx_hal_uart_ex.o(.text.HAL_UARTEx_ReceiveToIdle_DMA), (152 bytes).
    Removing stm32wbaxx_hal_uart_ex.o(.ARM.exidx.text.HAL_UARTEx_ReceiveToIdle_DMA), (8 bytes).
    Removing stm32wbaxx_hal_uart_ex.o(.text.HAL_UARTEx_GetRxEventType), (4 bytes).
    Removing stm32wbaxx_hal_uart_ex.o(.ARM.exidx.text.HAL_UARTEx_GetRxEventType), (8 bytes).
    Removing stm32wbaxx_hal_uart_ex.o(.text.HAL_UARTEx_SetConfigAutonomousMode), (98 bytes).
    Removing stm32wbaxx_hal_uart_ex.o(.ARM.exidx.text.HAL_UARTEx_SetConfigAutonomousMode), (8 bytes).
    Removing stm32wbaxx_hal_uart_ex.o(.text.HAL_UARTEx_GetConfigAutonomousMode), (38 bytes).
    Removing stm32wbaxx_hal_uart_ex.o(.ARM.exidx.text.HAL_UARTEx_GetConfigAutonomousMode), (8 bytes).
    Removing stm32wbaxx_hal_uart_ex.o(.text.HAL_UARTEx_ClearConfigAutonomousMode), (62 bytes).
    Removing stm32wbaxx_hal_uart_ex.o(.ARM.exidx.text.HAL_UARTEx_ClearConfigAutonomousMode), (8 bytes).
    Removing system_stm32wbaxx.o(.text), (0 bytes).
    Removing system_stm32wbaxx.o(.ARM.exidx.text.SystemInit), (8 bytes).
    Removing system_stm32wbaxx.o(.ARM.exidx.text.SystemCoreClockUpdate), (8 bytes).
    Removing system_stm32wbaxx.o(.rodata.AHB5PrescTable), (8 bytes).

664 unused section(s) (total 38072 bytes) removed from the image.

==============================================================================

Image Symbol Table

    Local Symbols

    Symbol Name                              Value     Ov Type        Size  Object(Section)

    ../clib/angel/boardlib.s                 0x00000000   Number         0  boardinit1.o ABSOLUTE
    ../clib/angel/boardlib.s                 0x00000000   Number         0  boardinit2.o ABSOLUTE
    ../clib/angel/boardlib.s                 0x00000000   Number         0  boardinit3.o ABSOLUTE
    ../clib/angel/boardlib.s                 0x00000000   Number         0  boardshut.o ABSOLUTE
    ../clib/angel/handlers.s                 0x00000000   Number         0  __scatter_copy.o ABSOLUTE
    ../clib/angel/handlers.s                 0x00000000   Number         0  __scatter_zi.o ABSOLUTE
    ../clib/angel/kernel.s                   0x00000000   Number         0  __rtentry.o ABSOLUTE
    ../clib/angel/kernel.s                   0x00000000   Number         0  __rtentry2.o ABSOLUTE
    ../clib/angel/kernel.s                   0x00000000   Number         0  __rtentry4.o ABSOLUTE
    ../clib/angel/kernel.s                   0x00000000   Number         0  rtexit.o ABSOLUTE
    ../clib/angel/kernel.s                   0x00000000   Number         0  rtexit2.o ABSOLUTE
    ../clib/angel/rt.s                       0x00000000   Number         0  aeabi_ldiv0.o ABSOLUTE
    ../clib/angel/rt.s                       0x00000000   Number         0  aeabi_ldiv0_sigfpe.o ABSOLUTE
    ../clib/angel/rt.s                       0x00000000   Number         0  rt_div0.o ABSOLUTE
    ../clib/angel/rt.s                       0x00000000   Number         0  rt_raise.o ABSOLUTE
    ../clib/angel/scatter.s                  0x00000000   Number         0  __scatter.o ABSOLUTE
    ../clib/angel/startup.s                  0x00000000   Number         0  __main.o ABSOLUTE
    ../clib/angel/sys.s                      0x00000000   Number         0  sys_stackheap_outer.o ABSOLUTE
    ../clib/angel/sys.s                      0x00000000   Number         0  libspace.o ABSOLUTE
    ../clib/angel/sys.s                      0x00000000   Number         0  use_no_semi.o ABSOLUTE
    ../clib/angel/sys.s                      0x00000000   Number         0  indicate_semi.o ABSOLUTE
    ../clib/angel/sysapp.c                   0x00000000   Number         0  sys_exit.o ABSOLUTE
    ../clib/angel/sysapp.c                   0x00000000   Number         0  sys_exit_hlt.o ABSOLUTE
    ../clib/angel/sysapp.c                   0x00000000   Number         0  sys_wrch.o ABSOLUTE
    ../clib/angel/sysapp.c                   0x00000000   Number         0  sys_wrch_hlt.o ABSOLUTE
    ../clib/angel/sysapp.c                   0x00000000   Number         0  sys_command.o ABSOLUTE
    ../clib/angel/sysapp.c                   0x00000000   Number         0  sys_command_hlt.o ABSOLUTE
    ../clib/armsys.c                         0x00000000   Number         0  argv_veneer.o ABSOLUTE
    ../clib/armsys.c                         0x00000000   Number         0  argv_veneer.o ABSOLUTE
    ../clib/armsys.c                         0x00000000   Number         0  _get_argv_nomalloc.o ABSOLUTE
    ../clib/armsys.c                         0x00000000   Number         0  no_argv.o ABSOLUTE
    ../clib/heapalloc.c                      0x00000000   Number         0  hrguard.o ABSOLUTE
    ../clib/heapaux.c                        0x00000000   Number         0  heapauxi.o ABSOLUTE
    ../clib/libinit.s                        0x00000000   Number         0  libinit.o ABSOLUTE
    ../clib/libinit.s                        0x00000000   Number         0  libinit2.o ABSOLUTE
    ../clib/libinit.s                        0x00000000   Number         0  libshutdown.o ABSOLUTE
    ../clib/libinit.s                        0x00000000   Number         0  libshutdown2.o ABSOLUTE
    ../clib/longlong.s                       0x00000000   Number         0  lludivv7m.o ABSOLUTE
    ../clib/memcpset.s                       0x00000000   Number         0  rt_memmove_w.o ABSOLUTE
    ../clib/memcpset.s                       0x00000000   Number         0  rt_memclr_w.o ABSOLUTE
    ../clib/memcpset.s                       0x00000000   Number         0  rt_memcpy_w.o ABSOLUTE
    ../clib/signal.c                         0x00000000   Number         0  defsig_fpe_outer.o ABSOLUTE
    ../clib/signal.c                         0x00000000   Number         0  defsig_fpe_formal.o ABSOLUTE
    ../clib/signal.c                         0x00000000   Number         0  defsig_exit.o ABSOLUTE
    ../clib/signal.c                         0x00000000   Number         0  defsig_fpe_inner.o ABSOLUTE
    ../clib/signal.c                         0x00000000   Number         0  __raise.o ABSOLUTE
    ../clib/signal.c                         0x00000000   Number         0  defsig_general.o ABSOLUTE
    ../clib/signal.c                         0x00000000   Number         0  defsig_abrt_inner.o ABSOLUTE
    ../clib/signal.c                         0x00000000   Number         0  defsig_rtred_inner.o ABSOLUTE
    ../clib/signal.c                         0x00000000   Number         0  defsig_rtmem_inner.o ABSOLUTE
    ../clib/signal.c                         0x00000000   Number         0  defsig_rtmem_outer.o ABSOLUTE
    ../clib/signal.c                         0x00000000   Number         0  defsig_rtmem_formal.o ABSOLUTE
    ../clib/signal.c                         0x00000000   Number         0  defsig_stak_inner.o ABSOLUTE
    ../clib/signal.c                         0x00000000   Number         0  defsig_pvfn_inner.o ABSOLUTE
    ../clib/signal.c                         0x00000000   Number         0  defsig_cppl_inner.o ABSOLUTE
    ../clib/signal.c                         0x00000000   Number         0  defsig_segv_inner.o ABSOLUTE
    ../clib/signal.c                         0x00000000   Number         0  defsig_other.o ABSOLUTE
    ../clib/signal.s                         0x00000000   Number         0  defsig.o ABSOLUTE
    ../clib/stdlib.c                         0x00000000   Number         0  exit.o ABSOLUTE
    ../fplib/fpinit.s                        0x00000000   Number         0  fpinit.o ABSOLUTE
    dc.s                                     0x00000000   Number         0  dc.o ABSOLUTE
    gpio.c                                   0x00000000   Number         0  gpio.o ABSOLUTE
    main.c                                   0x00000000   Number         0  main.o ABSOLUTE
    startup_stm32wba52xx.s                   0x00000000   Number         0  startup_stm32wba52xx.o ABSOLUTE
    stm32wbaxx_hal.c                         0x00000000   Number         0  stm32wbaxx_hal.o ABSOLUTE
    stm32wbaxx_hal_cortex.c                  0x00000000   Number         0  stm32wbaxx_hal_cortex.o ABSOLUTE
    stm32wbaxx_hal_dma.c                     0x00000000   Number         0  stm32wbaxx_hal_dma.o ABSOLUTE
    stm32wbaxx_hal_dma_ex.c                  0x00000000   Number         0  stm32wbaxx_hal_dma_ex.o ABSOLUTE
    stm32wbaxx_hal_exti.c                    0x00000000   Number         0  stm32wbaxx_hal_exti.o ABSOLUTE
    stm32wbaxx_hal_flash.c                   0x00000000   Number         0  stm32wbaxx_hal_flash.o ABSOLUTE
    stm32wbaxx_hal_flash_ex.c                0x00000000   Number         0  stm32wbaxx_hal_flash_ex.o ABSOLUTE
    stm32wbaxx_hal_gpio.c                    0x00000000   Number         0  stm32wbaxx_hal_gpio.o ABSOLUTE
    stm32wbaxx_hal_gtzc.c                    0x00000000   Number         0  stm32wbaxx_hal_gtzc.o ABSOLUTE
    stm32wbaxx_hal_hsem.c                    0x00000000   Number         0  stm32wbaxx_hal_hsem.o ABSOLUTE
    stm32wbaxx_hal_i2c.c                     0x00000000   Number         0  stm32wbaxx_hal_i2c.o ABSOLUTE
    stm32wbaxx_hal_i2c_ex.c                  0x00000000   Number         0  stm32wbaxx_hal_i2c_ex.o ABSOLUTE
    stm32wbaxx_hal_icache.c                  0x00000000   Number         0  stm32wbaxx_hal_icache.o ABSOLUTE
    stm32wbaxx_hal_msp.c                     0x00000000   Number         0  stm32wbaxx_hal_msp.o ABSOLUTE
    stm32wbaxx_hal_pwr.c                     0x00000000   Number         0  stm32wbaxx_hal_pwr.o ABSOLUTE
    stm32wbaxx_hal_pwr_ex.c                  0x00000000   Number         0  stm32wbaxx_hal_pwr_ex.o ABSOLUTE
    stm32wbaxx_hal_rcc.c                     0x00000000   Number         0  stm32wbaxx_hal_rcc.o ABSOLUTE
    stm32wbaxx_hal_rcc_ex.c                  0x00000000   Number         0  stm32wbaxx_hal_rcc_ex.o ABSOLUTE
    stm32wbaxx_hal_uart.c                    0x00000000   Number         0  stm32wbaxx_hal_uart.o ABSOLUTE
    stm32wbaxx_hal_uart_ex.c                 0x00000000   Number         0  stm32wbaxx_hal_uart_ex.o ABSOLUTE
    stm32wbaxx_it.c                          0x00000000   Number         0  stm32wbaxx_it.o ABSOLUTE
    system_stm32wbaxx.c                      0x00000000   Number         0  system_stm32wbaxx.o ABSOLUTE
    usart.c                                  0x00000000   Number         0  usart.o ABSOLUTE
    RESET                                    0x08000000   Section      344  startup_stm32wba52xx.o(RESET)
    !!!main                                  0x08000158   Section        8  __main.o(!!!main)
    !!!scatter                               0x08000160   Section       52  __scatter.o(!!!scatter)
    !!handler_copy                           0x08000194   Section       26  __scatter_copy.o(!!handler_copy)
    !!handler_zi                             0x080001b0   Section       28  __scatter_zi.o(!!handler_zi)
    .ARM.Collect$$libinit$$00000000          0x080001cc   Section        2  libinit.o(.ARM.Collect$$libinit$$00000000)
    .ARM.Collect$$libinit$$00000001          0x080001ce   Section        4  libinit2.o(.ARM.Collect$$libinit$$00000001)
    .ARM.Collect$$libinit$$00000004          0x080001d2   Section        0  libinit2.o(.ARM.Collect$$libinit$$00000004)
    .ARM.Collect$$libinit$$00000006          0x080001d2   Section        0  libinit2.o(.ARM.Collect$$libinit$$00000006)
    .ARM.Collect$$libinit$$0000000C          0x080001d2   Section        0  libinit2.o(.ARM.Collect$$libinit$$0000000C)
    .ARM.Collect$$libinit$$0000000E          0x080001d2   Section        0  libinit2.o(.ARM.Collect$$libinit$$0000000E)
    .ARM.Collect$$libinit$$00000010          0x080001d2   Section        0  libinit2.o(.ARM.Collect$$libinit$$00000010)
    .ARM.Collect$$libinit$$00000013          0x080001d2   Section        0  libinit2.o(.ARM.Collect$$libinit$$00000013)
    .ARM.Collect$$libinit$$00000015          0x080001d2   Section        0  libinit2.o(.ARM.Collect$$libinit$$00000015)
    .ARM.Collect$$libinit$$00000017          0x080001d2   Section        0  libinit2.o(.ARM.Collect$$libinit$$00000017)
    .ARM.Collect$$libinit$$00000019          0x080001d2   Section        0  libinit2.o(.ARM.Collect$$libinit$$00000019)
    .ARM.Collect$$libinit$$0000001B          0x080001d2   Section        0  libinit2.o(.ARM.Collect$$libinit$$0000001B)
    .ARM.Collect$$libinit$$0000001D          0x080001d2   Section        0  libinit2.o(.ARM.Collect$$libinit$$0000001D)
    .ARM.Collect$$libinit$$0000001F          0x080001d2   Section        0  libinit2.o(.ARM.Collect$$libinit$$0000001F)
    .ARM.Collect$$libinit$$00000021          0x080001d2   Section        0  libinit2.o(.ARM.Collect$$libinit$$00000021)
    .ARM.Collect$$libinit$$00000023          0x080001d2   Section        0  libinit2.o(.ARM.Collect$$libinit$$00000023)
    .ARM.Collect$$libinit$$00000025          0x080001d2   Section        0  libinit2.o(.ARM.Collect$$libinit$$00000025)
    .ARM.Collect$$libinit$$00000027          0x080001d2   Section        0  libinit2.o(.ARM.Collect$$libinit$$00000027)
    .ARM.Collect$$libinit$$0000002E          0x080001d2   Section        0  libinit2.o(.ARM.Collect$$libinit$$0000002E)
    .ARM.Collect$$libinit$$00000030          0x080001d2   Section        0  libinit2.o(.ARM.Collect$$libinit$$00000030)
    .ARM.Collect$$libinit$$00000032          0x080001d2   Section        0  libinit2.o(.ARM.Collect$$libinit$$00000032)
    .ARM.Collect$$libinit$$00000034          0x080001d2   Section        0  libinit2.o(.ARM.Collect$$libinit$$00000034)
    .ARM.Collect$$libinit$$00000035          0x080001d2   Section        2  libinit2.o(.ARM.Collect$$libinit$$00000035)
    .ARM.Collect$$libshutdown$$00000000      0x080001d4   Section        2  libshutdown.o(.ARM.Collect$$libshutdown$$00000000)
    .ARM.Collect$$libshutdown$$00000002      0x080001d6   Section        0  libshutdown2.o(.ARM.Collect$$libshutdown$$00000002)
    .ARM.Collect$$libshutdown$$00000004      0x080001d6   Section        0  libshutdown2.o(.ARM.Collect$$libshutdown$$00000004)
    .ARM.Collect$$libshutdown$$00000007      0x080001d6   Section        0  libshutdown2.o(.ARM.Collect$$libshutdown$$00000007)
    .ARM.Collect$$libshutdown$$0000000A      0x080001d6   Section        0  libshutdown2.o(.ARM.Collect$$libshutdown$$0000000A)
    .ARM.Collect$$libshutdown$$0000000C      0x080001d6   Section        0  libshutdown2.o(.ARM.Collect$$libshutdown$$0000000C)
    .ARM.Collect$$libshutdown$$0000000F      0x080001d6   Section        0  libshutdown2.o(.ARM.Collect$$libshutdown$$0000000F)
    .ARM.Collect$$libshutdown$$00000010      0x080001d6   Section        2  libshutdown2.o(.ARM.Collect$$libshutdown$$00000010)
    .ARM.Collect$$rtentry$$00000000          0x080001d8   Section        0  __rtentry.o(.ARM.Collect$$rtentry$$00000000)
    .ARM.Collect$$rtentry$$00000002          0x080001d8   Section        0  __rtentry2.o(.ARM.Collect$$rtentry$$00000002)
    .ARM.Collect$$rtentry$$00000004          0x080001d8   Section        6  __rtentry4.o(.ARM.Collect$$rtentry$$00000004)
    .ARM.Collect$$rtentry$$00000009          0x080001de   Section        0  __rtentry2.o(.ARM.Collect$$rtentry$$00000009)
    .ARM.Collect$$rtentry$$0000000A          0x080001de   Section        4  __rtentry2.o(.ARM.Collect$$rtentry$$0000000A)
    .ARM.Collect$$rtentry$$0000000C          0x080001e2   Section        0  __rtentry2.o(.ARM.Collect$$rtentry$$0000000C)
    .ARM.Collect$$rtentry$$0000000D          0x080001e2   Section        8  __rtentry2.o(.ARM.Collect$$rtentry$$0000000D)
    .ARM.Collect$$rtexit$$00000000           0x080001ea   Section        2  rtexit.o(.ARM.Collect$$rtexit$$00000000)
    .ARM.Collect$$rtexit$$00000002           0x080001ec   Section        0  rtexit2.o(.ARM.Collect$$rtexit$$00000002)
    .ARM.Collect$$rtexit$$00000003           0x080001ec   Section        4  rtexit2.o(.ARM.Collect$$rtexit$$00000003)
    .ARM.Collect$$rtexit$$00000004           0x080001f0   Section        6  rtexit2.o(.ARM.Collect$$rtexit$$00000004)
    $v0                                      0x080001f8   Number         0  startup_stm32wba52xx.o(.text)
    .text                                    0x080001f8   Section       68  startup_stm32wba52xx.o(.text)
    .text                                    0x0800023c   Section      240  lludivv7m.o(.text)
    .text                                    0x0800032c   Section       78  rt_memclr_w.o(.text)
    .text                                    0x0800037a   Section        0  heapauxi.o(.text)
    .text                                    0x08000380   Section       74  sys_stackheap_outer.o(.text)
    .text                                    0x080003ca   Section        0  exit.o(.text)
    .text                                    0x080003dc   Section        8  libspace.o(.text)
    .text                                    0x080003e4   Section        0  sys_exit.o(.text)
    .text                                    0x080003f0   Section        2  use_no_semi.o(.text)
    .text                                    0x080003f2   Section        0  indicate_semi.o(.text)
    [Anonymous Symbol]                       0x080003f4   Section        0  stm32wbaxx_it.o(.text.BusFault_Handler)
    [Anonymous Symbol]                       0x080003f8   Section        0  stm32wbaxx_it.o(.text.DebugMon_Handler)
    [Anonymous Symbol]                       0x080003fc   Section        0  main.o(.text.Error_Handler)
    [Anonymous Symbol]                       0x08000408   Section        0  stm32wbaxx_hal.o(.text.HAL_Delay)
    [Anonymous Symbol]                       0x08000430   Section        0  stm32wbaxx_hal_gpio.o(.text.HAL_GPIO_Init)
    [Anonymous Symbol]                       0x080005c8   Section        0  stm32wbaxx_hal_gpio.o(.text.HAL_GPIO_WritePin)
    [Anonymous Symbol]                       0x080005d4   Section        0  stm32wbaxx_hal.o(.text.HAL_GetTick)
    [Anonymous Symbol]                       0x080005e0   Section        0  stm32wbaxx_hal.o(.text.HAL_IncTick)
    [Anonymous Symbol]                       0x080005fc   Section        0  stm32wbaxx_hal.o(.text.HAL_Init)
    [Anonymous Symbol]                       0x08000630   Section        0  stm32wbaxx_hal.o(.text.HAL_InitTick)
    [Anonymous Symbol]                       0x08000680   Section        0  stm32wbaxx_hal_msp.o(.text.HAL_MspInit)
    [Anonymous Symbol]                       0x080006a0   Section        0  stm32wbaxx_hal_cortex.o(.text.HAL_NVIC_SetPriority)
    [Anonymous Symbol]                       0x080006f8   Section        0  stm32wbaxx_hal_cortex.o(.text.HAL_NVIC_SetPriorityGrouping)
    [Anonymous Symbol]                       0x08000718   Section        0  stm32wbaxx_hal_pwr_ex.o(.text.HAL_PWREx_ControlVoltageScaling)
    [Anonymous Symbol]                       0x080007d8   Section        0  stm32wbaxx_hal_rcc_ex.o(.text.HAL_RCCEx_PeriphCLKConfig)
    [Anonymous Symbol]                       0x08000a50   Section        0  stm32wbaxx_hal_rcc.o(.text.HAL_RCC_ClockConfig)
    [Anonymous Symbol]                       0x08000d20   Section        0  stm32wbaxx_hal_rcc.o(.text.HAL_RCC_GetPCLK1Freq)
    [Anonymous Symbol]                       0x08000e30   Section        0  stm32wbaxx_hal_rcc.o(.text.HAL_RCC_GetPCLK2Freq)
    [Anonymous Symbol]                       0x08000f40   Section        0  stm32wbaxx_hal_rcc.o(.text.HAL_RCC_GetPCLK7Freq)
    [Anonymous Symbol]                       0x08001050   Section        0  stm32wbaxx_hal_rcc.o(.text.HAL_RCC_GetSysClockFreq)
    [Anonymous Symbol]                       0x0800112c   Section        0  stm32wbaxx_hal_rcc.o(.text.HAL_RCC_OscConfig)
    [Anonymous Symbol]                       0x08001718   Section        0  stm32wbaxx_hal_cortex.o(.text.HAL_SYSTICK_Config)
    [Anonymous Symbol]                       0x08001744   Section        0  stm32wbaxx_hal_uart_ex.o(.text.HAL_UARTEx_DisableFifoMode)
    [Anonymous Symbol]                       0x0800177c   Section        0  stm32wbaxx_hal_uart_ex.o(.text.HAL_UARTEx_SetRxFifoThreshold)
    [Anonymous Symbol]                       0x08001808   Section        0  stm32wbaxx_hal_uart_ex.o(.text.HAL_UARTEx_SetTxFifoThreshold)
    [Anonymous Symbol]                       0x08001894   Section        0  stm32wbaxx_hal_uart.o(.text.HAL_UART_Init)
    [Anonymous Symbol]                       0x080018fc   Section        0  usart.o(.text.HAL_UART_MspInit)
    [Anonymous Symbol]                       0x080019c0   Section        0  stm32wbaxx_hal_uart.o(.text.HAL_UART_Transmit)
    [Anonymous Symbol]                       0x08001a98   Section        0  stm32wbaxx_it.o(.text.HardFault_Handler)
    [Anonymous Symbol]                       0x08001a9c   Section        0  gpio.o(.text.MX_GPIO_Init)
    [Anonymous Symbol]                       0x08001b3c   Section        0  usart.o(.text.MX_USART1_UART_Init)
    [Anonymous Symbol]                       0x08001bc0   Section        0  stm32wbaxx_it.o(.text.MemManage_Handler)
    [Anonymous Symbol]                       0x08001bc4   Section        0  stm32wbaxx_it.o(.text.NMI_Handler)
    [Anonymous Symbol]                       0x08001bc8   Section        0  stm32wbaxx_it.o(.text.PendSV_Handler)
    [Anonymous Symbol]                       0x08001bcc   Section        0  stm32wbaxx_it.o(.text.SVC_Handler)
    [Anonymous Symbol]                       0x08001bd0   Section        0  stm32wbaxx_it.o(.text.SysTick_Handler)
    [Anonymous Symbol]                       0x08001bd4   Section        0  system_stm32wbaxx.o(.text.SystemCoreClockUpdate)
    [Anonymous Symbol]                       0x08001ce0   Section        0  system_stm32wbaxx.o(.text.SystemInit)
    [Anonymous Symbol]                       0x08001dd8   Section        0  stm32wbaxx_hal_uart.o(.text.UART_AdvFeatureConfig)
    [Anonymous Symbol]                       0x08001ec0   Section        0  stm32wbaxx_hal_uart.o(.text.UART_CheckIdleState)
    [Anonymous Symbol]                       0x08002030   Section        0  stm32wbaxx_hal_uart.o(.text.UART_SetConfig)
    [Anonymous Symbol]                       0x080022dc   Section        0  stm32wbaxx_hal_uart.o(.text.UART_WaitOnFlagUntilTimeout)
    [Anonymous Symbol]                       0x080025bc   Section        0  stm32wbaxx_it.o(.text.UsageFault_Handler)
    [Anonymous Symbol]                       0x080025c0   Section        0  main.o(.text.main)
    $v0                                      0x08002694   Number         0  fpinit.o(x$fpl$fpinit)
    x$fpl$fpinit                             0x08002694   Section       26  fpinit.o(x$fpl$fpinit)
    UARTEx_SetNbDataToProcess.numerator      0x080026d6   Data           8  stm32wbaxx_hal_uart_ex.o(.rodata.cst8)
    [Anonymous Symbol]                       0x080026d6   Section        0  stm32wbaxx_hal_uart_ex.o(.rodata.cst8)
    UARTEx_SetNbDataToProcess.denominator    0x080026de   Data           8  stm32wbaxx_hal_uart_ex.o(.rodata.cst8)
    .L_MergedGlobals                         0x20000000   Data           8  stm32wbaxx_hal.o(.data..L_MergedGlobals)
    [Anonymous Symbol]                       0x20000000   Section        0  stm32wbaxx_hal.o(.data..L_MergedGlobals)
    .bss                                     0x20000010   Section       96  libspace.o(.bss)
    Heap_Mem                                 0x20000108   Data         512  startup_stm32wba52xx.o(HEAP)
    HEAP                                     0x20000108   Section      512  startup_stm32wba52xx.o(HEAP)
    Stack_Mem                                0x20000308   Data        1024  startup_stm32wba52xx.o(STACK)
    STACK                                    0x20000308   Section     1024  startup_stm32wba52xx.o(STACK)
    __initial_sp                             0x20000708   Data           0  startup_stm32wba52xx.o(STACK)

    Global Symbols

    Symbol Name                              Value     Ov Type        Size  Object(Section)

    BuildAttributes$$THM_ISAv4$P$D$K$B$S$8M$VFPi5$EXTD16$VFPS$VFMA$PE$A:L22UL41UL21$X:L11$S22US41US21$IEEE1$IW$~IW$USESV6$~STKCKD$USESV7$~SHL$OTIME$ROPI$EBA8$UX$STANDARDLIB$REQ8$PRES8$EABIv2 0x00000000   Number         0  anon$$obj.o ABSOLUTE
    __ARM_exceptions_init                     - Undefined Weak Reference
    __alloca_initialize                       - Undefined Weak Reference
    __arm_preinit_                            - Undefined Weak Reference
    __arm_relocate_pie_                       - Undefined Weak Reference
    __cpp_initialize__aeabi_                  - Undefined Weak Reference
    __cxa_finalize                            - Undefined Weak Reference
    __rt_locale                               - Undefined Weak Reference
    __sigvec_lookup                           - Undefined Weak Reference
    _atexit_init                              - Undefined Weak Reference
    _call_atexit_fns                          - Undefined Weak Reference
    _clock_init                               - Undefined Weak Reference
    _fp_trap_init                             - Undefined Weak Reference
    _fp_trap_shutdown                         - Undefined Weak Reference
    _get_lc_collate                           - Undefined Weak Reference
    _get_lc_ctype                             - Undefined Weak Reference
    _get_lc_monetary                          - Undefined Weak Reference
    _get_lc_numeric                           - Undefined Weak Reference
    _get_lc_time                              - Undefined Weak Reference
    _getenv_init                              - Undefined Weak Reference
    _handle_redirection                       - Undefined Weak Reference
    _init_alloc                               - Undefined Weak Reference
    _init_user_alloc                          - Undefined Weak Reference
    _initio                                   - Undefined Weak Reference
    _rand_init                                - Undefined Weak Reference
    _signal_finish                            - Undefined Weak Reference
    _signal_init                              - Undefined Weak Reference
    _terminate_alloc                          - Undefined Weak Reference
    _terminate_user_alloc                     - Undefined Weak Reference
    _terminateio                              - Undefined Weak Reference
    __Vectors_Size                           0x00000158   Number         0  startup_stm32wba52xx.o ABSOLUTE
    __Vectors                                0x08000000   Data           4  startup_stm32wba52xx.o(RESET)
    __Vectors_End                            0x08000158   Data           0  startup_stm32wba52xx.o(RESET)
    __main                                   0x08000159   Thumb Code     8  __main.o(!!!main)
    __scatterload                            0x08000161   Thumb Code     0  __scatter.o(!!!scatter)
    __scatterload_rt2                        0x08000161   Thumb Code    44  __scatter.o(!!!scatter)
    __scatterload_rt2_thumb_only             0x08000161   Thumb Code     0  __scatter.o(!!!scatter)
    __scatterload_null                       0x0800016f   Thumb Code     0  __scatter.o(!!!scatter)
    __scatterload_copy                       0x08000195   Thumb Code    26  __scatter_copy.o(!!handler_copy)
    __scatterload_zeroinit                   0x080001b1   Thumb Code    28  __scatter_zi.o(!!handler_zi)
    __rt_lib_init                            0x080001cd   Thumb Code     0  libinit.o(.ARM.Collect$$libinit$$00000000)
    __rt_lib_init_fp_1                       0x080001cf   Thumb Code     0  libinit2.o(.ARM.Collect$$libinit$$00000001)
    __rt_lib_init_alloca_1                   0x080001d3   Thumb Code     0  libinit2.o(.ARM.Collect$$libinit$$00000030)
    __rt_lib_init_argv_1                     0x080001d3   Thumb Code     0  libinit2.o(.ARM.Collect$$libinit$$0000002E)
    __rt_lib_init_atexit_1                   0x080001d3   Thumb Code     0  libinit2.o(.ARM.Collect$$libinit$$0000001D)
    __rt_lib_init_clock_1                    0x080001d3   Thumb Code     0  libinit2.o(.ARM.Collect$$libinit$$00000023)
    __rt_lib_init_cpp_1                      0x080001d3   Thumb Code     0  libinit2.o(.ARM.Collect$$libinit$$00000034)
    __rt_lib_init_exceptions_1               0x080001d3   Thumb Code     0  libinit2.o(.ARM.Collect$$libinit$$00000032)
    __rt_lib_init_fp_trap_1                  0x080001d3   Thumb Code     0  libinit2.o(.ARM.Collect$$libinit$$00000021)
    __rt_lib_init_getenv_1                   0x080001d3   Thumb Code     0  libinit2.o(.ARM.Collect$$libinit$$00000025)
    __rt_lib_init_heap_1                     0x080001d3   Thumb Code     0  libinit2.o(.ARM.Collect$$libinit$$0000000C)
    __rt_lib_init_lc_collate_1               0x080001d3   Thumb Code     0  libinit2.o(.ARM.Collect$$libinit$$00000013)
    __rt_lib_init_lc_ctype_1                 0x080001d3   Thumb Code     0  libinit2.o(.ARM.Collect$$libinit$$00000015)
    __rt_lib_init_lc_monetary_1              0x080001d3   Thumb Code     0  libinit2.o(.ARM.Collect$$libinit$$00000017)
    __rt_lib_init_lc_numeric_1               0x080001d3   Thumb Code     0  libinit2.o(.ARM.Collect$$libinit$$00000019)
    __rt_lib_init_lc_time_1                  0x080001d3   Thumb Code     0  libinit2.o(.ARM.Collect$$libinit$$0000001B)
    __rt_lib_init_preinit_1                  0x080001d3   Thumb Code     0  libinit2.o(.ARM.Collect$$libinit$$00000006)
    __rt_lib_init_rand_1                     0x080001d3   Thumb Code     0  libinit2.o(.ARM.Collect$$libinit$$00000010)
    __rt_lib_init_relocate_pie_1             0x080001d3   Thumb Code     0  libinit2.o(.ARM.Collect$$libinit$$00000004)
    __rt_lib_init_return                     0x080001d3   Thumb Code     0  libinit2.o(.ARM.Collect$$libinit$$00000035)
    __rt_lib_init_signal_1                   0x080001d3   Thumb Code     0  libinit2.o(.ARM.Collect$$libinit$$0000001F)
    __rt_lib_init_stdio_1                    0x080001d3   Thumb Code     0  libinit2.o(.ARM.Collect$$libinit$$00000027)
    __rt_lib_init_user_alloc_1               0x080001d3   Thumb Code     0  libinit2.o(.ARM.Collect$$libinit$$0000000E)
    __rt_lib_shutdown                        0x080001d5   Thumb Code     0  libshutdown.o(.ARM.Collect$$libshutdown$$00000000)
    __rt_lib_shutdown_cpp_1                  0x080001d7   Thumb Code     0  libshutdown2.o(.ARM.Collect$$libshutdown$$00000002)
    __rt_lib_shutdown_fp_trap_1              0x080001d7   Thumb Code     0  libshutdown2.o(.ARM.Collect$$libshutdown$$00000007)
    __rt_lib_shutdown_heap_1                 0x080001d7   Thumb Code     0  libshutdown2.o(.ARM.Collect$$libshutdown$$0000000F)
    __rt_lib_shutdown_return                 0x080001d7   Thumb Code     0  libshutdown2.o(.ARM.Collect$$libshutdown$$00000010)
    __rt_lib_shutdown_signal_1               0x080001d7   Thumb Code     0  libshutdown2.o(.ARM.Collect$$libshutdown$$0000000A)
    __rt_lib_shutdown_stdio_1                0x080001d7   Thumb Code     0  libshutdown2.o(.ARM.Collect$$libshutdown$$00000004)
    __rt_lib_shutdown_user_alloc_1           0x080001d7   Thumb Code     0  libshutdown2.o(.ARM.Collect$$libshutdown$$0000000C)
    __rt_entry                               0x080001d9   Thumb Code     0  __rtentry.o(.ARM.Collect$$rtentry$$00000000)
    __rt_entry_presh_1                       0x080001d9   Thumb Code     0  __rtentry2.o(.ARM.Collect$$rtentry$$00000002)
    __rt_entry_sh                            0x080001d9   Thumb Code     0  __rtentry4.o(.ARM.Collect$$rtentry$$00000004)
    __rt_entry_li                            0x080001df   Thumb Code     0  __rtentry2.o(.ARM.Collect$$rtentry$$0000000A)
    __rt_entry_postsh_1                      0x080001df   Thumb Code     0  __rtentry2.o(.ARM.Collect$$rtentry$$00000009)
    __rt_entry_main                          0x080001e3   Thumb Code     0  __rtentry2.o(.ARM.Collect$$rtentry$$0000000D)
    __rt_entry_postli_1                      0x080001e3   Thumb Code     0  __rtentry2.o(.ARM.Collect$$rtentry$$0000000C)
    __rt_exit                                0x080001eb   Thumb Code     0  rtexit.o(.ARM.Collect$$rtexit$$00000000)
    __rt_exit_ls                             0x080001ed   Thumb Code     0  rtexit2.o(.ARM.Collect$$rtexit$$00000003)
    __rt_exit_prels_1                        0x080001ed   Thumb Code     0  rtexit2.o(.ARM.Collect$$rtexit$$00000002)
    __rt_exit_exit                           0x080001f1   Thumb Code     0  rtexit2.o(.ARM.Collect$$rtexit$$00000004)
    Reset_Handler                            0x080001f9   Thumb Code     8  startup_stm32wba52xx.o(.text)
    SecureFault_Handler                      0x0800020b   Thumb Code     2  startup_stm32wba52xx.o(.text)
    ADC4_IRQHandler                          0x08000215   Thumb Code     0  startup_stm32wba52xx.o(.text)
    AES_IRQHandler                           0x08000215   Thumb Code     0  startup_stm32wba52xx.o(.text)
    EXTI0_IRQHandler                         0x08000215   Thumb Code     0  startup_stm32wba52xx.o(.text)
    EXTI10_IRQHandler                        0x08000215   Thumb Code     0  startup_stm32wba52xx.o(.text)
    EXTI11_IRQHandler                        0x08000215   Thumb Code     0  startup_stm32wba52xx.o(.text)
    EXTI12_IRQHandler                        0x08000215   Thumb Code     0  startup_stm32wba52xx.o(.text)
    EXTI13_IRQHandler                        0x08000215   Thumb Code     0  startup_stm32wba52xx.o(.text)
    EXTI14_IRQHandler                        0x08000215   Thumb Code     0  startup_stm32wba52xx.o(.text)
    EXTI15_IRQHandler                        0x08000215   Thumb Code     0  startup_stm32wba52xx.o(.text)
    EXTI1_IRQHandler                         0x08000215   Thumb Code     0  startup_stm32wba52xx.o(.text)
    EXTI2_IRQHandler                         0x08000215   Thumb Code     0  startup_stm32wba52xx.o(.text)
    EXTI3_IRQHandler                         0x08000215   Thumb Code     0  startup_stm32wba52xx.o(.text)
    EXTI4_IRQHandler                         0x08000215   Thumb Code     0  startup_stm32wba52xx.o(.text)
    EXTI5_IRQHandler                         0x08000215   Thumb Code     0  startup_stm32wba52xx.o(.text)
    EXTI6_IRQHandler                         0x08000215   Thumb Code     0  startup_stm32wba52xx.o(.text)
    EXTI7_IRQHandler                         0x08000215   Thumb Code     0  startup_stm32wba52xx.o(.text)
    EXTI8_IRQHandler                         0x08000215   Thumb Code     0  startup_stm32wba52xx.o(.text)
    EXTI9_IRQHandler                         0x08000215   Thumb Code     0  startup_stm32wba52xx.o(.text)
    FLASH_IRQHandler                         0x08000215   Thumb Code     0  startup_stm32wba52xx.o(.text)
    FLASH_S_IRQHandler                       0x08000215   Thumb Code     0  startup_stm32wba52xx.o(.text)
    FPU_IRQHandler                           0x08000215   Thumb Code     0  startup_stm32wba52xx.o(.text)
    GPDMA1_Channel0_IRQHandler               0x08000215   Thumb Code     0  startup_stm32wba52xx.o(.text)
    GPDMA1_Channel1_IRQHandler               0x08000215   Thumb Code     0  startup_stm32wba52xx.o(.text)
    GPDMA1_Channel2_IRQHandler               0x08000215   Thumb Code     0  startup_stm32wba52xx.o(.text)
    GPDMA1_Channel3_IRQHandler               0x08000215   Thumb Code     0  startup_stm32wba52xx.o(.text)
    GPDMA1_Channel4_IRQHandler               0x08000215   Thumb Code     0  startup_stm32wba52xx.o(.text)
    GPDMA1_Channel5_IRQHandler               0x08000215   Thumb Code     0  startup_stm32wba52xx.o(.text)
    GPDMA1_Channel6_IRQHandler               0x08000215   Thumb Code     0  startup_stm32wba52xx.o(.text)
    GPDMA1_Channel7_IRQHandler               0x08000215   Thumb Code     0  startup_stm32wba52xx.o(.text)
    GTZC_IRQHandler                          0x08000215   Thumb Code     0  startup_stm32wba52xx.o(.text)
    HASH_IRQHandler                          0x08000215   Thumb Code     0  startup_stm32wba52xx.o(.text)
    HSEM_IRQHandler                          0x08000215   Thumb Code     0  startup_stm32wba52xx.o(.text)
    HSEM_S_IRQHandler                        0x08000215   Thumb Code     0  startup_stm32wba52xx.o(.text)
    I2C1_ER_IRQHandler                       0x08000215   Thumb Code     0  startup_stm32wba52xx.o(.text)
    I2C1_EV_IRQHandler                       0x08000215   Thumb Code     0  startup_stm32wba52xx.o(.text)
    I2C3_ER_IRQHandler                       0x08000215   Thumb Code     0  startup_stm32wba52xx.o(.text)
    I2C3_EV_IRQHandler                       0x08000215   Thumb Code     0  startup_stm32wba52xx.o(.text)
    ICACHE_IRQHandler                        0x08000215   Thumb Code     0  startup_stm32wba52xx.o(.text)
    IWDG_IRQHandler                          0x08000215   Thumb Code     0  startup_stm32wba52xx.o(.text)
    LPTIM1_IRQHandler                        0x08000215   Thumb Code     0  startup_stm32wba52xx.o(.text)
    LPTIM2_IRQHandler                        0x08000215   Thumb Code     0  startup_stm32wba52xx.o(.text)
    LPUART1_IRQHandler                       0x08000215   Thumb Code     0  startup_stm32wba52xx.o(.text)
    PKA_IRQHandler                           0x08000215   Thumb Code     0  startup_stm32wba52xx.o(.text)
    PVD_IRQHandler                           0x08000215   Thumb Code     0  startup_stm32wba52xx.o(.text)
    RADIO_IRQHandler                         0x08000215   Thumb Code     0  startup_stm32wba52xx.o(.text)
    RAMCFG_IRQHandler                        0x08000215   Thumb Code     0  startup_stm32wba52xx.o(.text)
    RCC_IRQHandler                           0x08000215   Thumb Code     0  startup_stm32wba52xx.o(.text)
    RCC_S_IRQHandler                         0x08000215   Thumb Code     0  startup_stm32wba52xx.o(.text)
    RNG_IRQHandler                           0x08000215   Thumb Code     0  startup_stm32wba52xx.o(.text)
    RTC_IRQHandler                           0x08000215   Thumb Code     0  startup_stm32wba52xx.o(.text)
    RTC_S_IRQHandler                         0x08000215   Thumb Code     0  startup_stm32wba52xx.o(.text)
    SAES_IRQHandler                          0x08000215   Thumb Code     0  startup_stm32wba52xx.o(.text)
    SPI1_IRQHandler                          0x08000215   Thumb Code     0  startup_stm32wba52xx.o(.text)
    SPI3_IRQHandler                          0x08000215   Thumb Code     0  startup_stm32wba52xx.o(.text)
    TAMP_IRQHandler                          0x08000215   Thumb Code     0  startup_stm32wba52xx.o(.text)
    TIM16_IRQHandler                         0x08000215   Thumb Code     0  startup_stm32wba52xx.o(.text)
    TIM17_IRQHandler                         0x08000215   Thumb Code     0  startup_stm32wba52xx.o(.text)
    TIM1_BRK_IRQHandler                      0x08000215   Thumb Code     0  startup_stm32wba52xx.o(.text)
    TIM1_CC_IRQHandler                       0x08000215   Thumb Code     0  startup_stm32wba52xx.o(.text)
    TIM1_TRG_COM_IRQHandler                  0x08000215   Thumb Code     0  startup_stm32wba52xx.o(.text)
    TIM1_UP_IRQHandler                       0x08000215   Thumb Code     0  startup_stm32wba52xx.o(.text)
    TIM2_IRQHandler                          0x08000215   Thumb Code     0  startup_stm32wba52xx.o(.text)
    TIM3_IRQHandler                          0x08000215   Thumb Code     0  startup_stm32wba52xx.o(.text)
    TSC_IRQHandler                           0x08000215   Thumb Code     0  startup_stm32wba52xx.o(.text)
    USART1_IRQHandler                        0x08000215   Thumb Code     0  startup_stm32wba52xx.o(.text)
    USART2_IRQHandler                        0x08000215   Thumb Code     0  startup_stm32wba52xx.o(.text)
    WKUP_IRQHandler                          0x08000215   Thumb Code     0  startup_stm32wba52xx.o(.text)
    WWDG_IRQHandler                          0x08000215   Thumb Code     0  startup_stm32wba52xx.o(.text)
    __user_initial_stackheap                 0x08000219   Thumb Code    10  startup_stm32wba52xx.o(.text)
    __aeabi_uldivmod                         0x0800023d   Thumb Code     0  lludivv7m.o(.text)
    _ll_udiv                                 0x0800023d   Thumb Code   240  lludivv7m.o(.text)
    __aeabi_memclr4                          0x0800032d   Thumb Code     0  rt_memclr_w.o(.text)
    __aeabi_memclr8                          0x0800032d   Thumb Code     0  rt_memclr_w.o(.text)
    __rt_memclr_w                            0x0800032d   Thumb Code     0  rt_memclr_w.o(.text)
    _memset_w                                0x08000331   Thumb Code    74  rt_memclr_w.o(.text)
    __use_two_region_memory                  0x0800037b   Thumb Code     2  heapauxi.o(.text)
    __rt_heap_escrow$2region                 0x0800037d   Thumb Code     2  heapauxi.o(.text)
    __rt_heap_expand$2region                 0x0800037f   Thumb Code     2  heapauxi.o(.text)
    __user_setup_stackheap                   0x08000381   Thumb Code    74  sys_stackheap_outer.o(.text)
    exit                                     0x080003cb   Thumb Code    18  exit.o(.text)
    __user_libspace                          0x080003dd   Thumb Code     8  libspace.o(.text)
    __user_perproc_libspace                  0x080003dd   Thumb Code     0  libspace.o(.text)
    __user_perthread_libspace                0x080003dd   Thumb Code     0  libspace.o(.text)
    _sys_exit                                0x080003e5   Thumb Code     8  sys_exit.o(.text)
    __I$use$semihosting                      0x080003f1   Thumb Code     0  use_no_semi.o(.text)
    __use_no_semihosting_swi                 0x080003f1   Thumb Code     2  use_no_semi.o(.text)
    __semihosting_library_function           0x080003f3   Thumb Code     0  indicate_semi.o(.text)
    BusFault_Handler                         0x080003f5   Thumb Code     2  stm32wbaxx_it.o(.text.BusFault_Handler)
    DebugMon_Handler                         0x080003f9   Thumb Code     2  stm32wbaxx_it.o(.text.DebugMon_Handler)
    Error_Handler                            0x080003fd   Thumb Code    10  main.o(.text.Error_Handler)
    HAL_Delay                                0x08000409   Thumb Code    40  stm32wbaxx_hal.o(.text.HAL_Delay)
    HAL_GPIO_Init                            0x08000431   Thumb Code   406  stm32wbaxx_hal_gpio.o(.text.HAL_GPIO_Init)
    HAL_GPIO_WritePin                        0x080005c9   Thumb Code    12  stm32wbaxx_hal_gpio.o(.text.HAL_GPIO_WritePin)
    HAL_GetTick                              0x080005d5   Thumb Code    12  stm32wbaxx_hal.o(.text.HAL_GetTick)
    HAL_IncTick                              0x080005e1   Thumb Code    26  stm32wbaxx_hal.o(.text.HAL_IncTick)
    HAL_Init                                 0x080005fd   Thumb Code    50  stm32wbaxx_hal.o(.text.HAL_Init)
    HAL_InitTick                             0x08000631   Thumb Code    78  stm32wbaxx_hal.o(.text.HAL_InitTick)
    HAL_MspInit                              0x08000681   Thumb Code    32  stm32wbaxx_hal_msp.o(.text.HAL_MspInit)
    HAL_NVIC_SetPriority                     0x080006a1   Thumb Code    86  stm32wbaxx_hal_cortex.o(.text.HAL_NVIC_SetPriority)
    HAL_NVIC_SetPriorityGrouping             0x080006f9   Thumb Code    32  stm32wbaxx_hal_cortex.o(.text.HAL_NVIC_SetPriorityGrouping)
    HAL_PWREx_ControlVoltageScaling          0x08000719   Thumb Code   192  stm32wbaxx_hal_pwr_ex.o(.text.HAL_PWREx_ControlVoltageScaling)
    HAL_RCCEx_PeriphCLKConfig                0x080007d9   Thumb Code   632  stm32wbaxx_hal_rcc_ex.o(.text.HAL_RCCEx_PeriphCLKConfig)
    HAL_RCC_ClockConfig                      0x08000a51   Thumb Code   720  stm32wbaxx_hal_rcc.o(.text.HAL_RCC_ClockConfig)
    HAL_RCC_GetPCLK1Freq                     0x08000d21   Thumb Code   272  stm32wbaxx_hal_rcc.o(.text.HAL_RCC_GetPCLK1Freq)
    HAL_RCC_GetPCLK2Freq                     0x08000e31   Thumb Code   272  stm32wbaxx_hal_rcc.o(.text.HAL_RCC_GetPCLK2Freq)
    HAL_RCC_GetPCLK7Freq                     0x08000f41   Thumb Code   272  stm32wbaxx_hal_rcc.o(.text.HAL_RCC_GetPCLK7Freq)
    HAL_RCC_GetSysClockFreq                  0x08001051   Thumb Code   220  stm32wbaxx_hal_rcc.o(.text.HAL_RCC_GetSysClockFreq)
    HAL_RCC_OscConfig                        0x0800112d   Thumb Code  1514  stm32wbaxx_hal_rcc.o(.text.HAL_RCC_OscConfig)
    HAL_SYSTICK_Config                       0x08001719   Thumb Code    44  stm32wbaxx_hal_cortex.o(.text.HAL_SYSTICK_Config)
    HAL_UARTEx_DisableFifoMode               0x08001745   Thumb Code    54  stm32wbaxx_hal_uart_ex.o(.text.HAL_UARTEx_DisableFifoMode)
    HAL_UARTEx_SetRxFifoThreshold            0x0800177d   Thumb Code   140  stm32wbaxx_hal_uart_ex.o(.text.HAL_UARTEx_SetRxFifoThreshold)
    HAL_UARTEx_SetTxFifoThreshold            0x08001809   Thumb Code   140  stm32wbaxx_hal_uart_ex.o(.text.HAL_UARTEx_SetTxFifoThreshold)
    HAL_UART_Init                            0x08001895   Thumb Code   104  stm32wbaxx_hal_uart.o(.text.HAL_UART_Init)
    HAL_UART_MspInit                         0x080018fd   Thumb Code   194  usart.o(.text.HAL_UART_MspInit)
    HAL_UART_Transmit                        0x080019c1   Thumb Code   214  stm32wbaxx_hal_uart.o(.text.HAL_UART_Transmit)
    HardFault_Handler                        0x08001a99   Thumb Code     2  stm32wbaxx_it.o(.text.HardFault_Handler)
    MX_GPIO_Init                             0x08001a9d   Thumb Code   160  gpio.o(.text.MX_GPIO_Init)
    MX_USART1_UART_Init                      0x08001b3d   Thumb Code   132  usart.o(.text.MX_USART1_UART_Init)
    MemManage_Handler                        0x08001bc1   Thumb Code     2  stm32wbaxx_it.o(.text.MemManage_Handler)
    NMI_Handler                              0x08001bc5   Thumb Code     2  stm32wbaxx_it.o(.text.NMI_Handler)
    PendSV_Handler                           0x08001bc9   Thumb Code     2  stm32wbaxx_it.o(.text.PendSV_Handler)
    SVC_Handler                              0x08001bcd   Thumb Code     2  stm32wbaxx_it.o(.text.SVC_Handler)
    SysTick_Handler                          0x08001bd1   Thumb Code     4  stm32wbaxx_it.o(.text.SysTick_Handler)
    SystemCoreClockUpdate                    0x08001bd5   Thumb Code   268  system_stm32wbaxx.o(.text.SystemCoreClockUpdate)
    SystemInit                               0x08001ce1   Thumb Code   248  system_stm32wbaxx.o(.text.SystemInit)
    UART_AdvFeatureConfig                    0x08001dd9   Thumb Code   232  stm32wbaxx_hal_uart.o(.text.UART_AdvFeatureConfig)
    UART_CheckIdleState                      0x08001ec1   Thumb Code   366  stm32wbaxx_hal_uart.o(.text.UART_CheckIdleState)
    UART_SetConfig                           0x08002031   Thumb Code   636  stm32wbaxx_hal_uart.o(.text.UART_SetConfig)
    UART_WaitOnFlagUntilTimeout              0x080022dd   Thumb Code   734  stm32wbaxx_hal_uart.o(.text.UART_WaitOnFlagUntilTimeout)
    UsageFault_Handler                       0x080025bd   Thumb Code     2  stm32wbaxx_it.o(.text.UsageFault_Handler)
    main                                     0x080025c1   Thumb Code   192  main.o(.text.main)
    _fp_init                                 0x08002695   Thumb Code    26  fpinit.o(x$fpl$fpinit)
    __fplib_config_fpu_vfp                   0x080026ad   Thumb Code     0  fpinit.o(x$fpl$fpinit)
    __fplib_config_pureend_doubles           0x080026ad   Thumb Code     0  fpinit.o(x$fpl$fpinit)
    AHBPrescTable                            0x080026ae   Data           8  system_stm32wbaxx.o(.rodata.AHBPrescTable)
    APBPrescTable                            0x080026b6   Data           8  system_stm32wbaxx.o(.rodata.APBPrescTable)
    UARTPrescTable                           0x080026be   Data          24  stm32wbaxx_hal_uart.o(.rodata.UARTPrescTable)
    Region$$Table$$Base                      0x080026e8   Number         0  anon$$obj.o(Region$$Table)
    Region$$Table$$Limit                     0x08002708   Number         0  anon$$obj.o(Region$$Table)
    uwTickFreq                               0x20000000   Data           1  stm32wbaxx_hal.o(.data..L_MergedGlobals)
    uwTickPrio                               0x20000004   Data           4  stm32wbaxx_hal.o(.data..L_MergedGlobals)
    SystemCoreClock                          0x20000008   Data           4  system_stm32wbaxx.o(.data.SystemCoreClock)
    __libspace_start                         0x20000010   Data          96  libspace.o(.bss)
    __temporary_stack_top$libspace           0x20000070   Data           0  libspace.o(.bss)
    huart1                                   0x20000070   Data         148  usart.o(.bss.huart1)
    uwTick                                   0x20000104   Data           4  stm32wbaxx_hal.o(.bss.uwTick)



==============================================================================

Memory Map of the image

  Image Entry point : 0x08000159

  Load Region LR_IROM1 (Base: 0x08000000, Size: 0x00002718, Max: 0x00100000, ABSOLUTE)

    Execution Region ER_IROM1 (Exec base: 0x08000000, Load base: 0x08000000, Size: 0x00002708, Max: 0x00100000, ABSOLUTE)

    Exec Addr    Load Addr    Size         Type   Attr      Idx    E Section Name        Object

    0x08000000   0x08000000   0x00000158   Data   RO            3    RESET               startup_stm32wba52xx.o
    0x08000158   0x08000158   0x00000008   Code   RO          871  * !!!main             c_w.l(__main.o)
    0x08000160   0x08000160   0x00000034   Code   RO         1048    !!!scatter          c_w.l(__scatter.o)
    0x08000194   0x08000194   0x0000001a   Code   RO         1050    !!handler_copy      c_w.l(__scatter_copy.o)
    0x080001ae   0x080001ae   0x00000002   PAD
    0x080001b0   0x080001b0   0x0000001c   Code   RO         1052    !!handler_zi        c_w.l(__scatter_zi.o)
    0x080001cc   0x080001cc   0x00000002   Code   RO          910    .ARM.Collect$$libinit$$00000000  c_w.l(libinit.o)
    0x080001ce   0x080001ce   0x00000004   Code   RO          922    .ARM.Collect$$libinit$$00000001  c_w.l(libinit2.o)
    0x080001d2   0x080001d2   0x00000000   Code   RO          925    .ARM.Collect$$libinit$$00000004  c_w.l(libinit2.o)
    0x080001d2   0x080001d2   0x00000000   Code   RO          927    .ARM.Collect$$libinit$$00000006  c_w.l(libinit2.o)
    0x080001d2   0x080001d2   0x00000000   Code   RO          930    .ARM.Collect$$libinit$$0000000C  c_w.l(libinit2.o)
    0x080001d2   0x080001d2   0x00000000   Code   RO          932    .ARM.Collect$$libinit$$0000000E  c_w.l(libinit2.o)
    0x080001d2   0x080001d2   0x00000000   Code   RO          934    .ARM.Collect$$libinit$$00000010  c_w.l(libinit2.o)
    0x080001d2   0x080001d2   0x00000000   Code   RO          937    .ARM.Collect$$libinit$$00000013  c_w.l(libinit2.o)
    0x080001d2   0x080001d2   0x00000000   Code   RO          939    .ARM.Collect$$libinit$$00000015  c_w.l(libinit2.o)
    0x080001d2   0x080001d2   0x00000000   Code   RO          941    .ARM.Collect$$libinit$$00000017  c_w.l(libinit2.o)
    0x080001d2   0x080001d2   0x00000000   Code   RO          943    .ARM.Collect$$libinit$$00000019  c_w.l(libinit2.o)
    0x080001d2   0x080001d2   0x00000000   Code   RO          945    .ARM.Collect$$libinit$$0000001B  c_w.l(libinit2.o)
    0x080001d2   0x080001d2   0x00000000   Code   RO          947    .ARM.Collect$$libinit$$0000001D  c_w.l(libinit2.o)
    0x080001d2   0x080001d2   0x00000000   Code   RO          949    .ARM.Collect$$libinit$$0000001F  c_w.l(libinit2.o)
    0x080001d2   0x080001d2   0x00000000   Code   RO          951    .ARM.Collect$$libinit$$00000021  c_w.l(libinit2.o)
    0x080001d2   0x080001d2   0x00000000   Code   RO          953    .ARM.Collect$$libinit$$00000023  c_w.l(libinit2.o)
    0x080001d2   0x080001d2   0x00000000   Code   RO          955    .ARM.Collect$$libinit$$00000025  c_w.l(libinit2.o)
    0x080001d2   0x080001d2   0x00000000   Code   RO          957    .ARM.Collect$$libinit$$00000027  c_w.l(libinit2.o)
    0x080001d2   0x080001d2   0x00000000   Code   RO          961    .ARM.Collect$$libinit$$0000002E  c_w.l(libinit2.o)
    0x080001d2   0x080001d2   0x00000000   Code   RO          963    .ARM.Collect$$libinit$$00000030  c_w.l(libinit2.o)
    0x080001d2   0x080001d2   0x00000000   Code   RO          965    .ARM.Collect$$libinit$$00000032  c_w.l(libinit2.o)
    0x080001d2   0x080001d2   0x00000000   Code   RO          967    .ARM.Collect$$libinit$$00000034  c_w.l(libinit2.o)
    0x080001d2   0x080001d2   0x00000002   Code   RO          968    .ARM.Collect$$libinit$$00000035  c_w.l(libinit2.o)
    0x080001d4   0x080001d4   0x00000002   Code   RO         1003    .ARM.Collect$$libshutdown$$00000000  c_w.l(libshutdown.o)
    0x080001d6   0x080001d6   0x00000000   Code   RO         1031    .ARM.Collect$$libshutdown$$00000002  c_w.l(libshutdown2.o)
    0x080001d6   0x080001d6   0x00000000   Code   RO         1033    .ARM.Collect$$libshutdown$$00000004  c_w.l(libshutdown2.o)
    0x080001d6   0x080001d6   0x00000000   Code   RO         1036    .ARM.Collect$$libshutdown$$00000007  c_w.l(libshutdown2.o)
    0x080001d6   0x080001d6   0x00000000   Code   RO         1039    .ARM.Collect$$libshutdown$$0000000A  c_w.l(libshutdown2.o)
    0x080001d6   0x080001d6   0x00000000   Code   RO         1041    .ARM.Collect$$libshutdown$$0000000C  c_w.l(libshutdown2.o)
    0x080001d6   0x080001d6   0x00000000   Code   RO         1044    .ARM.Collect$$libshutdown$$0000000F  c_w.l(libshutdown2.o)
    0x080001d6   0x080001d6   0x00000002   Code   RO         1045    .ARM.Collect$$libshutdown$$00000010  c_w.l(libshutdown2.o)
    0x080001d8   0x080001d8   0x00000000   Code   RO          873    .ARM.Collect$$rtentry$$00000000  c_w.l(__rtentry.o)
    0x080001d8   0x080001d8   0x00000000   Code   RO          881    .ARM.Collect$$rtentry$$00000002  c_w.l(__rtentry2.o)
    0x080001d8   0x080001d8   0x00000006   Code   RO          893    .ARM.Collect$$rtentry$$00000004  c_w.l(__rtentry4.o)
    0x080001de   0x080001de   0x00000000   Code   RO          883    .ARM.Collect$$rtentry$$00000009  c_w.l(__rtentry2.o)
    0x080001de   0x080001de   0x00000004   Code   RO          884    .ARM.Collect$$rtentry$$0000000A  c_w.l(__rtentry2.o)
    0x080001e2   0x080001e2   0x00000000   Code   RO          886    .ARM.Collect$$rtentry$$0000000C  c_w.l(__rtentry2.o)
    0x080001e2   0x080001e2   0x00000008   Code   RO          887    .ARM.Collect$$rtentry$$0000000D  c_w.l(__rtentry2.o)
    0x080001ea   0x080001ea   0x00000002   Code   RO          914    .ARM.Collect$$rtexit$$00000000  c_w.l(rtexit.o)
    0x080001ec   0x080001ec   0x00000000   Code   RO          974    .ARM.Collect$$rtexit$$00000002  c_w.l(rtexit2.o)
    0x080001ec   0x080001ec   0x00000004   Code   RO          975    .ARM.Collect$$rtexit$$00000003  c_w.l(rtexit2.o)
    0x080001f0   0x080001f0   0x00000006   Code   RO          976    .ARM.Collect$$rtexit$$00000004  c_w.l(rtexit2.o)
    0x080001f6   0x080001f6   0x00000002   PAD
    0x080001f8   0x080001f8   0x00000044   Code   RO            4    .text               startup_stm32wba52xx.o
    0x0800023c   0x0800023c   0x000000f0   Code   RO          863    .text               c_w.l(lludivv7m.o)
    0x0800032c   0x0800032c   0x0000004e   Code   RO          867    .text               c_w.l(rt_memclr_w.o)
    0x0800037a   0x0800037a   0x00000006   Code   RO          869    .text               c_w.l(heapauxi.o)
    0x08000380   0x08000380   0x0000004a   Code   RO          897    .text               c_w.l(sys_stackheap_outer.o)
    0x080003ca   0x080003ca   0x00000012   Code   RO          899    .text               c_w.l(exit.o)
    0x080003dc   0x080003dc   0x00000008   Code   RO          911    .text               c_w.l(libspace.o)
    0x080003e4   0x080003e4   0x0000000c   Code   RO          969    .text               c_w.l(sys_exit.o)
    0x080003f0   0x080003f0   0x00000002   Code   RO          992    .text               c_w.l(use_no_semi.o)
    0x080003f2   0x080003f2   0x00000000   Code   RO          994    .text               c_w.l(indicate_semi.o)
    0x080003f2   0x080003f2   0x00000002   PAD
    0x080003f4   0x080003f4   0x00000002   Code   RO           55    .text.BusFault_Handler  stm32wbaxx_it.o
    0x080003f6   0x080003f6   0x00000002   PAD
    0x080003f8   0x080003f8   0x00000002   Code   RO           61    .text.DebugMon_Handler  stm32wbaxx_it.o
    0x080003fa   0x080003fa   0x00000002   PAD
    0x080003fc   0x080003fc   0x0000000a   Code   RO           15    .text.Error_Handler  main.o
    0x08000406   0x08000406   0x00000002   PAD
    0x08000408   0x08000408   0x00000028   Code   RO          150    .text.HAL_Delay     stm32wbaxx_hal.o
    0x08000430   0x08000430   0x00000196   Code   RO          359    .text.HAL_GPIO_Init  stm32wbaxx_hal_gpio.o
    0x080005c6   0x080005c6   0x00000002   PAD
    0x080005c8   0x080005c8   0x0000000c   Code   RO          365    .text.HAL_GPIO_WritePin  stm32wbaxx_hal_gpio.o
    0x080005d4   0x080005d4   0x0000000c   Code   RO          142    .text.HAL_GetTick   stm32wbaxx_hal.o
    0x080005e0   0x080005e0   0x0000001a   Code   RO          140    .text.HAL_IncTick   stm32wbaxx_hal.o
    0x080005fa   0x080005fa   0x00000002   PAD
    0x080005fc   0x080005fc   0x00000032   Code   RO          130    .text.HAL_Init      stm32wbaxx_hal.o
    0x0800062e   0x0800062e   0x00000002   PAD
    0x08000630   0x08000630   0x0000004e   Code   RO          132    .text.HAL_InitTick  stm32wbaxx_hal.o
    0x0800067e   0x0800067e   0x00000002   PAD
    0x08000680   0x08000680   0x00000020   Code   RO           74    .text.HAL_MspInit   stm32wbaxx_hal_msp.o
    0x080006a0   0x080006a0   0x00000056   Code   RO           84    .text.HAL_NVIC_SetPriority  stm32wbaxx_hal_cortex.o
    0x080006f6   0x080006f6   0x00000002   PAD
    0x080006f8   0x080006f8   0x00000020   Code   RO           82    .text.HAL_NVIC_SetPriorityGrouping  stm32wbaxx_hal_cortex.o
    0x08000718   0x08000718   0x000000c0   Code   RO          599    .text.HAL_PWREx_ControlVoltageScaling  stm32wbaxx_hal_pwr_ex.o
    0x080007d8   0x080007d8   0x00000278   Code   RO          246    .text.HAL_RCCEx_PeriphCLKConfig  stm32wbaxx_hal_rcc_ex.o
    0x08000a50   0x08000a50   0x000002d0   Code   RO          200    .text.HAL_RCC_ClockConfig  stm32wbaxx_hal_rcc.o
    0x08000d20   0x08000d20   0x00000110   Code   RO          210    .text.HAL_RCC_GetPCLK1Freq  stm32wbaxx_hal_rcc.o
    0x08000e30   0x08000e30   0x00000110   Code   RO          212    .text.HAL_RCC_GetPCLK2Freq  stm32wbaxx_hal_rcc.o
    0x08000f40   0x08000f40   0x00000110   Code   RO          214    .text.HAL_RCC_GetPCLK7Freq  stm32wbaxx_hal_rcc.o
    0x08001050   0x08001050   0x000000dc   Code   RO          202    .text.HAL_RCC_GetSysClockFreq  stm32wbaxx_hal_rcc.o
    0x0800112c   0x0800112c   0x000005ea   Code   RO          198    .text.HAL_RCC_OscConfig  stm32wbaxx_hal_rcc.o
    0x08001716   0x08001716   0x00000002   PAD
    0x08001718   0x08001718   0x0000002c   Code   RO           94    .text.HAL_SYSTICK_Config  stm32wbaxx_hal_cortex.o
    0x08001744   0x08001744   0x00000036   Code   RO          817    .text.HAL_UARTEx_DisableFifoMode  stm32wbaxx_hal_uart_ex.o
    0x0800177a   0x0800177a   0x00000002   PAD
    0x0800177c   0x0800177c   0x0000008c   Code   RO          821    .text.HAL_UARTEx_SetRxFifoThreshold  stm32wbaxx_hal_uart_ex.o
    0x08001808   0x08001808   0x0000008c   Code   RO          819    .text.HAL_UARTEx_SetTxFifoThreshold  stm32wbaxx_hal_uart_ex.o
    0x08001894   0x08001894   0x00000068   Code   RO          658    .text.HAL_UART_Init  stm32wbaxx_hal_uart.o
    0x080018fc   0x080018fc   0x000000c2   Code   RO           36    .text.HAL_UART_MspInit  usart.o
    0x080019be   0x080019be   0x00000002   PAD
    0x080019c0   0x080019c0   0x000000d6   Code   RO          678    .text.HAL_UART_Transmit  stm32wbaxx_hal_uart.o
    0x08001a96   0x08001a96   0x00000002   PAD
    0x08001a98   0x08001a98   0x00000002   Code   RO           51    .text.HardFault_Handler  stm32wbaxx_it.o
    0x08001a9a   0x08001a9a   0x00000002   PAD
    0x08001a9c   0x08001a9c   0x000000a0   Code   RO           25    .text.MX_GPIO_Init  gpio.o
    0x08001b3c   0x08001b3c   0x00000084   Code   RO           34    .text.MX_USART1_UART_Init  usart.o
    0x08001bc0   0x08001bc0   0x00000002   Code   RO           53    .text.MemManage_Handler  stm32wbaxx_it.o
    0x08001bc2   0x08001bc2   0x00000002   PAD
    0x08001bc4   0x08001bc4   0x00000002   Code   RO           49    .text.NMI_Handler   stm32wbaxx_it.o
    0x08001bc6   0x08001bc6   0x00000002   PAD
    0x08001bc8   0x08001bc8   0x00000002   Code   RO           63    .text.PendSV_Handler  stm32wbaxx_it.o
    0x08001bca   0x08001bca   0x00000002   PAD
    0x08001bcc   0x08001bcc   0x00000002   Code   RO           59    .text.SVC_Handler   stm32wbaxx_it.o
    0x08001bce   0x08001bce   0x00000002   PAD
    0x08001bd0   0x08001bd0   0x00000004   Code   RO           65    .text.SysTick_Handler  stm32wbaxx_it.o
    0x08001bd4   0x08001bd4   0x0000010c   Code   RO          848    .text.SystemCoreClockUpdate  system_stm32wbaxx.o
    0x08001ce0   0x08001ce0   0x000000f8   Code   RO          846    .text.SystemInit    system_stm32wbaxx.o
    0x08001dd8   0x08001dd8   0x000000e8   Code   RO          664    .text.UART_AdvFeatureConfig  stm32wbaxx_hal_uart.o
    0x08001ec0   0x08001ec0   0x0000016e   Code   RO          666    .text.UART_CheckIdleState  stm32wbaxx_hal_uart.o
    0x0800202e   0x0800202e   0x00000002   PAD
    0x08002030   0x08002030   0x000002ac   Code   RO          662    .text.UART_SetConfig  stm32wbaxx_hal_uart.o
    0x080022dc   0x080022dc   0x000002de   Code   RO          680    .text.UART_WaitOnFlagUntilTimeout  stm32wbaxx_hal_uart.o
    0x080025ba   0x080025ba   0x00000002   PAD
    0x080025bc   0x080025bc   0x00000002   Code   RO           57    .text.UsageFault_Handler  stm32wbaxx_it.o
    0x080025be   0x080025be   0x00000002   PAD
    0x080025c0   0x080025c0   0x000000d4   Code   RO           11    .text.main          main.o
    0x08002694   0x08002694   0x0000001a   Code   RO          986    x$fpl$fpinit        fz_wm.l(fpinit.o)
    0x080026ae   0x080026ae   0x00000008   Data   RO          851    .rodata.AHBPrescTable  system_stm32wbaxx.o
    0x080026b6   0x080026b6   0x00000008   Data   RO          852    .rodata.APBPrescTable  system_stm32wbaxx.o
    0x080026be   0x080026be   0x00000018   Data   RO          792    .rodata.UARTPrescTable  stm32wbaxx_hal_uart.o
    0x080026d6   0x080026d6   0x00000010   Data   RO          837    .rodata.cst8        stm32wbaxx_hal_uart_ex.o
    0x080026e6   0x080026e6   0x00000002   PAD
    0x080026e8   0x080026e8   0x00000020   Data   RO         1047    Region$$Table       anon$$obj.o


    Execution Region RW_IRAM1 (Exec base: 0x20000000, Load base: 0x08002708, Size: 0x00000708, Max: 0x00020000, ABSOLUTE)

    Exec Addr    Load Addr    Size         Type   Attr      Idx    E Section Name        Object

    0x20000000   0x08002708   0x00000008   Data   RW          185    .data..L_MergedGlobals  stm32wbaxx_hal.o
    0x20000008   0x08002710   0x00000004   Data   RW          850    .data.SystemCoreClock  system_stm32wbaxx.o
    0x2000000c   0x08002714   0x00000004   PAD
    0x20000010        -       0x00000060   Zero   RW          912    .bss                c_w.l(libspace.o)
    0x20000070        -       0x00000094   Zero   RW           40    .bss.huart1         usart.o
    0x20000104        -       0x00000004   Zero   RW          184    .bss.uwTick         stm32wbaxx_hal.o
    0x20000108        -       0x00000200   Zero   RW            2    HEAP                startup_stm32wba52xx.o
    0x20000308        -       0x00000400   Zero   RW            1    STACK               startup_stm32wba52xx.o


==============================================================================

Image component sizes


      Code (inc. data)   RO Data    RW Data    ZI Data      Debug   Object Name

       160          0          0          0          0       2976   gpio.o
       222         20          0          0          0       3094   main.o
        68         28        344          0       1536        948   startup_stm32wba52xx.o
       206          0          0          8          4       8919   stm32wbaxx_hal.o
       162          0          0          0          0      13045   stm32wbaxx_hal_cortex.o
       418          0          0          0          0       4790   stm32wbaxx_hal_gpio.o
        32          0          0          0          0       2182   stm32wbaxx_hal_msp.o
       192          0          0          0          0       6731   stm32wbaxx_hal_pwr_ex.o
      3270         60          0          0          0      20108   stm32wbaxx_hal_rcc.o
       632          0          0          0          0       8473   stm32wbaxx_hal_rcc_ex.o
      2334        112         24          0          0      40851   stm32wbaxx_hal_uart.o
       334          0         16          0          0      12778   stm32wbaxx_hal_uart_ex.o
        20          0          0          0          0       1146   stm32wbaxx_it.o
       516         12         16          4          0       4773   system_stm32wbaxx.o
       326          0          0          0        148       7739   usart.o

    ----------------------------------------------------------------------
      8932        232        434         12       1692     138553   Object Totals
         0          0         32          0          0          0   (incl. Generated)
        40          0          2          0          4          0   (incl. Padding)

    ----------------------------------------------------------------------

      Code (inc. data)   RO Data    RW Data    ZI Data      Debug   Library Member Name

         8          0          0          0          0         68   __main.o
         0          0          0          0          0          0   __rtentry.o
        12          0          0          0          0          0   __rtentry2.o
         6          0          0          0          0          0   __rtentry4.o
        52          8          0          0          0          0   __scatter.o
        26          0          0          0          0          0   __scatter_copy.o
        28          0          0          0          0          0   __scatter_zi.o
        18          0          0          0          0         80   exit.o
         6          0          0          0          0        152   heapauxi.o
         0          0          0          0          0          0   indicate_semi.o
         2          0          0          0          0          0   libinit.o
         6          0          0          0          0          0   libinit2.o
         2          0          0          0          0          0   libshutdown.o
         2          0          0          0          0          0   libshutdown2.o
         8          4          0          0         96         68   libspace.o
       240          0          0          0          0        100   lludivv7m.o
        78          0          0          0          0         80   rt_memclr_w.o
         2          0          0          0          0          0   rtexit.o
        10          0          0          0          0          0   rtexit2.o
        12          4          0          0          0         68   sys_exit.o
        74          0          0          0          0         80   sys_stackheap_outer.o
         2          0          0          0          0         68   use_no_semi.o
        26          0          0          0          0        116   fpinit.o

    ----------------------------------------------------------------------
       626         16          0          0         96        880   Library Totals
         6          0          0          0          0          0   (incl. Padding)

    ----------------------------------------------------------------------

      Code (inc. data)   RO Data    RW Data    ZI Data      Debug   Library Name

       594         16          0          0         96        764   c_w.l
        26          0          0          0          0        116   fz_wm.l

    ----------------------------------------------------------------------
       626         16          0          0         96        880   Library Totals

    ----------------------------------------------------------------------

==============================================================================


      Code (inc. data)   RO Data    RW Data    ZI Data      Debug   

      9558        248        434         12       1788     138913   Grand Totals
      9558        248        434         12       1788     138913   ELF Image Totals
      9558        248        434         12          0          0   ROM Totals

==============================================================================

    Total RO  Size (Code + RO Data)                 9992 (   9.76kB)
    Total RW  Size (RW Data + ZI Data)              1800 (   1.76kB)
    Total ROM Size (Code + RO Data + RW Data)      10004 (   9.77kB)

==============================================================================

