Archive member included to satisfy reference by file (symbol)

D:\PersonalData\Prj\STM32Prj\U575NanoEdgeAI\STM32CubeIDE\libneai.a(NanoEdgeAI.o)
                              ./Application/User/Core/main.o (neai_anomalydetection_init)
C:/ST/STM32CubeIDE_1.13.0/STM32CubeIDE/plugins/com.st.stm32cube.ide.mcu.externaltools.gnu-tools-for-stm32.11.3.rel1.win32_1.1.0.202305231506/tools/bin/../lib/gcc/arm-none-eabi/11.3.1/../../../../arm-none-eabi/lib/thumb/v8-m.main+fp/hard\libc_nano.a(libc_a-exit.o)
                              C:/ST/STM32CubeIDE_1.13.0/STM32CubeIDE/plugins/com.st.stm32cube.ide.mcu.externaltools.gnu-tools-for-stm32.11.3.rel1.win32_1.1.0.202305231506/tools/bin/../lib/gcc/arm-none-eabi/11.3.1/../../../../arm-none-eabi/lib/thumb/v8-m.main+fp/hard/crt0.o (exit)
C:/ST/STM32CubeIDE_1.13.0/STM32CubeIDE/plugins/com.st.stm32cube.ide.mcu.externaltools.gnu-tools-for-stm32.11.3.rel1.win32_1.1.0.202305231506/tools/bin/../lib/gcc/arm-none-eabi/11.3.1/../../../../arm-none-eabi/lib/thumb/v8-m.main+fp/hard\libc_nano.a(libc_a-nano-vfprintf_float.o)
                              (_printf_float)
C:/ST/STM32CubeIDE_1.13.0/STM32CubeIDE/plugins/com.st.stm32cube.ide.mcu.externaltools.gnu-tools-for-stm32.11.3.rel1.win32_1.1.0.202305231506/tools/bin/../lib/gcc/arm-none-eabi/11.3.1/../../../../arm-none-eabi/lib/thumb/v8-m.main+fp/hard\libc_nano.a(libc_a-nano-vfprintf_i.o)
                              C:/ST/STM32CubeIDE_1.13.0/STM32CubeIDE/plugins/com.st.stm32cube.ide.mcu.externaltools.gnu-tools-for-stm32.11.3.rel1.win32_1.1.0.202305231506/tools/bin/../lib/gcc/arm-none-eabi/11.3.1/../../../../arm-none-eabi/lib/thumb/v8-m.main+fp/hard\libc_nano.a(libc_a-nano-vfprintf_float.o) (_printf_common)
C:/ST/STM32CubeIDE_1.13.0/STM32CubeIDE/plugins/com.st.stm32cube.ide.mcu.externaltools.gnu-tools-for-stm32.11.3.rel1.win32_1.1.0.202305231506/tools/bin/../lib/gcc/arm-none-eabi/11.3.1/../../../../arm-none-eabi/lib/thumb/v8-m.main+fp/hard\libc_nano.a(libc_a-findfp.o)
                              C:/ST/STM32CubeIDE_1.13.0/STM32CubeIDE/plugins/com.st.stm32cube.ide.mcu.externaltools.gnu-tools-for-stm32.11.3.rel1.win32_1.1.0.202305231506/tools/bin/../lib/gcc/arm-none-eabi/11.3.1/../../../../arm-none-eabi/lib/thumb/v8-m.main+fp/hard\libc_nano.a(libc_a-exit.o) (__stdio_exit_handler)
C:/ST/STM32CubeIDE_1.13.0/STM32CubeIDE/plugins/com.st.stm32cube.ide.mcu.externaltools.gnu-tools-for-stm32.11.3.rel1.win32_1.1.0.202305231506/tools/bin/../lib/gcc/arm-none-eabi/11.3.1/../../../../arm-none-eabi/lib/thumb/v8-m.main+fp/hard\libc_nano.a(libc_a-fwalk.o)
                              C:/ST/STM32CubeIDE_1.13.0/STM32CubeIDE/plugins/com.st.stm32cube.ide.mcu.externaltools.gnu-tools-for-stm32.11.3.rel1.win32_1.1.0.202305231506/tools/bin/../lib/gcc/arm-none-eabi/11.3.1/../../../../arm-none-eabi/lib/thumb/v8-m.main+fp/hard\libc_nano.a(libc_a-findfp.o) (_fwalk_sglue)
C:/ST/STM32CubeIDE_1.13.0/STM32CubeIDE/plugins/com.st.stm32cube.ide.mcu.externaltools.gnu-tools-for-stm32.11.3.rel1.win32_1.1.0.202305231506/tools/bin/../lib/gcc/arm-none-eabi/11.3.1/../../../../arm-none-eabi/lib/thumb/v8-m.main+fp/hard\libc_nano.a(libc_a-sprintf.o)
                              ./Application/User/Core/main.o (sprintf)
C:/ST/STM32CubeIDE_1.13.0/STM32CubeIDE/plugins/com.st.stm32cube.ide.mcu.externaltools.gnu-tools-for-stm32.11.3.rel1.win32_1.1.0.202305231506/tools/bin/../lib/gcc/arm-none-eabi/11.3.1/../../../../arm-none-eabi/lib/thumb/v8-m.main+fp/hard\libc_nano.a(libc_a-stdio.o)
                              C:/ST/STM32CubeIDE_1.13.0/STM32CubeIDE/plugins/com.st.stm32cube.ide.mcu.externaltools.gnu-tools-for-stm32.11.3.rel1.win32_1.1.0.202305231506/tools/bin/../lib/gcc/arm-none-eabi/11.3.1/../../../../arm-none-eabi/lib/thumb/v8-m.main+fp/hard\libc_nano.a(libc_a-findfp.o) (__sread)
C:/ST/STM32CubeIDE_1.13.0/STM32CubeIDE/plugins/com.st.stm32cube.ide.mcu.externaltools.gnu-tools-for-stm32.11.3.rel1.win32_1.1.0.202305231506/tools/bin/../lib/gcc/arm-none-eabi/11.3.1/../../../../arm-none-eabi/lib/thumb/v8-m.main+fp/hard\libc_nano.a(libc_a-memset.o)
                              C:/ST/STM32CubeIDE_1.13.0/STM32CubeIDE/plugins/com.st.stm32cube.ide.mcu.externaltools.gnu-tools-for-stm32.11.3.rel1.win32_1.1.0.202305231506/tools/bin/../lib/gcc/arm-none-eabi/11.3.1/../../../../arm-none-eabi/lib/thumb/v8-m.main+fp/hard/crt0.o (memset)
C:/ST/STM32CubeIDE_1.13.0/STM32CubeIDE/plugins/com.st.stm32cube.ide.mcu.externaltools.gnu-tools-for-stm32.11.3.rel1.win32_1.1.0.202305231506/tools/bin/../lib/gcc/arm-none-eabi/11.3.1/../../../../arm-none-eabi/lib/thumb/v8-m.main+fp/hard\libc_nano.a(libc_a-localeconv.o)
                              C:/ST/STM32CubeIDE_1.13.0/STM32CubeIDE/plugins/com.st.stm32cube.ide.mcu.externaltools.gnu-tools-for-stm32.11.3.rel1.win32_1.1.0.202305231506/tools/bin/../lib/gcc/arm-none-eabi/11.3.1/../../../../arm-none-eabi/lib/thumb/v8-m.main+fp/hard\libc_nano.a(libc_a-nano-vfprintf_float.o) (_localeconv_r)
[...]
Memory Configuration

Name             Origin             Length             Attributes
RAM              0x0000000020000000 0x00000000000c0000 xrw
SRAM4            0x0000000028000000 0x0000000000004000 xrw
FLASH            0x0000000008000000 0x0000000000200000 xr
*default*        0x0000000000000000 0xffffffffffffffff

Linker script and memory map

LOAD C:/ST/STM32CubeIDE_1.13.0/STM32CubeIDE/plugins/com.st.stm32cube.ide.mcu.externaltools.gnu-tools-for-stm32.11.3.rel1.win32_1.1.0.202305231506/tools/bin/../lib/gcc/arm-none-eabi/11.3.1/thumb/v8-m.main+fp/hard/crti.o
LOAD C:/ST/STM32CubeIDE_1.13.0/STM32CubeIDE/plugins/com.st.stm32cube.ide.mcu.externaltools.gnu-tools-for-stm32.11.3.rel1.win32_1.1.0.202305231506/tools/bin/../lib/gcc/arm-none-eabi/11.3.1/thumb/v8-m.main+fp/hard/crtbegin.o
LOAD C:/ST/STM32CubeIDE_1.13.0/STM32CubeIDE/plugins/com.st.stm32cube.ide.mcu.externaltools.gnu-tools-for-stm32.11.3.rel1.win32_1.1.0.202305231506/tools/bin/../lib/gcc/arm-none-eabi/11.3.1/../../../../arm-none-eabi/lib/thumb/v8-m.main+fp/hard/crt0.o
LOAD ./Application/User/Core/IIC.o
LOAD ./Application/User/Core/MPU6050.o
LOAD ./Application/User/Core/adc.o
LOAD ./Application/User/Core/gpio.o
LOAD ./Application/User/Core/icache.o
LOAD ./Application/User/Core/main.o
LOAD ./Application/User/Core/spi.o
LOAD ./Application/User/Core/stm32u5xx_hal_msp.o
LOAD ./Application/User/Core/stm32u5xx_it.o
LOAD ./Application/User/Core/syscalls.o
LOAD ./Application/User/Core/sysmem.o
LOAD ./Application/User/Core/ucpd.o
LOAD ./Application/User/Core/usart.o
LOAD ./Application/User/Startup/startup_stm32u575zitxq.o
LOAD ./Drivers/CMSIS/system_stm32u5xx.o
LOAD ./Drivers/STM32U5xx_HAL_Driver/stm32u5xx_hal.o
LOAD ./Drivers/STM32U5xx_HAL_Driver/stm32u5xx_hal_adc.o
LOAD ./Drivers/STM32U5xx_HAL_Driver/stm32u5xx_hal_adc_ex.o
LOAD ./Drivers/STM32U5xx_HAL_Driver/stm32u5xx_hal_cortex.o
LOAD ./Drivers/STM32U5xx_HAL_Driver/stm32u5xx_hal_dma.o
LOAD ./Drivers/STM32U5xx_HAL_Driver/stm32u5xx_hal_dma_ex.o
LOAD ./Drivers/STM32U5xx_HAL_Driver/stm32u5xx_hal_exti.o
LOAD ./Drivers/STM32U5xx_HAL_Driver/stm32u5xx_hal_flash.o
LOAD ./Drivers/STM32U5xx_HAL_Driver/stm32u5xx_hal_flash_ex.o
LOAD ./Drivers/STM32U5xx_HAL_Driver/stm32u5xx_hal_gpio.o
LOAD ./Drivers/STM32U5xx_HAL_Driver/stm32u5xx_hal_gtzc.o
LOAD ./Drivers/STM32U5xx_HAL_Driver/stm32u5xx_hal_i2c.o
LOAD ./Drivers/STM32U5xx_HAL_Driver/stm32u5xx_hal_i2c_ex.o
LOAD ./Drivers/STM32U5xx_HAL_Driver/stm32u5xx_hal_icache.o
LOAD ./Drivers/STM32U5xx_HAL_Driver/stm32u5xx_hal_pwr.o
LOAD ./Drivers/STM32U5xx_HAL_Driver/stm32u5xx_hal_pwr_ex.o
LOAD ./Drivers/STM32U5xx_HAL_Driver/stm32u5xx_hal_rcc.o
LOAD ./Drivers/STM32U5xx_HAL_Driver/stm32u5xx_hal_rcc_ex.o
LOAD ./Drivers/STM32U5xx_HAL_Driver/stm32u5xx_hal_spi.o
LOAD ./Drivers/STM32U5xx_HAL_Driver/stm32u5xx_hal_spi_ex.o
LOAD ./Drivers/STM32U5xx_HAL_Driver/stm32u5xx_hal_tim.o
LOAD ./Drivers/STM32U5xx_HAL_Driver/stm32u5xx_hal_tim_ex.o
LOAD ./Drivers/STM32U5xx_HAL_Driver/stm32u5xx_hal_uart.o
LOAD ./Drivers/STM32U5xx_HAL_Driver/stm32u5xx_hal_uart_ex.o
LOAD ./Drivers/STM32U5xx_HAL_Driver/stm32u5xx_ll_dma.o
LOAD ./Drivers/STM32U5xx_HAL_Driver/stm32u5xx_ll_exti.o
LOAD ./Drivers/STM32U5xx_HAL_Driver/stm32u5xx_ll_gpio.o
LOAD ./Drivers/STM32U5xx_HAL_Driver/stm32u5xx_ll_lpgpio.o
LOAD ./Drivers/STM32U5xx_HAL_Driver/stm32u5xx_ll_ucpd.o
LOAD ./Drivers/STM32U5xx_HAL_Driver/stm32u5xx_ll_utils.o
LOAD D:\PersonalData\Prj\STM32Prj\U575NanoEdgeAI\STM32CubeIDE\libneai.a
START GROUP
LOAD C:/ST/STM32CubeIDE_1.13.0/STM32CubeIDE/plugins/com.st.stm32cube.ide.mcu.externaltools.gnu-tools-for-stm32.11.3.rel1.win32_1.1.0.202305231506/tools/bin/../lib/gcc/arm-none-eabi/11.3.1/../../../../arm-none-eabi/lib/thumb/v8-m.main+fp/hard\libc_nano.a
LOAD C:/ST/STM32CubeIDE_1.13.0/STM32CubeIDE/plugins/com.st.stm32cube.ide.mcu.externaltools.gnu-tools-for-stm32.11.3.rel1.win32_1.1.0.202305231506/tools/bin/../lib/gcc/arm-none-eabi/11.3.1/../../../../arm-none-eabi/lib/thumb/v8-m.main+fp/hard\libm.a
END GROUP
START GROUP
LOAD C:/ST/STM32CubeIDE_1.13.0/STM32CubeIDE/plugins/com.st.stm32cube.ide.mcu.externaltools.gnu-tools-for-stm32.11.3.rel1.win32_1.1.0.202305231506/tools/bin/../lib/gcc/arm-none-eabi/11.3.1/thumb/v8-m.main+fp/hard\libgcc.a
LOAD C:/ST/STM32CubeIDE_1.13.0/STM32CubeIDE/plugins/com.st.stm32cube.ide.mcu.externaltools.gnu-tools-for-stm32.11.3.rel1.win32_1.1.0.202305231506/tools/bin/../lib/gcc/arm-none-eabi/11.3.1/../../../../arm-none-eabi/lib/thumb/v8-m.main+fp/hard\libc_nano.a
END GROUP
START GROUP
LOAD C:/ST/STM32CubeIDE_1.13.0/STM32CubeIDE/plugins/com.st.stm32cube.ide.mcu.externaltools.gnu-tools-for-stm32.11.3.rel1.win32_1.1.0.202305231506/tools/bin/../lib/gcc/arm-none-eabi/11.3.1/thumb/v8-m.main+fp/hard\libgcc.a
LOAD C:/ST/STM32CubeIDE_1.13.0/STM32CubeIDE/plugins/com.st.stm32cube.ide.mcu.externaltools.gnu-tools-for-stm32.11.3.rel1.win32_1.1.0.202305231506/tools/bin/../lib/gcc/arm-none-eabi/11.3.1/../../../../arm-none-eabi/lib/thumb/v8-m.main+fp/hard\libc_nano.a
LOAD C:/ST/STM32CubeIDE_1.13.0/STM32CubeIDE/plugins/com.st.stm32cube.ide.mcu.externaltools.gnu-tools-for-stm32.11.3.rel1.win32_1.1.0.202305231506/tools/bin/../lib/gcc/arm-none-eabi/11.3.1/../../../../arm-none-eabi/lib/thumb/v8-m.main+fp/hard\libnosys.a
END GROUP
START GROUP
LOAD C:/ST/STM32CubeIDE_1.13.0/STM32CubeIDE/plugins/com.st.stm32cube.ide.mcu.externaltools.gnu-tools-for-stm32.11.3.rel1.win32_1.1.0.202305231506/tools/bin/../lib/gcc/arm-none-eabi/11.3.1/thumb/v8-m.main+fp/hard\libgcc.a
LOAD C:/ST/STM32CubeIDE_1.13.0/STM32CubeIDE/plugins/com.st.stm32cube.ide.mcu.externaltools.gnu-tools-for-stm32.11.3.rel1.win32_1.1.0.202305231506/tools/bin/../lib/gcc/arm-none-eabi/11.3.1/../../../../arm-none-eabi/lib/thumb/v8-m.main+fp/hard\libc_nano.a
LOAD C:/ST/STM32CubeIDE_1.13.0/STM32CubeIDE/plugins/com.st.stm32cube.ide.mcu.externaltools.gnu-tools-for-stm32.11.3.rel1.win32_1.1.0.202305231506/tools/bin/../lib/gcc/arm-none-eabi/11.3.1/../../../../arm-none-eabi/lib/thumb/v8-m.main+fp/hard\libnosys.a
END GROUP
LOAD C:/ST/STM32CubeIDE_1.13.0/STM32CubeIDE/plugins/com.st.stm32cube.ide.mcu.externaltools.gnu-tools-for-stm32.11.3.rel1.win32_1.1.0.202305231506/tools/bin/../lib/gcc/arm-none-eabi/11.3.1/thumb/v8-m.main+fp/hard/crtend.o
LOAD C:/ST/STM32CubeIDE_1.13.0/STM32CubeIDE/plugins/com.st.stm32cube.ide.mcu.externaltools.gnu-tools-for-stm32.11.3.rel1.win32_1.1.0.202305231506/tools/bin/../lib/gcc/arm-none-eabi/11.3.1/thumb/v8-m.main+fp/hard/crtn.o
                0x00000000200c0000                _estack = (ORIGIN (RAM) + LENGTH (RAM))
                0x0000000000000200                _Min_Heap_Size = 0x200
                0x0000000000000400                _Min_Stack_Size = 0x400

.isr_vector     0x0000000008000000      0x238
 *(.isr_vector)
 .isr_vector    0x0000000008000000      0x238 ./Application/User/Startup/startup_stm32u575zitxq.o
                0x0000000008000000                g_pfnVectors

.text           0x0000000008000238     0xb7c4
 *(.text)
 .text          0x0000000008000238       0x40 C:/ST/STM32CubeIDE_1.13.0/STM32CubeIDE/plugins/com.st.stm32cube.ide.mcu.externaltools.gnu-tools-for-stm32.11.3.rel1.win32_1.1.0.202305231506/tools/bin/../lib/gcc/arm-none-eabi/11.3.1/thumb/v8-m.main+fp/hard/crtbegin.o
 .text          0x0000000008000278       0x10 C:/ST/STM32CubeIDE_1.13.0/STM32CubeIDE/plugins/com.st.stm32cube.ide.mcu.externaltools.gnu-tools-for-stm32.11.3.rel1.win32_1.1.0.202305231506/tools/bin/../lib/gcc/arm-none-eabi/11.3.1/../../../../arm-none-eabi/lib/thumb/v8-m.main+fp/hard\libc_nano.a(libc_a-strlen.o)
                0x0000000008000278                strlen
 .text          0x0000000008000288      0x378 C:/ST/STM32CubeIDE_1.13.0/STM32CubeIDE/plugins/com.st.stm32cube.ide.mcu.externaltools.gnu-tools-for-stm32.11.3.rel1.win32_1.1.0.202305231506/tools/bin/../lib/gcc/arm-none-eabi/11.3.1/thumb/v8-m.main+fp/hard\libgcc.a(_arm_addsubdf3.o)
                0x0000000008000288                __aeabi_drsub
                0x0000000008000290                __aeabi_dsub
                0x0000000008000290                __subdf3
                0x0000000008000294                __aeabi_dadd
                0x0000000008000294                __adddf3
                0x000000000800050c                __floatunsidf
                0x000000000800050c                __aeabi_ui2d
                0x000000000800052c                __floatsidf
                0x000000000800052c                __aeabi_i2d
                0x0000000008000550                __aeabi_f2d
                0x0000000008000550                __extendsfdf2
                0x0000000008000594                __floatundidf
                0x0000000008000594                __aeabi_ul2d
                0x00000000080005a4                __floatdidf
                0x00000000080005a4                __aeabi_l2d
 .text          0x0000000008000600      0x424 C:/ST/STM32CubeIDE_1.13.0/STM32CubeIDE/plugins/com.st.stm32cube.ide.mcu.externaltools.gnu-tools-for-stm32.11.3.rel1.win32_1.1.0.202305231506/tools/bin/../lib/gcc/arm-none-eabi/11.3.1/thumb/v8-m.main+fp/hard\libgcc.a(_arm_muldivdf3.o)
                0x0000000008000600                __aeabi_dmul
                0x0000000008000600                __muldf3
                0x0000000008000854                __divdf3
                0x0000000008000854                __aeabi_ddiv
 .text          0x0000000008000a24      0x110 C:/ST/STM32CubeIDE_1.13.0/STM32CubeIDE/plugins/com.st.stm32cube.ide.mcu.externaltools.gnu-tools-for-stm32.11.3.rel1.win32_1.1.0.202305231506/tools/bin/../lib/gcc/arm-none-eabi/11.3.1/thumb/v8-m.main+fp/hard\libgcc.a(_arm_cmpdf2.o)
                0x0000000008000a24                __gtdf2
                0x0000000008000a24                __gedf2
                0x0000000008000a2c                __ltdf2
                0x0000000008000a2c                __ledf2
                0x0000000008000a34                __nedf2
                0x0000000008000a34                __eqdf2
                0x0000000008000a34                __cmpdf2
                0x0000000008000ab0                __aeabi_cdrcmple
                0x0000000008000ac0                __aeabi_cdcmpeq
                0x0000000008000ac0                __aeabi_cdcmple
                0x0000000008000ad0                __aeabi_dcmpeq
                0x0000000008000ae4                __aeabi_dcmplt
                0x0000000008000af8                __aeabi_dcmple
                0x0000000008000b0c                __aeabi_dcmpge
                0x0000000008000b20                __aeabi_dcmpgt
 .text          0x0000000008000b34       0x2c C:/ST/STM32CubeIDE_1.13.0/STM32CubeIDE/plugins/com.st.stm32cube.ide.mcu.externaltools.gnu-tools-for-stm32.11.3.rel1.win32_1.1.0.202305231506/tools/bin/../lib/gcc/arm-none-eabi/11.3.1/thumb/v8-m.main+fp/hard\libgcc.a(_arm_unorddf2.o)
                0x0000000008000b34                __unorddf2
                0x0000000008000b34                __aeabi_dcmpun
 .text          0x0000000008000b60       0x50 C:/ST/STM32CubeIDE_1.13.0/STM32CubeIDE/plugins/com.st.stm32cube.ide.mcu.externaltools.gnu-tools-for-stm32.11.3.rel1.win32_1.1.0.202305231506/tools/bin/../lib/gcc/arm-none-eabi/11.3.1/thumb/v8-m.main+fp/hard\libgcc.a(_arm_fixdfsi.o)
                0x0000000008000b60                __aeabi_d2iz
                0x0000000008000b60                __fixdfsi
 .text          0x0000000008000bb0       0xa0 C:/ST/STM32CubeIDE_1.13.0/STM32CubeIDE/plugins/com.st.stm32cube.ide.mcu.externaltools.gnu-tools-for-stm32.11.3.rel1.win32_1.1.0.202305231506/tools/bin/../lib/gcc/arm-none-eabi/11.3.1/thumb/v8-m.main+fp/hard\libgcc.a(_arm_truncdfsf2.o)
                0x0000000008000bb0                __truncdfsf2
                0x0000000008000bb0                __aeabi_d2f
 .text          0x0000000008000c50       0x30 C:/ST/STM32CubeIDE_1.13.0/STM32CubeIDE/plugins/com.st.stm32cube.ide.mcu.externaltools.gnu-tools-for-stm32.11.3.rel1.win32_1.1.0.202305231506/tools/bin/../lib/gcc/arm-none-eabi/11.3.1/thumb/v8-m.main+fp/hard\libgcc.a(_aeabi_uldivmod.o)
                0x0000000008000c50                __aeabi_uldivmod
 .text          0x0000000008000c80      0x2ec C:/ST/STM32CubeIDE_1.13.0/STM32CubeIDE/plugins/com.st.stm32cube.ide.mcu.externaltools.gnu-tools-for-stm32.11.3.rel1.win32_1.1.0.202305231506/tools/bin/../lib/gcc/arm-none-eabi/11.3.1/thumb/v8-m.main+fp/hard\libgcc.a(_udivmoddi4.o)
                0x0000000008000c80                __udivmoddi4
 .text          0x0000000008000f6c        0x4 C:/ST/STM32CubeIDE_1.13.0/STM32CubeIDE/plugins/com.st.stm32cube.ide.mcu.externaltools.gnu-tools-for-stm32.11.3.rel1.win32_1.1.0.202305231506/tools/bin/../lib/gcc/arm-none-eabi/11.3.1/thumb/v8-m.main+fp/hard\libgcc.a(_dvmd_tls.o)
                0x0000000008000f6c                __aeabi_idiv0
                0x0000000008000f6c                __aeabi_ldiv0
 *(.text*)
 .text.IIC_SDA  0x0000000008000f70       0x24 ./Application/User/Core/IIC.o
                0x0000000008000f70                IIC_SDA
 .text.IIC_SCL  0x0000000008000f94       0x24 ./Application/User/Core/IIC.o
                0x0000000008000f94                IIC_SCL
 .text.IIC_R_SDA
                0x0000000008000fb8       0x20 ./Application/User/Core/IIC.o
                0x0000000008000fb8                IIC_R_SDA
 .text.IIC_Start
                0x0000000008000fd8       0x20 ./Application/User/Core/IIC.o
                0x0000000008000fd8                IIC_Start
 .text.IIC_Stop
                0x0000000008000ff8       0x20 ./Application/User/Core/IIC.o
                0x0000000008000ff8                IIC_Stop
 .text.IIC_WriteByte
                0x0000000008001018       0x50 ./Application/User/Core/IIC.o
                0x0000000008001018                IIC_WriteByte
 .text.IIC_ReadByte
                0x0000000008001068       0x56 ./Application/User/Core/IIC.o
                0x0000000008001068                IIC_ReadByte
 .text.IIC_SendACK
                0x00000000080010be       0x26 ./Application/User/Core/IIC.o
                0x00000000080010be                IIC_SendACK
 .text.IIC_ReadACK
                0x00000000080010e4       0x2e ./Application/User/Core/IIC.o
                0x00000000080010e4                IIC_ReadACK
 .text.MPU6050_WriteReg
                0x0000000008001112       0x42 ./Application/User/Core/MPU6050.o
                0x0000000008001112                MPU6050_WriteReg
 .text.MPU6050_ReadReg
                0x0000000008001154       0x4e ./Application/User/Core/MPU6050.o
                0x0000000008001154                MPU6050_ReadReg
 .text.MPU6050_Init
                0x00000000080011a2       0x38 ./Application/User/Core/MPU6050.o
                0x00000000080011a2                MPU6050_Init
 .text.MPU6050_GetData
                0x00000000080011da       0xfa ./Application/User/Core/MPU6050.o
                0x00000000080011da                MPU6050_GetData
 .text.MX_ADC1_Init
                0x00000000080012d4       0x88 ./Application/User/Core/adc.o
                0x00000000080012d4                MX_ADC1_Init
 .text.HAL_ADC_MspInit
                0x000000000800135c       0xc8 ./Application/User/Core/adc.o
                0x000000000800135c                HAL_ADC_MspInit
 .text.MX_GPIO_Init
                0x0000000008001424      0x1b4 ./Application/User/Core/gpio.o
                0x0000000008001424                MX_GPIO_Init
 .text.MX_ICACHE_Init
                0x00000000080015d8       0x26 ./Application/User/Core/icache.o
                0x00000000080015d8                MX_ICACHE_Init
 *fill*         0x00000000080015fe        0x2 
 .text.main     0x0000000008001600      0x114 ./Application/User/Core/main.o
                0x0000000008001600                main
 .text.SystemClock_Config
                0x0000000008001714       0xc2 ./Application/User/Core/main.o
                0x0000000008001714                SystemClock_Config
 .text.SystemPower_Config
                0x00000000080017d6       0x1c ./Application/User/Core/main.o
 *fill*         0x00000000080017f2        0x2 
 .text.fill_accelerometer_buffer
                0x00000000080017f4      0x2d0 ./Application/User/Core/main.o
                0x00000000080017f4                fill_accelerometer_buffer
 .text.Error_Handler
                0x0000000008001ac4        0x6 ./Application/User/Core/main.o
                0x0000000008001ac4                Error_Handler
 *fill*         0x0000000008001aca        0x2 
 .text.MX_SPI1_Init
                0x0000000008001acc       0xdc ./Application/User/Core/spi.o
                0x0000000008001acc                MX_SPI1_Init
 .text.HAL_SPI_MspInit
                0x0000000008001ba8       0xd4 ./Application/User/Core/spi.o
                0x0000000008001ba8                HAL_SPI_MspInit
 .text.HAL_MspInit
                0x0000000008001c7c       0x38 ./Application/User/Core/stm32u5xx_hal_msp.o
                0x0000000008001c7c                HAL_MspInit
 .text.NMI_Handler
                0x0000000008001cb4        0x6 ./Application/User/Core/stm32u5xx_it.o
                0x0000000008001cb4                NMI_Handler
 .text.HardFault_Handler
                0x0000000008001cba        0x6 ./Application/User/Core/stm32u5xx_it.o
                0x0000000008001cba                HardFault_Handler
 .text.MemManage_Handler
                0x0000000008001cc0        0x6 ./Application/User/Core/stm32u5xx_it.o
                0x0000000008001cc0                MemManage_Handler
 .text.BusFault_Handler
                0x0000000008001cc6        0x6 ./Application/User/Core/stm32u5xx_it.o
                0x0000000008001cc6                BusFault_Handler
 .text.UsageFault_Handler
                0x0000000008001ccc        0x6 ./Application/User/Core/stm32u5xx_it.o
                0x0000000008001ccc                UsageFault_Handler
 .text.SVC_Handler
                0x0000000008001cd2        0xe ./Application/User/Core/stm32u5xx_it.o
                0x0000000008001cd2                SVC_Handler
 .text.DebugMon_Handler
                0x0000000008001ce0        0xe ./Application/User/Core/stm32u5xx_it.o
                0x0000000008001ce0                DebugMon_Handler
 .text.PendSV_Handler
                0x0000000008001cee        0xe ./Application/User/Core/stm32u5xx_it.o
                0x0000000008001cee                PendSV_Handler
 .text.SysTick_Handler
                0x0000000008001cfc        0xc ./Application/User/Core/stm32u5xx_it.o
                0x0000000008001cfc                SysTick_Handler
 .text._getpid  0x0000000008001d08       0x10 ./Application/User/Core/syscalls.o
                0x0000000008001d08                _getpid
 .text._kill    0x0000000008001d18       0x20 ./Application/User/Core/syscalls.o
                0x0000000008001d18                _kill
 .text._exit    0x0000000008001d38       0x14 ./Application/User/Core/syscalls.o
                0x0000000008001d38                _exit
 .text._read    0x0000000008001d4c       0x3a ./Application/User/Core/syscalls.o
                0x0000000008001d4c                _read
 .text._write   0x0000000008001d86       0x38 ./Application/User/Core/syscalls.o
                0x0000000008001d86                _write
 .text._close   0x0000000008001dbe       0x18 ./Application/User/Core/syscalls.o
                0x0000000008001dbe                _close
 .text._fstat   0x0000000008001dd6       0x20 ./Application/User/Core/syscalls.o
                0x0000000008001dd6                _fstat
 .text._isatty  0x0000000008001df6       0x16 ./Application/User/Core/syscalls.o
                0x0000000008001df6                _isatty
 .text._lseek   0x0000000008001e0c       0x1a ./Application/User/Core/syscalls.o
                0x0000000008001e0c                _lseek
 *fill*         0x0000000008001e26        0x2 
 .text._sbrk    0x0000000008001e28       0x6c ./Application/User/Core/sysmem.o
                0x0000000008001e28                _sbrk
 .text.LL_AHB2_GRP1_EnableClock
                0x0000000008001e94       0x38 ./Application/User/Core/ucpd.o
 .text.LL_APB1_GRP2_EnableClock
                0x0000000008001ecc       0x38 ./Application/User/Core/ucpd.o
 .text.MX_UCPD1_Init
                0x0000000008001f04       0x6c ./Application/User/Core/ucpd.o
                0x0000000008001f04                MX_UCPD1_Init
 .text.MX_USART1_UART_Init
                0x0000000008001f70       0x9c ./Application/User/Core/usart.o
                0x0000000008001f70                MX_USART1_UART_Init
 .text.HAL_UART_MspInit
                0x000000000800200c       0xd0 ./Application/User/Core/usart.o
                0x000000000800200c                HAL_UART_MspInit
 .text.Reset_Handler
                0x00000000080020dc       0x50 ./Application/User/Startup/startup_stm32u575zitxq.o
                0x00000000080020dc                Reset_Handler
 .text.Default_Handler
                0x000000000800212c        0x2 ./Application/User/Startup/startup_stm32u575zitxq.o
                0x000000000800212c                EXTI2_IRQHandler
                0x000000000800212c                TIM8_TRG_COM_IRQHandler
                0x000000000800212c                TIM8_CC_IRQHandler
                0x000000000800212c                EXTI5_IRQHandler
                0x000000000800212c                FLASH_S_IRQHandler
                0x000000000800212c                EXTI13_IRQHandler
                0x000000000800212c                TIM1_CC_IRQHandler
                0x000000000800212c                TSC_IRQHandler
                0x000000000800212c                TAMP_IRQHandler
                0x000000000800212c                TIM6_IRQHandler
                0x000000000800212c                EXTI12_IRQHandler
                0x000000000800212c                CORDIC_IRQHandler
                0x000000000800212c                EXTI3_IRQHandler
                0x000000000800212c                LPTIM4_IRQHandler
                0x000000000800212c                GPDMA1_Channel5_IRQHandler
                0x000000000800212c                EXTI8_IRQHandler
                0x000000000800212c                LPTIM2_IRQHandler
                0x000000000800212c                I2C3_ER_IRQHandler
                0x000000000800212c                PWR_S3WU_IRQHandler
                0x000000000800212c                MDF1_FLT2_IRQHandler
                0x000000000800212c                LPDMA1_Channel3_IRQHandler
                0x000000000800212c                LPTIM3_IRQHandler
                0x000000000800212c                EXTI0_IRQHandler
                0x000000000800212c                I2C2_EV_IRQHandler
                0x000000000800212c                FPU_IRQHandler
                0x000000000800212c                GPDMA1_Channel3_IRQHandler
                0x000000000800212c                GPDMA1_Channel7_IRQHandler
                0x000000000800212c                MDF1_FLT4_IRQHandler
                0x000000000800212c                FDCAN1_IT1_IRQHandler
                0x000000000800212c                RAMCFG_IRQHandler
                0x000000000800212c                GPDMA1_Channel9_IRQHandler
                0x000000000800212c                DCACHE1_IRQHandler
                0x000000000800212c                SPI1_IRQHandler
                0x000000000800212c                OCTOSPI1_IRQHandler
                0x000000000800212c                GPDMA1_Channel2_IRQHandler
                0x000000000800212c                TIM8_UP_IRQHandler
                0x000000000800212c                RCC_S_IRQHandler
                0x000000000800212c                OCTOSPI2_IRQHandler
                0x000000000800212c                SAI2_IRQHandler
                0x000000000800212c                MDF1_FLT1_IRQHandler
                0x000000000800212c                ADC1_IRQHandler
                0x000000000800212c                MDF1_FLT5_IRQHandler
                0x000000000800212c                EXTI15_IRQHandler
                0x000000000800212c                TIM17_IRQHandler
                0x000000000800212c                USART3_IRQHandler
                0x000000000800212c                RTC_IRQHandler
                0x000000000800212c                EXTI9_IRQHandler
                0x000000000800212c                UART5_IRQHandler
                0x000000000800212c                TIM4_IRQHandler
                0x000000000800212c                I2C1_EV_IRQHandler
                0x000000000800212c                GPDMA1_Channel12_IRQHandler
                0x000000000800212c                GPDMA1_Channel1_IRQHandler
                0x000000000800212c                TIM16_IRQHandler
                0x000000000800212c                GPDMA1_Channel15_IRQHandler
                0x000000000800212c                UART4_IRQHandler
                0x000000000800212c                SecureFault_Handler
                0x000000000800212c                TIM3_IRQHandler
                0x000000000800212c                RCC_IRQHandler
                0x000000000800212c                TIM1_TRG_COM_IRQHandler
                0x000000000800212c                Default_Handler
                0x000000000800212c                GPDMA1_Channel8_IRQHandler
                0x000000000800212c                FMAC_IRQHandler
                0x000000000800212c                GPDMA1_Channel11_IRQHandler
                0x000000000800212c                TIM7_IRQHandler
                0x000000000800212c                SDMMC1_IRQHandler
                0x000000000800212c                TIM5_IRQHandler
                0x000000000800212c                UCPD1_IRQHandler
                0x000000000800212c                GPDMA1_Channel0_IRQHandler
                0x000000000800212c                TIM15_IRQHandler
                0x000000000800212c                I2C3_EV_IRQHandler
                0x000000000800212c                LPDMA1_Channel0_IRQHandler
                0x000000000800212c                PVD_PVM_IRQHandler
                0x000000000800212c                SPI2_IRQHandler
                0x000000000800212c                LPDMA1_Channel1_IRQHandler
                0x000000000800212c                EXTI14_IRQHandler
                0x000000000800212c                EXTI11_IRQHandler
                0x000000000800212c                CRS_IRQHandler
                0x000000000800212c                GPDMA1_Channel14_IRQHandler
                0x000000000800212c                LSECSSD_IRQHandler
                0x000000000800212c                EXTI4_IRQHandler
                0x000000000800212c                RTC_S_IRQHandler
                0x000000000800212c                GPDMA1_Channel13_IRQHandler
                0x000000000800212c                RNG_IRQHandler
                0x000000000800212c                COMP_IRQHandler
                0x000000000800212c                TIM1_UP_IRQHandler
                0x000000000800212c                ADC4_IRQHandler
                0x000000000800212c                WWDG_IRQHandler
                0x000000000800212c                I2C4_EV_IRQHandler
                0x000000000800212c                ADF1_IRQHandler
                0x000000000800212c                IWDG_IRQHandler
                0x000000000800212c                LPUART1_IRQHandler
                0x000000000800212c                MDF1_FLT0_IRQHandler
                0x000000000800212c                FDCAN1_IT0_IRQHandler
                0x000000000800212c                TIM2_IRQHandler
                0x000000000800212c                GPDMA1_Channel4_IRQHandler
                0x000000000800212c                EXTI7_IRQHandler
                0x000000000800212c                DMA2D_IRQHandler
                0x000000000800212c                TIM1_BRK_IRQHandler
                0x000000000800212c                EXTI1_IRQHandler
                0x000000000800212c                SDMMC2_IRQHandler
                0x000000000800212c                DAC1_IRQHandler
                0x000000000800212c                GTZC_IRQHandler
                0x000000000800212c                MDF1_FLT3_IRQHandler
                0x000000000800212c                USART2_IRQHandler
                0x000000000800212c                GPDMA1_Channel6_IRQHandler
                0x000000000800212c                I2C2_ER_IRQHandler
                0x000000000800212c                TIM8_BRK_IRQHandler
                0x000000000800212c                FLASH_IRQHandler
                0x000000000800212c                USART1_IRQHandler
                0x000000000800212c                EXTI10_IRQHandler
                0x000000000800212c                OTG_FS_IRQHandler
                0x000000000800212c                SPI3_IRQHandler
                0x000000000800212c                LPDMA1_Channel2_IRQHandler
                0x000000000800212c                I2C1_ER_IRQHandler
                0x000000000800212c                FMC_IRQHandler
                0x000000000800212c                EXTI6_IRQHandler
                0x000000000800212c                LPTIM1_IRQHandler
                0x000000000800212c                DCMI_PSSI_IRQHandler
                0x000000000800212c                I2C4_ER_IRQHandler
                0x000000000800212c                GPDMA1_Channel10_IRQHandler
                0x000000000800212c                ICACHE_IRQHandler
                0x000000000800212c                SAI1_IRQHandler
                0x000000000800212c                HASH_IRQHandler
 *fill*         0x000000000800212e        0x2 
 .text.SystemInit
                0x0000000008002130       0x70 ./Drivers/CMSIS/system_stm32u5xx.o
                0x0000000008002130                SystemInit
 .text.HAL_Init
                0x00000000080021a0       0x5c ./Drivers/STM32U5xx_HAL_Driver/stm32u5xx_hal.o
                0x00000000080021a0                HAL_Init
 .text.HAL_InitTick
                0x00000000080021fc       0x6c ./Drivers/STM32U5xx_HAL_Driver/stm32u5xx_hal.o
                0x00000000080021fc                HAL_InitTick
 .text.HAL_IncTick
                0x0000000008002268       0x28 ./Drivers/STM32U5xx_HAL_Driver/stm32u5xx_hal.o
                0x0000000008002268                HAL_IncTick
 .text.HAL_GetTick
                0x0000000008002290       0x18 ./Drivers/STM32U5xx_HAL_Driver/stm32u5xx_hal.o
                0x0000000008002290                HAL_GetTick
 .text.HAL_Delay
                0x00000000080022a8       0x48 ./Drivers/STM32U5xx_HAL_Driver/stm32u5xx_hal.o
                0x00000000080022a8                HAL_Delay
 .text.LL_ADC_SetCommonClock
                0x00000000080022f0       0x26 ./Drivers/STM32U5xx_HAL_Driver/stm32u5xx_hal_adc.o
 *fill*         0x0000000008002316        0x2 
 .text.LL_ADC_SetResolution
                0x0000000008002318       0x40 ./Drivers/STM32U5xx_HAL_Driver/stm32u5xx_hal_adc.o
 .text.LL_ADC_SetGainCompensation
                0x0000000008002358       0x46 ./Drivers/STM32U5xx_HAL_Driver/stm32u5xx_hal_adc.o
 .text.LL_ADC_SetSamplingTimeCommonChannels
                0x000000000800239e       0x3e ./Drivers/STM32U5xx_HAL_Driver/stm32u5xx_hal_adc.o
 .text.LL_ADC_DisableDeepPowerDown
                0x00000000080023dc       0x24 ./Drivers/STM32U5xx_HAL_Driver/stm32u5xx_hal_adc.o
 .text.LL_ADC_IsDeepPowerDownEnabled
                0x0000000008002400       0x28 ./Drivers/STM32U5xx_HAL_Driver/stm32u5xx_hal_adc.o
 .text.LL_ADC_EnableInternalRegulator
                0x0000000008002428       0x28 ./Drivers/STM32U5xx_HAL_Driver/stm32u5xx_hal_adc.o
 .text.LL_ADC_IsInternalRegulatorEnabled
                0x0000000008002450       0x28 ./Drivers/STM32U5xx_HAL_Driver/stm32u5xx_hal_adc.o
 .text.LL_ADC_IsEnabled
                0x0000000008002478       0x26 ./Drivers/STM32U5xx_HAL_Driver/stm32u5xx_hal_adc.o
 .text.LL_ADC_REG_IsConversionOngoing
                0x000000000800249e       0x26 ./Drivers/STM32U5xx_HAL_Driver/stm32u5xx_hal_adc.o
 .text.LL_ADC_INJ_IsConversionOngoing
                0x00000000080024c4       0x26 ./Drivers/STM32U5xx_HAL_Driver/stm32u5xx_hal_adc.o
 *fill*         0x00000000080024ea        0x2 
 .text.HAL_ADC_Init
                0x00000000080024ec      0x594 ./Drivers/STM32U5xx_HAL_Driver/stm32u5xx_hal_adc.o
                0x00000000080024ec                HAL_ADC_Init
 .text.__NVIC_SetPriorityGrouping
                0x0000000008002a80       0x48 ./Drivers/STM32U5xx_HAL_Driver/stm32u5xx_hal_cortex.o
 .text.__NVIC_GetPriorityGrouping
                0x0000000008002ac8       0x1c ./Drivers/STM32U5xx_HAL_Driver/stm32u5xx_hal_cortex.o
 .text.__NVIC_SetPriority
                0x0000000008002ae4       0x54 ./Drivers/STM32U5xx_HAL_Driver/stm32u5xx_hal_cortex.o
 .text.NVIC_EncodePriority
                0x0000000008002b38       0x66 ./Drivers/STM32U5xx_HAL_Driver/stm32u5xx_hal_cortex.o
 *fill*         0x0000000008002b9e        0x2 
 .text.SysTick_Config
                0x0000000008002ba0       0x44 ./Drivers/STM32U5xx_HAL_Driver/stm32u5xx_hal_cortex.o
 .text.HAL_NVIC_SetPriorityGrouping
                0x0000000008002be4       0x16 ./Drivers/STM32U5xx_HAL_Driver/stm32u5xx_hal_cortex.o
                0x0000000008002be4                HAL_NVIC_SetPriorityGrouping
 .text.HAL_NVIC_SetPriority
                0x0000000008002bfa       0x34 ./Drivers/STM32U5xx_HAL_Driver/stm32u5xx_hal_cortex.o
                0x0000000008002bfa                HAL_NVIC_SetPriority
 .text.HAL_SYSTICK_Config
                0x0000000008002c2e       0x18 ./Drivers/STM32U5xx_HAL_Driver/stm32u5xx_hal_cortex.o
                0x0000000008002c2e                HAL_SYSTICK_Config
 *fill*         0x0000000008002c46        0x2 
 .text.HAL_GPIO_Init
                0x0000000008002c48      0x3b0 ./Drivers/STM32U5xx_HAL_Driver/stm32u5xx_hal_gpio.o
                0x0000000008002c48                HAL_GPIO_Init
 .text.HAL_GPIO_ReadPin
                0x0000000008002ff8       0x30 ./Drivers/STM32U5xx_HAL_Driver/stm32u5xx_hal_gpio.o
                0x0000000008002ff8                HAL_GPIO_ReadPin
 .text.HAL_GPIO_WritePin
                0x0000000008003028       0x30 ./Drivers/STM32U5xx_HAL_Driver/stm32u5xx_hal_gpio.o
                0x0000000008003028                HAL_GPIO_WritePin
 .text.HAL_GPIO_TogglePin
                0x0000000008003058       0x34 ./Drivers/STM32U5xx_HAL_Driver/stm32u5xx_hal_gpio.o
                0x0000000008003058                HAL_GPIO_TogglePin
 .text.HAL_ICACHE_ConfigAssociativityMode
                0x000000000800308c       0x40 ./Drivers/STM32U5xx_HAL_Driver/stm32u5xx_hal_icache.o
                0x000000000800308c                HAL_ICACHE_ConfigAssociativityMode
 .text.HAL_ICACHE_Enable
                0x00000000080030cc       0x20 ./Drivers/STM32U5xx_HAL_Driver/stm32u5xx_hal_icache.o
                0x00000000080030cc                HAL_ICACHE_Enable
 .text.HAL_PWREx_ControlVoltageScaling
                0x00000000080030ec       0xfc ./Drivers/STM32U5xx_HAL_Driver/stm32u5xx_hal_pwr_ex.o
                0x00000000080030ec                HAL_PWREx_ControlVoltageScaling
 .text.HAL_PWREx_GetVoltageRange
                0x00000000080031e8       0x1c ./Drivers/STM32U5xx_HAL_Driver/stm32u5xx_hal_pwr_ex.o
                0x00000000080031e8                HAL_PWREx_GetVoltageRange
 .text.HAL_PWREx_ConfigSupply
                0x0000000008003204       0xa0 ./Drivers/STM32U5xx_HAL_Driver/stm32u5xx_hal_pwr_ex.o
                0x0000000008003204                HAL_PWREx_ConfigSupply
 .text.HAL_PWREx_EnableVddIO2
                0x00000000080032a4       0x20 ./Drivers/STM32U5xx_HAL_Driver/stm32u5xx_hal_pwr_ex.o
                0x00000000080032a4                HAL_PWREx_EnableVddIO2
 .text.HAL_RCC_OscConfig
                0x00000000080032c4      0xdb8 ./Drivers/STM32U5xx_HAL_Driver/stm32u5xx_hal_rcc.o
                0x00000000080032c4                HAL_RCC_OscConfig
 .text.HAL_RCC_ClockConfig
                0x000000000800407c      0x3e4 ./Drivers/STM32U5xx_HAL_Driver/stm32u5xx_hal_rcc.o
                0x000000000800407c                HAL_RCC_ClockConfig
 .text.HAL_RCC_GetSysClockFreq
                0x0000000008004460      0x210 ./Drivers/STM32U5xx_HAL_Driver/stm32u5xx_hal_rcc.o
                0x0000000008004460                HAL_RCC_GetSysClockFreq
 .text.HAL_RCC_GetHCLKFreq
                0x0000000008004670       0x34 ./Drivers/STM32U5xx_HAL_Driver/stm32u5xx_hal_rcc.o
                0x0000000008004670                HAL_RCC_GetHCLKFreq
 .text.HAL_RCC_GetPCLK1Freq
                0x00000000080046a4       0x28 ./Drivers/STM32U5xx_HAL_Driver/stm32u5xx_hal_rcc.o
                0x00000000080046a4                HAL_RCC_GetPCLK1Freq
 .text.HAL_RCC_GetPCLK2Freq
                0x00000000080046cc       0x28 ./Drivers/STM32U5xx_HAL_Driver/stm32u5xx_hal_rcc.o
                0x00000000080046cc                HAL_RCC_GetPCLK2Freq
 .text.HAL_RCC_GetPCLK3Freq
                0x00000000080046f4       0x28 ./Drivers/STM32U5xx_HAL_Driver/stm32u5xx_hal_rcc.o
                0x00000000080046f4                HAL_RCC_GetPCLK3Freq
 .text.RCC_SetFlashLatencyFromMSIRange
                0x000000000800471c      0x10c ./Drivers/STM32U5xx_HAL_Driver/stm32u5xx_hal_rcc.o
 .text.HAL_RCCEx_PeriphCLKConfig
                0x0000000008004828      0xb80 ./Drivers/STM32U5xx_HAL_Driver/stm32u5xx_hal_rcc_ex.o
                0x0000000008004828                HAL_RCCEx_PeriphCLKConfig
 .text.HAL_RCCEx_GetPLL1ClockFreq
                0x00000000080053a8      0x2d0 ./Drivers/STM32U5xx_HAL_Driver/stm32u5xx_hal_rcc_ex.o
                0x00000000080053a8                HAL_RCCEx_GetPLL1ClockFreq
 .text.HAL_RCCEx_GetPLL2ClockFreq
                0x0000000008005678      0x2d0 ./Drivers/STM32U5xx_HAL_Driver/stm32u5xx_hal_rcc_ex.o
                0x0000000008005678                HAL_RCCEx_GetPLL2ClockFreq
 .text.HAL_RCCEx_GetPLL3ClockFreq
                0x0000000008005948      0x2d0 ./Drivers/STM32U5xx_HAL_Driver/stm32u5xx_hal_rcc_ex.o
                0x0000000008005948                HAL_RCCEx_GetPLL3ClockFreq
 .text.HAL_RCCEx_GetPeriphCLKFreq
                0x0000000008005c18     0x13c4 ./Drivers/STM32U5xx_HAL_Driver/stm32u5xx_hal_rcc_ex.o
                0x0000000008005c18                HAL_RCCEx_GetPeriphCLKFreq
 .text.RCCEx_PLL2_Config
                0x0000000008006fdc      0x130 ./Drivers/STM32U5xx_HAL_Driver/stm32u5xx_hal_rcc_ex.o
 .text.RCCEx_PLL3_Config
                0x000000000800710c      0x130 ./Drivers/STM32U5xx_HAL_Driver/stm32u5xx_hal_rcc_ex.o
 .text.HAL_SPI_Init
                0x000000000800723c      0x22c ./Drivers/STM32U5xx_HAL_Driver/stm32u5xx_hal_spi.o
                0x000000000800723c                HAL_SPI_Init
 .text.SPI_GetPacketSize
                0x0000000008007468       0x36 ./Drivers/STM32U5xx_HAL_Driver/stm32u5xx_hal_spi.o
 .text.HAL_SPIEx_SetConfigAutonomousMode
                0x000000000800749e       0x82 ./Drivers/STM32U5xx_HAL_Driver/stm32u5xx_hal_spi_ex.o
                0x000000000800749e                HAL_SPIEx_SetConfigAutonomousMode
 .text.HAL_UART_Init
                0x0000000008007520       0xa0 ./Drivers/STM32U5xx_HAL_Driver/stm32u5xx_hal_uart.o
                0x0000000008007520                HAL_UART_Init
 .text.HAL_UART_Transmit
                0x00000000080075c0      0x13c ./Drivers/STM32U5xx_HAL_Driver/stm32u5xx_hal_uart.o
                0x00000000080075c0                HAL_UART_Transmit
 .text.UART_SetConfig
                0x00000000080076fc      0x344 ./Drivers/STM32U5xx_HAL_Driver/stm32u5xx_hal_uart.o
                0x00000000080076fc                UART_SetConfig
 .text.UART_AdvFeatureConfig
                0x0000000008007a40      0x144 ./Drivers/STM32U5xx_HAL_Driver/stm32u5xx_hal_uart.o
                0x0000000008007a40                UART_AdvFeatureConfig
 .text.UART_CheckIdleState
                0x0000000008007b84      0x154 ./Drivers/STM32U5xx_HAL_Driver/stm32u5xx_hal_uart.o
                0x0000000008007b84                UART_CheckIdleState
 .text.UART_WaitOnFlagUntilTimeout
                0x0000000008007cd8       0xce ./Drivers/STM32U5xx_HAL_Driver/stm32u5xx_hal_uart.o
                0x0000000008007cd8                UART_WaitOnFlagUntilTimeout
 .text.UART_EndRxTransfer
                0x0000000008007da6       0xcc ./Drivers/STM32U5xx_HAL_Driver/stm32u5xx_hal_uart.o
 .text.HAL_UARTEx_DisableFifoMode
                0x0000000008007e72       0x72 ./Drivers/STM32U5xx_HAL_Driver/stm32u5xx_hal_uart_ex.o
                0x0000000008007e72                HAL_UARTEx_DisableFifoMode
 .text.HAL_UARTEx_SetTxFifoThreshold
                0x0000000008007ee4       0x7c ./Drivers/STM32U5xx_HAL_Driver/stm32u5xx_hal_uart_ex.o
                0x0000000008007ee4                HAL_UARTEx_SetTxFifoThreshold
 .text.HAL_UARTEx_SetRxFifoThreshold
                0x0000000008007f60       0x7c ./Drivers/STM32U5xx_HAL_Driver/stm32u5xx_hal_uart_ex.o
                0x0000000008007f60                HAL_UARTEx_SetRxFifoThreshold
 .text.UARTEx_SetNbDataToProcess
                0x0000000008007fdc       0x9c ./Drivers/STM32U5xx_HAL_Driver/stm32u5xx_hal_uart_ex.o
 .text.LL_GPIO_SetPinMode
                0x0000000008008078       0x7a ./Drivers/STM32U5xx_HAL_Driver/stm32u5xx_ll_gpio.o
 .text.LL_GPIO_SetPinOutputType
                0x00000000080080f2       0x30 ./Drivers/STM32U5xx_HAL_Driver/stm32u5xx_ll_gpio.o
 .text.LL_GPIO_SetPinSpeed
                0x0000000008008122       0x7a ./Drivers/STM32U5xx_HAL_Driver/stm32u5xx_ll_gpio.o
 .text.LL_GPIO_SetPinPull
                0x000000000800819c       0x7a ./Drivers/STM32U5xx_HAL_Driver/stm32u5xx_ll_gpio.o
 .text.LL_GPIO_SetAFPin_0_7
                0x0000000008008216       0x7a ./Drivers/STM32U5xx_HAL_Driver/stm32u5xx_ll_gpio.o
 .text.LL_GPIO_SetAFPin_8_15
                0x0000000008008290       0x7e ./Drivers/STM32U5xx_HAL_Driver/stm32u5xx_ll_gpio.o
 .text.LL_GPIO_Init
                0x000000000800830e       0xfc ./Drivers/STM32U5xx_HAL_Driver/stm32u5xx_ll_gpio.o
                0x000000000800830e                LL_GPIO_Init
 *fill*         0x000000000800840a        0x2 
 .text.funchad35.constprop.0
                0x000000000800840c      0x190 D:\PersonalData\Prj\STM32Prj\U575NanoEdgeAI\STM32CubeIDE\libneai.a(NanoEdgeAI.o)
 .text.funchad14.constprop.0
                0x000000000800859c       0xf0 D:\PersonalData\Prj\STM32Prj\U575NanoEdgeAI\STM32CubeIDE\libneai.a(NanoEdgeAI.o)
 .text.neai_anomalydetection_init
                0x000000000800868c       0x78 D:\PersonalData\Prj\STM32Prj\U575NanoEdgeAI\STM32CubeIDE\libneai.a(NanoEdgeAI.o)
                0x000000000800868c                neai_anomalydetection_init
 *fill*         0x0000000008008704        0x4 
 .text.neai_anomalydetection_learn
                0x0000000008008708      0x244 D:\PersonalData\Prj\STM32Prj\U575NanoEdgeAI\STM32CubeIDE\libneai.a(NanoEdgeAI.o)
                0x0000000008008708                neai_anomalydetection_learn
 *fill*         0x000000000800894c        0x4 
 .text.neai_anomalydetection_detect
                0x0000000008008950      0x1ec D:\PersonalData\Prj\STM32Prj\U575NanoEdgeAI\STM32CubeIDE\libneai.a(NanoEdgeAI.o)
                0x0000000008008950                neai_anomalydetection_detect
 .text.__cvt    0x0000000008008b3c       0xc4 C:/ST/STM32CubeIDE_1.13.0/STM32CubeIDE/plugins/com.st.stm32cube.ide.mcu.externaltools.gnu-tools-for-stm32.11.3.rel1.win32_1.1.0.202305231506/tools/bin/../lib/gcc/arm-none-eabi/11.3.1/../../../../arm-none-eabi/lib/thumb/v8-m.main+fp/hard\libc_nano.a(libc_a-nano-vfprintf_float.o)
                0x0000000008008b3c                __cvt
 .text.__exponent
                0x0000000008008c00       0x7a C:/ST/STM32CubeIDE_1.13.0/STM32CubeIDE/plugins/com.st.stm32cube.ide.mcu.externaltools.gnu-tools-for-stm32.11.3.rel1.win32_1.1.0.202305231506/tools/bin/../lib/gcc/arm-none-eabi/11.3.1/../../../../arm-none-eabi/lib/thumb/v8-m.main+fp/hard\libc_nano.a(libc_a-nano-vfprintf_float.o)
                0x0000000008008c00                __exponent
 *fill*         0x0000000008008c7a        0x2 
 .text._printf_float
                0x0000000008008c7c      0x46c C:/ST/STM32CubeIDE_1.13.0/STM32CubeIDE/plugins/com.st.stm32cube.ide.mcu.externaltools.gnu-tools-for-stm32.11.3.rel1.win32_1.1.0.202305231506/tools/bin/../lib/gcc/arm-none-eabi/11.3.1/../../../../arm-none-eabi/lib/thumb/v8-m.main+fp/hard\libc_nano.a(libc_a-nano-vfprintf_float.o)
                0x0000000008008c7c                _printf_float
 .text._printf_common
                0x00000000080090e8       0xe4 C:/ST/STM32CubeIDE_1.13.0/STM32CubeIDE/plugins/com.st.stm32cube.ide.mcu.externaltools.gnu-tools-for-stm32.11.3.rel1.win32_1.1.0.202305231506/tools/bin/../lib/gcc/arm-none-eabi/11.3.1/../../../../arm-none-eabi/lib/thumb/v8-m.main+fp/hard\libc_nano.a(libc_a-nano-vfprintf_i.o)
                0x00000000080090e8                _printf_common
 .text._printf_i
                0x00000000080091cc      0x240 C:/ST/STM32CubeIDE_1.13.0/STM32CubeIDE/plugins/com.st.stm32cube.ide.mcu.externaltools.gnu-tools-for-stm32.11.3.rel1.win32_1.1.0.202305231506/tools/bin/../lib/gcc/arm-none-eabi/11.3.1/../../../../arm-none-eabi/lib/thumb/v8-m.main+fp/hard\libc_nano.a(libc_a-nano-vfprintf_i.o)
                0x00000000080091cc                _printf_i
 .text.std      0x000000000800940c       0x48 C:/ST/STM32CubeIDE_1.13.0/STM32CubeIDE/plugins/com.st.stm32cube.ide.mcu.externaltools.gnu-tools-for-stm32.11.3.rel1.win32_1.1.0.202305231506/tools/bin/../lib/gcc/arm-none-eabi/11.3.1/../../../../arm-none-eabi/lib/thumb/v8-m.main+fp/hard\libc_nano.a(libc_a-findfp.o)
 .text.stdio_exit_handler
                0x0000000008009454       0x18 C:/ST/STM32CubeIDE_1.13.0/STM32CubeIDE/plugins/com.st.stm32cube.ide.mcu.externaltools.gnu-tools-for-stm32.11.3.rel1.win32_1.1.0.202305231506/tools/bin/../lib/gcc/arm-none-eabi/11.3.1/../../../../arm-none-eabi/lib/thumb/v8-m.main+fp/hard\libc_nano.a(libc_a-findfp.o)
 .text.cleanup_stdio
                0x000000000800946c       0x40 C:/ST/STM32CubeIDE_1.13.0/STM32CubeIDE/plugins/com.st.stm32cube.ide.mcu.externaltools.gnu-tools-for-stm32.11.3.rel1.win32_1.1.0.202305231506/tools/bin/../lib/gcc/arm-none-eabi/11.3.1/../../../../arm-none-eabi/lib/thumb/v8-m.main+fp/hard\libc_nano.a(libc_a-findfp.o)
 .text.global_stdio_init.part.0
                0x00000000080094ac       0x3c C:/ST/STM32CubeIDE_1.13.0/STM32CubeIDE/plugins/com.st.stm32cube.ide.mcu.externaltools.gnu-tools-for-stm32.11.3.rel1.win32_1.1.0.202305231506/tools/bin/../lib/gcc/arm-none-eabi/11.3.1/../../../../arm-none-eabi/lib/thumb/v8-m.main+fp/hard\libc_nano.a(libc_a-findfp.o)
 .text.__sfp_lock_acquire
                0x00000000080094e8        0xc C:/ST/STM32CubeIDE_1.13.0/STM32CubeIDE/plugins/com.st.stm32cube.ide.mcu.externaltools.gnu-tools-for-stm32.11.3.rel1.win32_1.1.0.202305231506/tools/bin/../lib/gcc/arm-none-eabi/11.3.1/../../../../arm-none-eabi/lib/thumb/v8-m.main+fp/hard\libc_nano.a(libc_a-findfp.o)
                0x00000000080094e8                __sfp_lock_acquire
 .text.__sfp_lock_release
                0x00000000080094f4        0xc C:/ST/STM32CubeIDE_1.13.0/STM32CubeIDE/plugins/com.st.stm32cube.ide.mcu.externaltools.gnu-tools-for-stm32.11.3.rel1.win32_1.1.0.202305231506/tools/bin/../lib/gcc/arm-none-eabi/11.3.1/../../../../arm-none-eabi/lib/thumb/v8-m.main+fp/hard\libc_nano.a(libc_a-findfp.o)
                0x00000000080094f4                __sfp_lock_release
 .text.__sinit  0x0000000008009500       0x30 C:/ST/STM32CubeIDE_1.13.0/STM32CubeIDE/plugins/com.st.stm32cube.ide.mcu.externaltools.gnu-tools-for-stm32.11.3.rel1.win32_1.1.0.202305231506/tools/bin/../lib/gcc/arm-none-eabi/11.3.1/../../../../arm-none-eabi/lib/thumb/v8-m.main+fp/hard\libc_nano.a(libc_a-findfp.o)
                0x0000000008009500                __sinit
 .text._fwalk_sglue
                0x0000000008009530       0x3c C:/ST/STM32CubeIDE_1.13.0/STM32CubeIDE/plugins/com.st.stm32cube.ide.mcu.externaltools.gnu-tools-for-stm32.11.3.rel1.win32_1.1.0.202305231506/tools/bin/../lib/gcc/arm-none-eabi/11.3.1/../../../../arm-none-eabi/lib/thumb/v8-m.main+fp/hard\libc_nano.a(libc_a-fwalk.o)
                0x0000000008009530                _fwalk_sglue
 .text.sprintf  0x000000000800956c       0x40 C:/ST/STM32CubeIDE_1.13.0/STM32CubeIDE/plugins/com.st.stm32cube.ide.mcu.externaltools.gnu-tools-for-stm32.11.3.rel1.win32_1.1.0.202305231506/tools/bin/../lib/gcc/arm-none-eabi/11.3.1/../../../../arm-none-eabi/lib/thumb/v8-m.main+fp/hard\libc_nano.a(libc_a-sprintf.o)
                0x000000000800956c                siprintf
                0x000000000800956c                sprintf
 .text.__sread  0x00000000080095ac       0x22 C:/ST/STM32CubeIDE_1.13.0/STM32CubeIDE/plugins/com.st.stm32cube.ide.mcu.externaltools.gnu-tools-for-stm32.11.3.rel1.win32_1.1.0.202305231506/tools/bin/../lib/gcc/arm-none-eabi/11.3.1/../../../../arm-none-eabi/lib/thumb/v8-m.main+fp/hard\libc_nano.a(libc_a-stdio.o)
                0x00000000080095ac                __sread
 .text.__swrite
                0x00000000080095ce       0x38 C:/ST/STM32CubeIDE_1.13.0/STM32CubeIDE/plugins/com.st.stm32cube.ide.mcu.externaltools.gnu-tools-for-stm32.11.3.rel1.win32_1.1.0.202305231506/tools/bin/../lib/gcc/arm-none-eabi/11.3.1/../../../../arm-none-eabi/lib/thumb/v8-m.main+fp/hard\libc_nano.a(libc_a-stdio.o)
                0x00000000080095ce                __swrite
 .text.__sseek  0x0000000008009606       0x24 C:/ST/STM32CubeIDE_1.13.0/STM32CubeIDE/plugins/com.st.stm32cube.ide.mcu.externaltools.gnu-tools-for-stm32.11.3.rel1.win32_1.1.0.202305231506/tools/bin/../lib/gcc/arm-none-eabi/11.3.1/../../../../arm-none-eabi/lib/thumb/v8-m.main+fp/hard\libc_nano.a(libc_a-stdio.o)
                0x0000000008009606                __sseek
 .text.__sclose
                0x000000000800962a        0x8 C:/ST/STM32CubeIDE_1.13.0/STM32CubeIDE/plugins/com.st.stm32cube.ide.mcu.externaltools.gnu-tools-for-stm32.11.3.rel1.win32_1.1.0.202305231506/tools/bin/../lib/gcc/arm-none-eabi/11.3.1/../../../../arm-none-eabi/lib/thumb/v8-m.main+fp/hard\libc_nano.a(libc_a-stdio.o)
                0x000000000800962a                __sclose
 .text.memset   0x0000000008009632       0x10 C:/ST/STM32CubeIDE_1.13.0/STM32CubeIDE/plugins/com.st.stm32cube.ide.mcu.externaltools.gnu-tools-for-stm32.11.3.rel1.win32_1.1.0.202305231506/tools/bin/../lib/gcc/arm-none-eabi/11.3.1/../../../../arm-none-eabi/lib/thumb/v8-m.main+fp/hard\libc_nano.a(libc_a-memset.o)
                0x0000000008009632                memset
 *fill*         0x0000000008009642        0x2 
 .text._localeconv_r
                0x0000000008009644        0x8 C:/ST/STM32CubeIDE_1.13.0/STM32CubeIDE/plugins/com.st.stm32cube.ide.mcu.externaltools.gnu-tools-for-stm32.11.3.rel1.win32_1.1.0.202305231506/tools/bin/../lib/gcc/arm-none-eabi/11.3.1/../../../../arm-none-eabi/lib/thumb/v8-m.main+fp/hard\libc_nano.a(libc_a-localeconv.o)
                0x0000000008009644                _localeconv_r
 .text._close_r
                0x000000000800964c       0x20 C:/ST/STM32CubeIDE_1.13.0/STM32CubeIDE/plugins/com.st.stm32cube.ide.mcu.externaltools.gnu-tools-for-stm32.11.3.rel1.win32_1.1.0.202305231506/tools/bin/../lib/gcc/arm-none-eabi/11.3.1/../../../../arm-none-eabi/lib/thumb/v8-m.main+fp/hard\libc_nano.a(libc_a-closer.o)
                0x000000000800964c                _close_r
 .text._lseek_r
                0x000000000800966c       0x24 C:/ST/STM32CubeIDE_1.13.0/STM32CubeIDE/plugins/com.st.stm32cube.ide.mcu.externaltools.gnu-tools-for-stm32.11.3.rel1.win32_1.1.0.202305231506/tools/bin/../lib/gcc/arm-none-eabi/11.3.1/../../../../arm-none-eabi/lib/thumb/v8-m.main+fp/hard\libc_nano.a(libc_a-lseekr.o)
                0x000000000800966c                _lseek_r
 .text._read_r  0x0000000008009690       0x24 C:/ST/STM32CubeIDE_1.13.0/STM32CubeIDE/plugins/com.st.stm32cube.ide.mcu.externaltools.gnu-tools-for-stm32.11.3.rel1.win32_1.1.0.202305231506/tools/bin/../lib/gcc/arm-none-eabi/11.3.1/../../../../arm-none-eabi/lib/thumb/v8-m.main+fp/hard\libc_nano.a(libc_a-readr.o)
                0x0000000008009690                _read_r
 .text._write_r
                0x00000000080096b4       0x24 C:/ST/STM32CubeIDE_1.13.0/STM32CubeIDE/plugins/com.st.stm32cube.ide.mcu.externaltools.gnu-tools-for-stm32.11.3.rel1.win32_1.1.0.202305231506/tools/bin/../lib/gcc/arm-none-eabi/11.3.1/../../../../arm-none-eabi/lib/thumb/v8-m.main+fp/hard\libc_nano.a(libc_a-writer.o)
                0x00000000080096b4                _write_r
 .text.__errno  0x00000000080096d8        0xc C:/ST/STM32CubeIDE_1.13.0/STM32CubeIDE/plugins/com.st.stm32cube.ide.mcu.externaltools.gnu-tools-for-stm32.11.3.rel1.win32_1.1.0.202305231506/tools/bin/../lib/gcc/arm-none-eabi/11.3.1/../../../../arm-none-eabi/lib/thumb/v8-m.main+fp/hard\libc_nano.a(libc_a-errno.o)
                0x00000000080096d8                __errno
 .text.__libc_init_array
                0x00000000080096e4       0x48 C:/ST/STM32CubeIDE_1.13.0/STM32CubeIDE/plugins/com.st.stm32cube.ide.mcu.externaltools.gnu-tools-for-stm32.11.3.rel1.win32_1.1.0.202305231506/tools/bin/../lib/gcc/arm-none-eabi/11.3.1/../../../../arm-none-eabi/lib/thumb/v8-m.main+fp/hard\libc_nano.a(libc_a-init.o)
                0x00000000080096e4                __libc_init_array
 .text.__retarget_lock_acquire_recursive
                0x000000000800972c        0x2 C:/ST/STM32CubeIDE_1.13.0/STM32CubeIDE/plugins/com.st.stm32cube.ide.mcu.externaltools.gnu-tools-for-stm32.11.3.rel1.win32_1.1.0.202305231506/tools/bin/../lib/gcc/arm-none-eabi/11.3.1/../../../../arm-none-eabi/lib/thumb/v8-m.main+fp/hard\libc_nano.a(libc_a-lock.o)
                0x000000000800972c                __retarget_lock_acquire_recursive
 .text.__retarget_lock_release_recursive
                0x000000000800972e        0x2 C:/ST/STM32CubeIDE_1.13.0/STM32CubeIDE/plugins/com.st.stm32cube.ide.mcu.externaltools.gnu-tools-for-stm32.11.3.rel1.win32_1.1.0.202305231506/tools/bin/../lib/gcc/arm-none-eabi/11.3.1/../../../../arm-none-eabi/lib/thumb/v8-m.main+fp/hard\libc_nano.a(libc_a-lock.o)
                0x000000000800972e                __retarget_lock_release_recursive
 .text.memchr   0x0000000008009730       0x1c C:/ST/STM32CubeIDE_1.13.0/STM32CubeIDE/plugins/com.st.stm32cube.ide.mcu.externaltools.gnu-tools-for-stm32.11.3.rel1.win32_1.1.0.202305231506/tools/bin/../lib/gcc/arm-none-eabi/11.3.1/../../../../arm-none-eabi/lib/thumb/v8-m.main+fp/hard\libc_nano.a(libc_a-memchr-stub.o)
                0x0000000008009730                memchr
 .text.quorem   0x000000000800974c      0x120 C:/ST/STM32CubeIDE_1.13.0/STM32CubeIDE/plugins/com.st.stm32cube.ide.mcu.externaltools.gnu-tools-for-stm32.11.3.rel1.win32_1.1.0.202305231506/tools/bin/../lib/gcc/arm-none-eabi/11.3.1/../../../../arm-none-eabi/lib/thumb/v8-m.main+fp/hard\libc_nano.a(libc_a-dtoa.o)
 *fill*         0x000000000800986c        0x4 
 .text._dtoa_r  0x0000000008009870      0xbe0 C:/ST/STM32CubeIDE_1.13.0/STM32CubeIDE/plugins/com.st.stm32cube.ide.mcu.externaltools.gnu-tools-for-stm32.11.3.rel1.win32_1.1.0.202305231506/tools/bin/../lib/gcc/arm-none-eabi/11.3.1/../../../../arm-none-eabi/lib/thumb/v8-m.main+fp/hard\libc_nano.a(libc_a-dtoa.o)
                0x0000000008009870                _dtoa_r
 .text._free_r  0x000000000800a450       0x98 C:/ST/STM32CubeIDE_1.13.0/STM32CubeIDE/plugins/com.st.stm32cube.ide.mcu.externaltools.gnu-tools-for-stm32.11.3.rel1.win32_1.1.0.202305231506/tools/bin/../lib/gcc/arm-none-eabi/11.3.1/../../../../arm-none-eabi/lib/thumb/v8-m.main+fp/hard\libc_nano.a(libc_a-freer.o)
                0x000000000800a450                _free_r
 .text.malloc   0x000000000800a4e8       0x10 C:/ST/STM32CubeIDE_1.13.0/STM32CubeIDE/plugins/com.st.stm32cube.ide.mcu.externaltools.gnu-tools-for-stm32.11.3.rel1.win32_1.1.0.202305231506/tools/bin/../lib/gcc/arm-none-eabi/11.3.1/../../../../arm-none-eabi/lib/thumb/v8-m.main+fp/hard\libc_nano.a(libc_a-malloc.o)
                0x000000000800a4e8                malloc
 .text.sbrk_aligned
                0x000000000800a4f8       0x40 C:/ST/STM32CubeIDE_1.13.0/STM32CubeIDE/plugins/com.st.stm32cube.ide.mcu.externaltools.gnu-tools-for-stm32.11.3.rel1.win32_1.1.0.202305231506/tools/bin/../lib/gcc/arm-none-eabi/11.3.1/../../../../arm-none-eabi/lib/thumb/v8-m.main+fp/hard\libc_nano.a(libc_a-mallocr.o)
 .text._malloc_r
                0x000000000800a538      0x100 C:/ST/STM32CubeIDE_1.13.0/STM32CubeIDE/plugins/com.st.stm32cube.ide.mcu.externaltools.gnu-tools-for-stm32.11.3.rel1.win32_1.1.0.202305231506/tools/bin/../lib/gcc/arm-none-eabi/11.3.1/../../../../arm-none-eabi/lib/thumb/v8-m.main+fp/hard\libc_nano.a(libc_a-mallocr.o)
                0x000000000800a538                _malloc_r
 .text.__malloc_lock
                0x000000000800a638        0xc C:/ST/STM32CubeIDE_1.13.0/STM32CubeIDE/plugins/com.st.stm32cube.ide.mcu.externaltools.gnu-tools-for-stm32.11.3.rel1.win32_1.1.0.202305231506/tools/bin/../lib/gcc/arm-none-eabi/11.3.1/../../../../arm-none-eabi/lib/thumb/v8-m.main+fp/hard\libc_nano.a(libc_a-mlock.o)
                0x000000000800a638                __malloc_lock
 .text.__malloc_unlock
                0x000000000800a644        0xc C:/ST/STM32CubeIDE_1.13.0/STM32CubeIDE/plugins/com.st.stm32cube.ide.mcu.externaltools.gnu-tools-for-stm32.11.3.rel1.win32_1.1.0.202305231506/tools/bin/../lib/gcc/arm-none-eabi/11.3.1/../../../../arm-none-eabi/lib/thumb/v8-m.main+fp/hard\libc_nano.a(libc_a-mlock.o)
                0x000000000800a644                __malloc_unlock
 .text._Balloc  0x000000000800a650       0x80 C:/ST/STM32CubeIDE_1.13.0/STM32CubeIDE/plugins/com.st.stm32cube.ide.mcu.externaltools.gnu-tools-for-stm32.11.3.rel1.win32_1.1.0.202305231506/tools/bin/../lib/gcc/arm-none-eabi/11.3.1/../../../../arm-none-eabi/lib/thumb/v8-m.main+fp/hard\libc_nano.a(libc_a-mprec.o)
                0x000000000800a650                _Balloc
 .text._Bfree   0x000000000800a6d0       0x44 C:/ST/STM32CubeIDE_1.13.0/STM32CubeIDE/plugins/com.st.stm32cube.ide.mcu.externaltools.gnu-tools-for-stm32.11.3.rel1.win32_1.1.0.202305231506/tools/bin/../lib/gcc/arm-none-eabi/11.3.1/../../../../arm-none-eabi/lib/thumb/v8-m.main+fp/hard\libc_nano.a(libc_a-mprec.o)
                0x000000000800a6d0                _Bfree
 .text.__multadd
                0x000000000800a714       0x90 C:/ST/STM32CubeIDE_1.13.0/STM32CubeIDE/plugins/com.st.stm32cube.ide.mcu.externaltools.gnu-tools-for-stm32.11.3.rel1.win32_1.1.0.202305231506/tools/bin/../lib/gcc/arm-none-eabi/11.3.1/../../../../arm-none-eabi/lib/thumb/v8-m.main+fp/hard\libc_nano.a(libc_a-mprec.o)
                0x000000000800a714                __multadd
 .text.__hi0bits
                0x000000000800a7a4       0x40 C:/ST/STM32CubeIDE_1.13.0/STM32CubeIDE/plugins/com.st.stm32cube.ide.mcu.externaltools.gnu-tools-for-stm32.11.3.rel1.win32_1.1.0.202305231506/tools/bin/../lib/gcc/arm-none-eabi/11.3.1/../../../../arm-none-eabi/lib/thumb/v8-m.main+fp/hard\libc_nano.a(libc_a-mprec.o)
                0x000000000800a7a4                __hi0bits
 .text.__lo0bits
                0x000000000800a7e4       0x5a C:/ST/STM32CubeIDE_1.13.0/STM32CubeIDE/plugins/com.st.stm32cube.ide.mcu.externaltools.gnu-tools-for-stm32.11.3.rel1.win32_1.1.0.202305231506/tools/bin/../lib/gcc/arm-none-eabi/11.3.1/../../../../arm-none-eabi/lib/thumb/v8-m.main+fp/hard\libc_nano.a(libc_a-mprec.o)
                0x000000000800a7e4                __lo0bits
 *fill*         0x000000000800a83e        0x2 
 .text.__i2b    0x000000000800a840       0x2c C:/ST/STM32CubeIDE_1.13.0/STM32CubeIDE/plugins/com.st.stm32cube.ide.mcu.externaltools.gnu-tools-for-stm32.11.3.rel1.win32_1.1.0.202305231506/tools/bin/../lib/gcc/arm-none-eabi/11.3.1/../../../../arm-none-eabi/lib/thumb/v8-m.main+fp/hard\libc_nano.a(libc_a-mprec.o)
                0x000000000800a840                __i2b
 .text.__multiply
                0x000000000800a86c      0x154 C:/ST/STM32CubeIDE_1.13.0/STM32CubeIDE/plugins/com.st.stm32cube.ide.mcu.externaltools.gnu-tools-for-stm32.11.3.rel1.win32_1.1.0.202305231506/tools/bin/../lib/gcc/arm-none-eabi/11.3.1/../../../../arm-none-eabi/lib/thumb/v8-m.main+fp/hard\libc_nano.a(libc_a-mprec.o)
                0x000000000800a86c                __multiply
 .text.__pow5mult
                0x000000000800a9c0       0xb4 C:/ST/STM32CubeIDE_1.13.0/STM32CubeIDE/plugins/com.st.stm32cube.ide.mcu.externaltools.gnu-tools-for-stm32.11.3.rel1.win32_1.1.0.202305231506/tools/bin/../lib/gcc/arm-none-eabi/11.3.1/../../../../arm-none-eabi/lib/thumb/v8-m.main+fp/hard\libc_nano.a(libc_a-mprec.o)
                0x000000000800a9c0                __pow5mult
 .text.__lshift
                0x000000000800aa74       0xd8 C:/ST/STM32CubeIDE_1.13.0/STM32CubeIDE/plugins/com.st.stm32cube.ide.mcu.externaltools.gnu-tools-for-stm32.11.3.rel1.win32_1.1.0.202305231506/tools/bin/../lib/gcc/arm-none-eabi/11.3.1/../../../../arm-none-eabi/lib/thumb/v8-m.main+fp/hard\libc_nano.a(libc_a-mprec.o)
                0x000000000800aa74                __lshift
 .text.__mcmp   0x000000000800ab4c       0x38 C:/ST/STM32CubeIDE_1.13.0/STM32CubeIDE/plugins/com.st.stm32cube.ide.mcu.externaltools.gnu-tools-for-stm32.11.3.rel1.win32_1.1.0.202305231506/tools/bin/../lib/gcc/arm-none-eabi/11.3.1/../../../../arm-none-eabi/lib/thumb/v8-m.main+fp/hard\libc_nano.a(libc_a-mprec.o)
                0x000000000800ab4c                __mcmp
 .text.__mdiff  0x000000000800ab84      0x120 C:/ST/STM32CubeIDE_1.13.0/STM32CubeIDE/plugins/com.st.stm32cube.ide.mcu.externaltools.gnu-tools-for-stm32.11.3.rel1.win32_1.1.0.202305231506/tools/bin/../lib/gcc/arm-none-eabi/11.3.1/../../../../arm-none-eabi/lib/thumb/v8-m.main+fp/hard\libc_nano.a(libc_a-mprec.o)
                0x000000000800ab84                __mdiff
 .text.__d2b    0x000000000800aca4       0xb4 C:/ST/STM32CubeIDE_1.13.0/STM32CubeIDE/plugins/com.st.stm32cube.ide.mcu.externaltools.gnu-tools-for-stm32.11.3.rel1.win32_1.1.0.202305231506/tools/bin/../lib/gcc/arm-none-eabi/11.3.1/../../../../arm-none-eabi/lib/thumb/v8-m.main+fp/hard\libc_nano.a(libc_a-mprec.o)
                0x000000000800aca4                __d2b
 .text.__ssputs_r
                0x000000000800ad58       0xb4 C:/ST/STM32CubeIDE_1.13.0/STM32CubeIDE/plugins/com.st.stm32cube.ide.mcu.externaltools.gnu-tools-for-stm32.11.3.rel1.win32_1.1.0.202305231506/tools/bin/../lib/gcc/arm-none-eabi/11.3.1/../../../../arm-none-eabi/lib/thumb/v8-m.main+fp/hard\libc_nano.a(libc_a-nano-svfprintf.o)
                0x000000000800ad58                __ssputs_r
 .text._svfprintf_r
                0x000000000800ae0c      0x1fc C:/ST/STM32CubeIDE_1.13.0/STM32CubeIDE/plugins/com.st.stm32cube.ide.mcu.externaltools.gnu-tools-for-stm32.11.3.rel1.win32_1.1.0.202305231506/tools/bin/../lib/gcc/arm-none-eabi/11.3.1/../../../../arm-none-eabi/lib/thumb/v8-m.main+fp/hard\libc_nano.a(libc_a-nano-svfprintf.o)
                0x000000000800ae0c                _svfiprintf_r
                0x000000000800ae0c                _svfprintf_r
 .text.__sflush_r
                0x000000000800b008      0x108 C:/ST/STM32CubeIDE_1.13.0/STM32CubeIDE/plugins/com.st.stm32cube.ide.mcu.externaltools.gnu-tools-for-stm32.11.3.rel1.win32_1.1.0.202305231506/tools/bin/../lib/gcc/arm-none-eabi/11.3.1/../../../../arm-none-eabi/lib/thumb/v8-m.main+fp/hard\libc_nano.a(libc_a-fflush.o)
                0x000000000800b008                __sflush_r
 .text._fflush_r
                0x000000000800b110       0x50 C:/ST/STM32CubeIDE_1.13.0/STM32CubeIDE/plugins/com.st.stm32cube.ide.mcu.externaltools.gnu-tools-for-stm32.11.3.rel1.win32_1.1.0.202305231506/tools/bin/../lib/gcc/arm-none-eabi/11.3.1/../../../../arm-none-eabi/lib/thumb/v8-m.main+fp/hard\libc_nano.a(libc_a-fflush.o)
                0x000000000800b110                _fflush_r
 .text.memmove  0x000000000800b160       0x34 C:/ST/STM32CubeIDE_1.13.0/STM32CubeIDE/plugins/com.st.stm32cube.ide.mcu.externaltools.gnu-tools-for-stm32.11.3.rel1.win32_1.1.0.202305231506/tools/bin/../lib/gcc/arm-none-eabi/11.3.1/../../../../arm-none-eabi/lib/thumb/v8-m.main+fp/hard\libc_nano.a(libc_a-memmove.o)
                0x000000000800b160                memmove
 .text._sbrk_r  0x000000000800b194       0x20 C:/ST/STM32CubeIDE_1.13.0/STM32CubeIDE/plugins/com.st.stm32cube.ide.mcu.externaltools.gnu-tools-for-stm32.11.3.rel1.win32_1.1.0.202305231506/tools/bin/../lib/gcc/arm-none-eabi/11.3.1/../../../../arm-none-eabi/lib/thumb/v8-m.main+fp/hard\libc_nano.a(libc_a-sbrkr.o)
                0x000000000800b194                _sbrk_r
 .text.memcpy   0x000000000800b1b4       0x1a C:/ST/STM32CubeIDE_1.13.0/STM32CubeIDE/plugins/com.st.stm32cube.ide.mcu.externaltools.gnu-tools-for-stm32.11.3.rel1.win32_1.1.0.202305231506/tools/bin/../lib/gcc/arm-none-eabi/11.3.1/../../../../arm-none-eabi/lib/thumb/v8-m.main+fp/hard\libc_nano.a(libc_a-memcpy-stub.o)
                0x000000000800b1b4                memcpy
 *fill*         0x000000000800b1ce        0x2 
 .text.__assert_func
                0x000000000800b1d0       0x3c C:/ST/STM32CubeIDE_1.13.0/STM32CubeIDE/plugins/com.st.stm32cube.ide.mcu.externaltools.gnu-tools-for-stm32.11.3.rel1.win32_1.1.0.202305231506/tools/bin/../lib/gcc/arm-none-eabi/11.3.1/../../../../arm-none-eabi/lib/thumb/v8-m.main+fp/hard\libc_nano.a(libc_a-assert.o)
                0x000000000800b1d0                __assert_func
 .text._calloc_r
                0x000000000800b20c       0x2c C:/ST/STM32CubeIDE_1.13.0/STM32CubeIDE/plugins/com.st.stm32cube.ide.mcu.externaltools.gnu-tools-for-stm32.11.3.rel1.win32_1.1.0.202305231506/tools/bin/../lib/gcc/arm-none-eabi/11.3.1/../../../../arm-none-eabi/lib/thumb/v8-m.main+fp/hard\libc_nano.a(libc_a-callocr.o)
                0x000000000800b20c                _calloc_r
 .text.__ascii_mbtowc
                0x000000000800b238       0x24 C:/ST/STM32CubeIDE_1.13.0/STM32CubeIDE/plugins/com.st.stm32cube.ide.mcu.externaltools.gnu-tools-for-stm32.11.3.rel1.win32_1.1.0.202305231506/tools/bin/../lib/gcc/arm-none-eabi/11.3.1/../../../../arm-none-eabi/lib/thumb/v8-m.main+fp/hard\libc_nano.a(libc_a-mbtowc_r.o)
                0x000000000800b238                __ascii_mbtowc
 .text._realloc_r
                0x000000000800b25c       0x5e C:/ST/STM32CubeIDE_1.13.0/STM32CubeIDE/plugins/com.st.stm32cube.ide.mcu.externaltools.gnu-tools-for-stm32.11.3.rel1.win32_1.1.0.202305231506/tools/bin/../lib/gcc/arm-none-eabi/11.3.1/../../../../arm-none-eabi/lib/thumb/v8-m.main+fp/hard\libc_nano.a(libc_a-reallocr.o)
                0x000000000800b25c                _realloc_r
 .text.__ascii_wctomb
                0x000000000800b2ba       0x1a C:/ST/STM32CubeIDE_1.13.0/STM32CubeIDE/plugins/com.st.stm32cube.ide.mcu.externaltools.gnu-tools-for-stm32.11.3.rel1.win32_1.1.0.202305231506/tools/bin/../lib/gcc/arm-none-eabi/11.3.1/../../../../arm-none-eabi/lib/thumb/v8-m.main+fp/hard\libc_nano.a(libc_a-wctomb_r.o)
                0x000000000800b2ba                __ascii_wctomb
 .text.fprintf  0x000000000800b2d4       0x24 C:/ST/STM32CubeIDE_1.13.0/STM32CubeIDE/plugins/com.st.stm32cube.ide.mcu.externaltools.gnu-tools-for-stm32.11.3.rel1.win32_1.1.0.202305231506/tools/bin/../lib/gcc/arm-none-eabi/11.3.1/../../../../arm-none-eabi/lib/thumb/v8-m.main+fp/hard\libc_nano.a(libc_a-fprintf.o)
                0x000000000800b2d4                fiprintf
                0x000000000800b2d4                fprintf
 .text.abort    0x000000000800b2f8        0xe C:/ST/STM32CubeIDE_1.13.0/STM32CubeIDE/plugins/com.st.stm32cube.ide.mcu.externaltools.gnu-tools-for-stm32.11.3.rel1.win32_1.1.0.202305231506/tools/bin/../lib/gcc/arm-none-eabi/11.3.1/../../../../arm-none-eabi/lib/thumb/v8-m.main+fp/hard\libc_nano.a(libc_a-abort.o)
                0x000000000800b2f8                abort
 .text._malloc_usable_size_r
                0x000000000800b306       0x10 C:/ST/STM32CubeIDE_1.13.0/STM32CubeIDE/plugins/com.st.stm32cube.ide.mcu.externaltools.gnu-tools-for-stm32.11.3.rel1.win32_1.1.0.202305231506/tools/bin/../lib/gcc/arm-none-eabi/11.3.1/../../../../arm-none-eabi/lib/thumb/v8-m.main+fp/hard\libc_nano.a(libc_a-msizer.o)
                0x000000000800b306                _malloc_usable_size_r
 .text.__sfputc_r
                0x000000000800b316       0x2e C:/ST/STM32CubeIDE_1.13.0/STM32CubeIDE/plugins/com.st.stm32cube.ide.mcu.externaltools.gnu-tools-for-stm32.11.3.rel1.win32_1.1.0.202305231506/tools/bin/../lib/gcc/arm-none-eabi/11.3.1/../../../../arm-none-eabi/lib/thumb/v8-m.main+fp/hard\libc_nano.a(libc_a-nano-vfprintf.o)
 .text.__sfputs_r
                0x000000000800b344       0x24 C:/ST/STM32CubeIDE_1.13.0/STM32CubeIDE/plugins/com.st.stm32cube.ide.mcu.externaltools.gnu-tools-for-stm32.11.3.rel1.win32_1.1.0.202305231506/tools/bin/../lib/gcc/arm-none-eabi/11.3.1/../../../../arm-none-eabi/lib/thumb/v8-m.main+fp/hard\libc_nano.a(libc_a-nano-vfprintf.o)
                0x000000000800b344                __sfputs_r
 .text._vfprintf_r
                0x000000000800b368      0x234 C:/ST/STM32CubeIDE_1.13.0/STM32CubeIDE/plugins/com.st.stm32cube.ide.mcu.externaltools.gnu-tools-for-stm32.11.3.rel1.win32_1.1.0.202305231506/tools/bin/../lib/gcc/arm-none-eabi/11.3.1/../../../../arm-none-eabi/lib/thumb/v8-m.main+fp/hard\libc_nano.a(libc_a-nano-vfprintf.o)
                0x000000000800b368                _vfprintf_r
                0x000000000800b368                _vfiprintf_r
 .text.__swbuf_r
                0x000000000800b59c       0x7a C:/ST/STM32CubeIDE_1.13.0/STM32CubeIDE/plugins/com.st.stm32cube.ide.mcu.externaltools.gnu-tools-for-stm32.11.3.rel1.win32_1.1.0.202305231506/tools/bin/../lib/gcc/arm-none-eabi/11.3.1/../../../../arm-none-eabi/lib/thumb/v8-m.main+fp/hard\libc_nano.a(libc_a-wbuf.o)
                0x000000000800b59c                __swbuf_r
 *fill*         0x000000000800b616        0x2 
 .text.__swsetup_r
                0x000000000800b618       0xb0 C:/ST/STM32CubeIDE_1.13.0/STM32CubeIDE/plugins/com.st.stm32cube.ide.mcu.externaltools.gnu-tools-for-stm32.11.3.rel1.win32_1.1.0.202305231506/tools/bin/../lib/gcc/arm-none-eabi/11.3.1/../../../../arm-none-eabi/lib/thumb/v8-m.main+fp/hard\libc_nano.a(libc_a-wsetup.o)
                0x000000000800b618                __swsetup_r
 .text._raise_r
                0x000000000800b6c8       0x50 C:/ST/STM32CubeIDE_1.13.0/STM32CubeIDE/plugins/com.st.stm32cube.ide.mcu.externaltools.gnu-tools-for-stm32.11.3.rel1.win32_1.1.0.202305231506/tools/bin/../lib/gcc/arm-none-eabi/11.3.1/../../../../arm-none-eabi/lib/thumb/v8-m.main+fp/hard\libc_nano.a(libc_a-signal.o)
                0x000000000800b6c8                _raise_r
 .text.raise    0x000000000800b718       0x10 C:/ST/STM32CubeIDE_1.13.0/STM32CubeIDE/plugins/com.st.stm32cube.ide.mcu.externaltools.gnu-tools-for-stm32.11.3.rel1.win32_1.1.0.202305231506/tools/bin/../lib/gcc/arm-none-eabi/11.3.1/../../../../arm-none-eabi/lib/thumb/v8-m.main+fp/hard\libc_nano.a(libc_a-signal.o)
                0x000000000800b718                raise
 .text._kill_r  0x000000000800b728       0x24 C:/ST/STM32CubeIDE_1.13.0/STM32CubeIDE/plugins/com.st.stm32cube.ide.mcu.externaltools.gnu-tools-for-stm32.11.3.rel1.win32_1.1.0.202305231506/tools/bin/../lib/gcc/arm-none-eabi/11.3.1/../../../../arm-none-eabi/lib/thumb/v8-m.main+fp/hard\libc_nano.a(libc_a-signalr.o)
                0x000000000800b728                _kill_r
 .text._getpid_r
                0x000000000800b74c        0x4 C:/ST/STM32CubeIDE_1.13.0/STM32CubeIDE/plugins/com.st.stm32cube.ide.mcu.externaltools.gnu-tools-for-stm32.11.3.rel1.win32_1.1.0.202305231506/tools/bin/../lib/gcc/arm-none-eabi/11.3.1/../../../../arm-none-eabi/lib/thumb/v8-m.main+fp/hard\libc_nano.a(libc_a-signalr.o)
                0x000000000800b74c                _getpid_r
 .text.__swhatbuf_r
                0x000000000800b750       0x4a C:/ST/STM32CubeIDE_1.13.0/STM32CubeIDE/plugins/com.st.stm32cube.ide.mcu.externaltools.gnu-tools-for-stm32.11.3.rel1.win32_1.1.0.202305231506/tools/bin/../lib/gcc/arm-none-eabi/11.3.1/../../../../arm-none-eabi/lib/thumb/v8-m.main+fp/hard\libc_nano.a(libc_a-makebuf.o)
                0x000000000800b750                __swhatbuf_r
 .text.__smakebuf_r
                0x000000000800b79a       0x78 C:/ST/STM32CubeIDE_1.13.0/STM32CubeIDE/plugins/com.st.stm32cube.ide.mcu.externaltools.gnu-tools-for-stm32.11.3.rel1.win32_1.1.0.202305231506/tools/bin/../lib/gcc/arm-none-eabi/11.3.1/../../../../arm-none-eabi/lib/thumb/v8-m.main+fp/hard\libc_nano.a(libc_a-makebuf.o)
                0x000000000800b79a                __smakebuf_r
 *fill*         0x000000000800b812        0x2 
 .text._fstat_r
                0x000000000800b814       0x24 C:/ST/STM32CubeIDE_1.13.0/STM32CubeIDE/plugins/com.st.stm32cube.ide.mcu.externaltools.gnu-tools-for-stm32.11.3.rel1.win32_1.1.0.202305231506/tools/bin/../lib/gcc/arm-none-eabi/11.3.1/../../../../arm-none-eabi/lib/thumb/v8-m.main+fp/hard\libc_nano.a(libc_a-fstatr.o)
                0x000000000800b814                _fstat_r
 .text._isatty_r
                0x000000000800b838       0x20 C:/ST/STM32CubeIDE_1.13.0/STM32CubeIDE/plugins/com.st.stm32cube.ide.mcu.externaltools.gnu-tools-for-stm32.11.3.rel1.win32_1.1.0.202305231506/tools/bin/../lib/gcc/arm-none-eabi/11.3.1/../../../../arm-none-eabi/lib/thumb/v8-m.main+fp/hard\libc_nano.a(libc_a-isattyr.o)
                0x000000000800b838                _isatty_r
 .text.sqrtf    0x000000000800b858       0x3c C:/ST/STM32CubeIDE_1.13.0/STM32CubeIDE/plugins/com.st.stm32cube.ide.mcu.externaltools.gnu-tools-for-stm32.11.3.rel1.win32_1.1.0.202305231506/tools/bin/../lib/gcc/arm-none-eabi/11.3.1/../../../../arm-none-eabi/lib/thumb/v8-m.main+fp/hard\libm.a(libm_a-wf_sqrt.o)
                0x000000000800b858                sqrtf
 .text.fmax     0x000000000800b894       0x4e C:/ST/STM32CubeIDE_1.13.0/STM32CubeIDE/plugins/com.st.stm32cube.ide.mcu.externaltools.gnu-tools-for-stm32.11.3.rel1.win32_1.1.0.202305231506/tools/bin/../lib/gcc/arm-none-eabi/11.3.1/../../../../arm-none-eabi/lib/thumb/v8-m.main+fp/hard\libm.a(libm_a-s_fmax.o)
                0x000000000800b894                fmax
 *fill*         0x000000000800b8e2        0x2 
 .text.__fpclassifyd
                0x000000000800b8e4       0x54 C:/ST/STM32CubeIDE_1.13.0/STM32CubeIDE/plugins/com.st.stm32cube.ide.mcu.externaltools.gnu-tools-for-stm32.11.3.rel1.win32_1.1.0.202305231506/tools/bin/../lib/gcc/arm-none-eabi/11.3.1/../../../../arm-none-eabi/lib/thumb/v8-m.main+fp/hard\libm.a(libm_a-s_fpclassify.o)
                0x000000000800b8e4                __fpclassifyd
 .text.fmaxf    0x000000000800b938       0x36 C:/ST/STM32CubeIDE_1.13.0/STM32CubeIDE/plugins/com.st.stm32cube.ide.mcu.externaltools.gnu-tools-for-stm32.11.3.rel1.win32_1.1.0.202305231506/tools/bin/../lib/gcc/arm-none-eabi/11.3.1/../../../../arm-none-eabi/lib/thumb/v8-m.main+fp/hard\libm.a(libm_a-sf_fmax.o)
                0x000000000800b938                fmaxf
 .text.fminf    0x000000000800b96e       0x36 C:/ST/STM32CubeIDE_1.13.0/STM32CubeIDE/plugins/com.st.stm32cube.ide.mcu.externaltools.gnu-tools-for-stm32.11.3.rel1.win32_1.1.0.202305231506/tools/bin/../lib/gcc/arm-none-eabi/11.3.1/../../../../arm-none-eabi/lib/thumb/v8-m.main+fp/hard\libm.a(libm_a-sf_fmin.o)
                0x000000000800b96e                fminf
 .text.__fpclassifyf
                0x000000000800b9a4       0x38 C:/ST/STM32CubeIDE_1.13.0/STM32CubeIDE/plugins/com.st.stm32cube.ide.mcu.externaltools.gnu-tools-for-stm32.11.3.rel1.win32_1.1.0.202305231506/tools/bin/../lib/gcc/arm-none-eabi/11.3.1/../../../../arm-none-eabi/lib/thumb/v8-m.main+fp/hard\libm.a(libm_a-sf_fpclassify.o)
                0x000000000800b9a4                __fpclassifyf
 .text.__ieee754_sqrtf
                0x000000000800b9dc        0x6 C:/ST/STM32CubeIDE_1.13.0/STM32CubeIDE/plugins/com.st.stm32cube.ide.mcu.externaltools.gnu-tools-for-stm32.11.3.rel1.win32_1.1.0.202305231506/tools/bin/../lib/gcc/arm-none-eabi/11.3.1/../../../../arm-none-eabi/lib/thumb/v8-m.main+fp/hard\libm.a(libm_a-ef_sqrt.o)
                0x000000000800b9dc                __ieee754_sqrtf
 *(.glue_7)
 .glue_7        0x000000000800b9e2        0x0 linker stubs
 *(.glue_7t)
 .glue_7t       0x000000000800b9e2        0x0 linker stubs
 *(.eh_frame)
 *fill*         0x000000000800b9e2        0x2 
 .eh_frame      0x000000000800b9e4        0x0 C:/ST/STM32CubeIDE_1.13.0/STM32CubeIDE/plugins/com.st.stm32cube.ide.mcu.externaltools.gnu-tools-for-stm32.11.3.rel1.win32_1.1.0.202305231506/tools/bin/../lib/gcc/arm-none-eabi/11.3.1/thumb/v8-m.main+fp/hard/crtbegin.o
 *(.init)
 .init          0x000000000800b9e4        0x4 C:/ST/STM32CubeIDE_1.13.0/STM32CubeIDE/plugins/com.st.stm32cube.ide.mcu.externaltools.gnu-tools-for-stm32.11.3.rel1.win32_1.1.0.202305231506/tools/bin/../lib/gcc/arm-none-eabi/11.3.1/thumb/v8-m.main+fp/hard/crti.o
                0x000000000800b9e4                _init
 .init          0x000000000800b9e8        0x8 C:/ST/STM32CubeIDE_1.13.0/STM32CubeIDE/plugins/com.st.stm32cube.ide.mcu.externaltools.gnu-tools-for-stm32.11.3.rel1.win32_1.1.0.202305231506/tools/bin/../lib/gcc/arm-none-eabi/11.3.1/thumb/v8-m.main+fp/hard/crtn.o
 *(.fini)
 .fini          0x000000000800b9f0        0x4 C:/ST/STM32CubeIDE_1.13.0/STM32CubeIDE/plugins/com.st.stm32cube.ide.mcu.externaltools.gnu-tools-for-stm32.11.3.rel1.win32_1.1.0.202305231506/tools/bin/../lib/gcc/arm-none-eabi/11.3.1/thumb/v8-m.main+fp/hard/crti.o
                0x000000000800b9f0                _fini
 .fini          0x000000000800b9f4        0x8 C:/ST/STM32CubeIDE_1.13.0/STM32CubeIDE/plugins/com.st.stm32cube.ide.mcu.externaltools.gnu-tools-for-stm32.11.3.rel1.win32_1.1.0.202305231506/tools/bin/../lib/gcc/arm-none-eabi/11.3.1/thumb/v8-m.main+fp/hard/crtn.o
                0x000000000800b9fc                _etext = .

.vfp11_veneer   0x000000000800b9fc        0x0
 .vfp11_veneer  0x000000000800b9fc        0x0 linker stubs

.v4_bx          0x000000000800b9fc        0x0
 .v4_bx         0x000000000800b9fc        0x0 linker stubs

.iplt           0x000000000800b9fc        0x0
 .iplt          0x000000000800b9fc        0x0 C:/ST/STM32CubeIDE_1.13.0/STM32CubeIDE/plugins/com.st.stm32cube.ide.mcu.externaltools.gnu-tools-for-stm32.11.3.rel1.win32_1.1.0.202305231506/tools/bin/../lib/gcc/arm-none-eabi/11.3.1/thumb/v8-m.main+fp/hard/crtbegin.o

.rodata         0x000000000800ba00      0x4bc
 *(.rodata)
 .rodata        0x000000000800ba00       0x46 ./Application/User/Core/main.o
 *(.rodata*)
 *fill*         0x000000000800ba46        0x2 
 .rodata.AHBPrescTable
                0x000000000800ba48       0x10 ./Drivers/CMSIS/system_stm32u5xx.o
                0x000000000800ba48                AHBPrescTable
 .rodata.APBPrescTable
                0x000000000800ba58        0x8 ./Drivers/CMSIS/system_stm32u5xx.o
                0x000000000800ba58                APBPrescTable
 .rodata.MSIRangeTable
                0x000000000800ba60       0x40 ./Drivers/CMSIS/system_stm32u5xx.o
                0x000000000800ba60                MSIRangeTable
 .rodata.LPGPIO_Map
                0x000000000800baa0       0x80 ./Drivers/STM32U5xx_HAL_Driver/stm32u5xx_hal_gpio.o
 .rodata.UARTPrescTable
                0x000000000800bb20       0x18 ./Drivers/STM32U5xx_HAL_Driver/stm32u5xx_hal_uart.o
                0x000000000800bb20                UARTPrescTable
 .rodata.numerator.1
                0x000000000800bb38        0x8 ./Drivers/STM32U5xx_HAL_Driver/stm32u5xx_hal_uart_ex.o
 .rodata.denominator.0
                0x000000000800bb40        0x8 ./Drivers/STM32U5xx_HAL_Driver/stm32u5xx_hal_uart_ex.o
 .rodata._printf_float.str1.1
                0x000000000800bb48       0x12 C:/ST/STM32CubeIDE_1.13.0/STM32CubeIDE/plugins/com.st.stm32cube.ide.mcu.externaltools.gnu-tools-for-stm32.11.3.rel1.win32_1.1.0.202305231506/tools/bin/../lib/gcc/arm-none-eabi/11.3.1/../../../../arm-none-eabi/lib/thumb/v8-m.main+fp/hard\libc_nano.a(libc_a-nano-vfprintf_float.o)
 .rodata._printf_i.str1.1
                0x000000000800bb5a       0x22 C:/ST/STM32CubeIDE_1.13.0/STM32CubeIDE/plugins/com.st.stm32cube.ide.mcu.externaltools.gnu-tools-for-stm32.11.3.rel1.win32_1.1.0.202305231506/tools/bin/../lib/gcc/arm-none-eabi/11.3.1/../../../../arm-none-eabi/lib/thumb/v8-m.main+fp/hard\libc_nano.a(libc_a-nano-vfprintf_i.o)
 .rodata._dtoa_r.str1.1
                0x000000000800bb7c       0x8d C:/ST/STM32CubeIDE_1.13.0/STM32CubeIDE/plugins/com.st.stm32cube.ide.mcu.externaltools.gnu-tools-for-stm32.11.3.rel1.win32_1.1.0.202305231506/tools/bin/../lib/gcc/arm-none-eabi/11.3.1/../../../../arm-none-eabi/lib/thumb/v8-m.main+fp/hard\libc_nano.a(libc_a-dtoa.o)
                                         0x8f (size before relaxing)
 .rodata._Balloc.str1.1
                0x000000000800bc09       0x59 C:/ST/STM32CubeIDE_1.13.0/STM32CubeIDE/plugins/com.st.stm32cube.ide.mcu.externaltools.gnu-tools-for-stm32.11.3.rel1.win32_1.1.0.202305231506/tools/bin/../lib/gcc/arm-none-eabi/11.3.1/../../../../arm-none-eabi/lib/thumb/v8-m.main+fp/hard\libc_nano.a(libc_a-mprec.o)
                                         0x70 (size before relaxing)
 .rodata.__multadd.str1.1
                0x000000000800bc62       0x11 C:/ST/STM32CubeIDE_1.13.0/STM32CubeIDE/plugins/com.st.stm32cube.ide.mcu.externaltools.gnu-tools-for-stm32.11.3.rel1.win32_1.1.0.202305231506/tools/bin/../lib/gcc/arm-none-eabi/11.3.1/../../../../arm-none-eabi/lib/thumb/v8-m.main+fp/hard\libc_nano.a(libc_a-mprec.o)
 *fill*         0x000000000800bc62        0x6 
 .rodata.__mprec_bigtens
                0x000000000800bc68       0x28 C:/ST/STM32CubeIDE_1.13.0/STM32CubeIDE/plugins/com.st.stm32cube.ide.mcu.externaltools.gnu-tools-for-stm32.11.3.rel1.win32_1.1.0.202305231506/tools/bin/../lib/gcc/arm-none-eabi/11.3.1/../../../../arm-none-eabi/lib/thumb/v8-m.main+fp/hard\libc_nano.a(libc_a-mprec.o)
                0x000000000800bc68                __mprec_bigtens
 .rodata.__mprec_tens
                0x000000000800bc90       0xc8 C:/ST/STM32CubeIDE_1.13.0/STM32CubeIDE/plugins/com.st.stm32cube.ide.mcu.externaltools.gnu-tools-for-stm32.11.3.rel1.win32_1.1.0.202305231506/tools/bin/../lib/gcc/arm-none-eabi/11.3.1/../../../../arm-none-eabi/lib/thumb/v8-m.main+fp/hard\libc_nano.a(libc_a-mprec.o)
                0x000000000800bc90                __mprec_tens
 .rodata.p05.0  0x000000000800bd58        0xc C:/ST/STM32CubeIDE_1.13.0/STM32CubeIDE/plugins/com.st.stm32cube.ide.mcu.externaltools.gnu-tools-for-stm32.11.3.rel1.win32_1.1.0.202305231506/tools/bin/../lib/gcc/arm-none-eabi/11.3.1/../../../../arm-none-eabi/lib/thumb/v8-m.main+fp/hard\libc_nano.a(libc_a-mprec.o)
 .rodata._svfprintf_r.str1.1
                0x000000000800bd64       0x11 C:/ST/STM32CubeIDE_1.13.0/STM32CubeIDE/plugins/com.st.stm32cube.ide.mcu.externaltools.gnu-tools-for-stm32.11.3.rel1.win32_1.1.0.202305231506/tools/bin/../lib/gcc/arm-none-eabi/11.3.1/../../../../arm-none-eabi/lib/thumb/v8-m.main+fp/hard\libc_nano.a(libc_a-nano-svfprintf.o)
 .rodata._setlocale_r.str1.1
                0x000000000800bd75        0x8 C:/ST/STM32CubeIDE_1.13.0/STM32CubeIDE/plugins/com.st.stm32cube.ide.mcu.externaltools.gnu-tools-for-stm32.11.3.rel1.win32_1.1.0.202305231506/tools/bin/../lib/gcc/arm-none-eabi/11.3.1/../../../../arm-none-eabi/lib/thumb/v8-m.main+fp/hard\libc_nano.a(libc_a-locale.o)
                                          0x9 (size before relaxing)
 .rodata.str1.1
                0x000000000800bd7d        0x2 C:/ST/STM32CubeIDE_1.13.0/STM32CubeIDE/plugins/com.st.stm32cube.ide.mcu.externaltools.gnu-tools-for-stm32.11.3.rel1.win32_1.1.0.202305231506/tools/bin/../lib/gcc/arm-none-eabi/11.3.1/../../../../arm-none-eabi/lib/thumb/v8-m.main+fp/hard\libc_nano.a(libc_a-locale.o)
 .rodata.__assert_func.str1.1
                0x000000000800bd7f       0x3c C:/ST/STM32CubeIDE_1.13.0/STM32CubeIDE/plugins/com.st.stm32cube.ide.mcu.externaltools.gnu-tools-for-stm32.11.3.rel1.win32_1.1.0.202305231506/tools/bin/../lib/gcc/arm-none-eabi/11.3.1/../../../../arm-none-eabi/lib/thumb/v8-m.main+fp/hard\libc_nano.a(libc_a-assert.o)
                                         0x3d (size before relaxing)
 .rodata._ctype_
                0x000000000800bdbb      0x101 C:/ST/STM32CubeIDE_1.13.0/STM32CubeIDE/plugins/com.st.stm32cube.ide.mcu.externaltools.gnu-tools-for-stm32.11.3.rel1.win32_1.1.0.202305231506/tools/bin/../lib/gcc/arm-none-eabi/11.3.1/../../../../arm-none-eabi/lib/thumb/v8-m.main+fp/hard\libc_nano.a(libc_a-ctype_.o)
                0x000000000800bdbb                _ctype_
 .rodata._vfprintf_r.str1.1
                0x000000000800bebc       0x11 C:/ST/STM32CubeIDE_1.13.0/STM32CubeIDE/plugins/com.st.stm32cube.ide.mcu.externaltools.gnu-tools-for-stm32.11.3.rel1.win32_1.1.0.202305231506/tools/bin/../lib/gcc/arm-none-eabi/11.3.1/../../../../arm-none-eabi/lib/thumb/v8-m.main+fp/hard\libc_nano.a(libc_a-nano-vfprintf.o)

.ARM.extab
 *(.ARM.extab* .gnu.linkonce.armextab.*)

.ARM            0x000000000800bebc        0x8
                0x000000000800bebc                __exidx_start = .
 *(.ARM.exidx*)
 .ARM.exidx     0x000000000800bebc        0x8 C:/ST/STM32CubeIDE_1.13.0/STM32CubeIDE/plugins/com.st.stm32cube.ide.mcu.externaltools.gnu-tools-for-stm32.11.3.rel1.win32_1.1.0.202305231506/tools/bin/../lib/gcc/arm-none-eabi/11.3.1/thumb/v8-m.main+fp/hard\libgcc.a(_udivmoddi4.o)
                0x000000000800bec4                __exidx_end = .

.rel.dyn        0x000000000800bec4        0x0
 .rel.iplt      0x000000000800bec4        0x0 C:/ST/STM32CubeIDE_1.13.0/STM32CubeIDE/plugins/com.st.stm32cube.ide.mcu.externaltools.gnu-tools-for-stm32.11.3.rel1.win32_1.1.0.202305231506/tools/bin/../lib/gcc/arm-none-eabi/11.3.1/thumb/v8-m.main+fp/hard/crtbegin.o

.preinit_array  0x000000000800bec4        0x0
                0x000000000800bec4                PROVIDE (__preinit_array_start = .)
 *(.preinit_array*)
                0x000000000800bec4                PROVIDE (__preinit_array_end = .)

.init_array     0x000000000800bec4        0x4
                0x000000000800bec4                PROVIDE (__init_array_start = .)
 *(SORT_BY_NAME(.init_array.*))
 *(.init_array*)
 .init_array    0x000000000800bec4        0x4 C:/ST/STM32CubeIDE_1.13.0/STM32CubeIDE/plugins/com.st.stm32cube.ide.mcu.externaltools.gnu-tools-for-stm32.11.3.rel1.win32_1.1.0.202305231506/tools/bin/../lib/gcc/arm-none-eabi/11.3.1/thumb/v8-m.main+fp/hard/crtbegin.o
                0x000000000800bec8                PROVIDE (__init_array_end = .)

.fini_array     0x000000000800bec8        0x4
                [!provide]                        PROVIDE (__fini_array_start = .)
 *(SORT_BY_NAME(.fini_array.*))
 *(.fini_array*)
 .fini_array    0x000000000800bec8        0x4 C:/ST/STM32CubeIDE_1.13.0/STM32CubeIDE/plugins/com.st.stm32cube.ide.mcu.externaltools.gnu-tools-for-stm32.11.3.rel1.win32_1.1.0.202305231506/tools/bin/../lib/gcc/arm-none-eabi/11.3.1/thumb/v8-m.main+fp/hard/crtbegin.o
                [!provide]                        PROVIDE (__fini_array_end = .)
                0x000000000800becc                _sidata = LOADADDR (.data)

.data           0x0000000020000000      0x1dc load address 0x000000000800becc
                0x0000000020000000                _sdata = .
 *(.data)
 *(.data*)
 .data.SystemCoreClock
                0x0000000020000000        0x4 ./Drivers/CMSIS/system_stm32u5xx.o
                0x0000000020000000                SystemCoreClock
 .data.uwTickPrio
                0x0000000020000004        0x4 ./Drivers/STM32U5xx_HAL_Driver/stm32u5xx_hal.o
                0x0000000020000004                uwTickPrio
 .data.uwTickFreq
                0x0000000020000008        0x1 ./Drivers/STM32U5xx_HAL_Driver/stm32u5xx_hal.o
                0x0000000020000008                uwTickFreq
 *fill*         0x0000000020000009        0x3 
 .data.funccad25
                0x000000002000000c        0x4 D:\PersonalData\Prj\STM32Prj\U575NanoEdgeAI\STM32CubeIDE\libneai.a(NanoEdgeAI.o)
 .data.funccad41
                0x0000000020000010        0x4 D:\PersonalData\Prj\STM32Prj\U575NanoEdgeAI\STM32CubeIDE\libneai.a(NanoEdgeAI.o)
 .data.__sglue  0x0000000020000014        0xc C:/ST/STM32CubeIDE_1.13.0/STM32CubeIDE/plugins/com.st.stm32cube.ide.mcu.externaltools.gnu-tools-for-stm32.11.3.rel1.win32_1.1.0.202305231506/tools/bin/../lib/gcc/arm-none-eabi/11.3.1/../../../../arm-none-eabi/lib/thumb/v8-m.main+fp/hard\libc_nano.a(libc_a-findfp.o)
                0x0000000020000014                __sglue
 .data._impure_data
                0x0000000020000020       0x4c C:/ST/STM32CubeIDE_1.13.0/STM32CubeIDE/plugins/com.st.stm32cube.ide.mcu.externaltools.gnu-tools-for-stm32.11.3.rel1.win32_1.1.0.202305231506/tools/bin/../lib/gcc/arm-none-eabi/11.3.1/../../../../arm-none-eabi/lib/thumb/v8-m.main+fp/hard\libc_nano.a(libc_a-impure.o)
                0x0000000020000020                _impure_data
 .data._impure_ptr
                0x000000002000006c        0x4 C:/ST/STM32CubeIDE_1.13.0/STM32CubeIDE/plugins/com.st.stm32cube.ide.mcu.externaltools.gnu-tools-for-stm32.11.3.rel1.win32_1.1.0.202305231506/tools/bin/../lib/gcc/arm-none-eabi/11.3.1/../../../../arm-none-eabi/lib/thumb/v8-m.main+fp/hard\libc_nano.a(libc_a-impure.o)
                0x000000002000006c                _impure_ptr
 .data.__global_locale
                0x0000000020000070      0x16c C:/ST/STM32CubeIDE_1.13.0/STM32CubeIDE/plugins/com.st.stm32cube.ide.mcu.externaltools.gnu-tools-for-stm32.11.3.rel1.win32_1.1.0.202305231506/tools/bin/../lib/gcc/arm-none-eabi/11.3.1/../../../../arm-none-eabi/lib/thumb/v8-m.main+fp/hard\libc_nano.a(libc_a-locale.o)
                0x0000000020000070                __global_locale
 *(.RamFunc)
 *(.RamFunc*)
                0x00000000200001dc                _edata = .

.igot.plt       0x00000000200001dc        0x0 load address 0x000000000800c0a8
 .igot.plt      0x00000000200001dc        0x0 C:/ST/STM32CubeIDE_1.13.0/STM32CubeIDE/plugins/com.st.stm32cube.ide.mcu.externaltools.gnu-tools-for-stm32.11.3.rel1.win32_1.1.0.202305231506/tools/bin/../lib/gcc/arm-none-eabi/11.3.1/thumb/v8-m.main+fp/hard/crtbegin.o

.neai           0x00000000200001dc       0x30 load address 0x000000000800c0a8
 .neai          0x00000000200001dc       0x30 D:\PersonalData\Prj\STM32Prj\U575NanoEdgeAI\STM32CubeIDE\libneai.a(NanoEdgeAI.o)

.bss            0x000000002000020c      0x8c0 load address 0x000000000800c0d8
                0x000000002000020c                _sbss = .
                0x000000002000020c                __bss_start__ = _sbss
 *(.bss)
 .bss           0x000000002000020c       0x1c C:/ST/STM32CubeIDE_1.13.0/STM32CubeIDE/plugins/com.st.stm32cube.ide.mcu.externaltools.gnu-tools-for-stm32.11.3.rel1.win32_1.1.0.202305231506/tools/bin/../lib/gcc/arm-none-eabi/11.3.1/thumb/v8-m.main+fp/hard/crtbegin.o
 *(.bss*)
 .bss.hadc1     0x0000000020000228       0x8c ./Application/User/Core/adc.o
                0x0000000020000228                hadc1
 .bss.AX        0x00000000200002b4        0x2 ./Application/User/Core/main.o
                0x00000000200002b4                AX
 .bss.AY        0x00000000200002b6        0x2 ./Application/User/Core/main.o
                0x00000000200002b6                AY
 .bss.AZ        0x00000000200002b8        0x2 ./Application/User/Core/main.o
                0x00000000200002b8                AZ
 .bss.GX        0x00000000200002ba        0x2 ./Application/User/Core/main.o
                0x00000000200002ba                GX
 .bss.GY        0x00000000200002bc        0x2 ./Application/User/Core/main.o
                0x00000000200002bc                GY
 .bss.GZ        0x00000000200002be        0x2 ./Application/User/Core/main.o
                0x00000000200002be                GZ
 .bss.buffer    0x00000000200002c0       0x14 ./Application/User/Core/main.o
                0x00000000200002c0                buffer
 .bss.acc_buffer
                0x00000000200002d4      0x4b0 ./Application/User/Core/main.o
                0x00000000200002d4                acc_buffer
 .bss.similarity
                0x0000000020000784        0x1 ./Application/User/Core/main.o
                0x0000000020000784                similarity
 *fill*         0x0000000020000785        0x3 
 .bss.hspi1     0x0000000020000788       0x90 ./Application/User/Core/spi.o
                0x0000000020000788                hspi1
 .bss.__sbrk_heap_end
                0x0000000020000818        0x4 ./Application/User/Core/sysmem.o
 .bss.huart1    0x000000002000081c       0x94 ./Application/User/Core/usart.o
                0x000000002000081c                huart1
 .bss.uwTick    0x00000000200008b0        0x4 ./Drivers/STM32U5xx_HAL_Driver/stm32u5xx_hal.o
                0x00000000200008b0                uwTick
 .bss.funccad36
                0x00000000200008b4        0x4 D:\PersonalData\Prj\STM32Prj\U575NanoEdgeAI\STM32CubeIDE\libneai.a(NanoEdgeAI.o)
 .bss.funccad77
                0x00000000200008b8       0xc8 D:\PersonalData\Prj\STM32Prj\U575NanoEdgeAI\STM32CubeIDE\libneai.a(NanoEdgeAI.o)
 .bss.__sf      0x0000000020000980      0x138 C:/ST/STM32CubeIDE_1.13.0/STM32CubeIDE/plugins/com.st.stm32cube.ide.mcu.externaltools.gnu-tools-for-stm32.11.3.rel1.win32_1.1.0.202305231506/tools/bin/../lib/gcc/arm-none-eabi/11.3.1/../../../../arm-none-eabi/lib/thumb/v8-m.main+fp/hard\libc_nano.a(libc_a-findfp.o)
                0x0000000020000980                __sf
 .bss.__stdio_exit_handler
                0x0000000020000ab8        0x4 C:/ST/STM32CubeIDE_1.13.0/STM32CubeIDE/plugins/com.st.stm32cube.ide.mcu.externaltools.gnu-tools-for-stm32.11.3.rel1.win32_1.1.0.202305231506/tools/bin/../lib/gcc/arm-none-eabi/11.3.1/../../../../arm-none-eabi/lib/thumb/v8-m.main+fp/hard\libc_nano.a(libc_a-findfp.o)
                0x0000000020000ab8                __stdio_exit_handler
 .bss.errno     0x0000000020000abc        0x4 C:/ST/STM32CubeIDE_1.13.0/STM32CubeIDE/plugins/com.st.stm32cube.ide.mcu.externaltools.gnu-tools-for-stm32.11.3.rel1.win32_1.1.0.202305231506/tools/bin/../lib/gcc/arm-none-eabi/11.3.1/../../../../arm-none-eabi/lib/thumb/v8-m.main+fp/hard\libc_nano.a(libc_a-reent.o)
                0x0000000020000abc                errno
 .bss.__lock___malloc_recursive_mutex
                0x0000000020000ac0        0x1 C:/ST/STM32CubeIDE_1.13.0/STM32CubeIDE/plugins/com.st.stm32cube.ide.mcu.externaltools.gnu-tools-for-stm32.11.3.rel1.win32_1.1.0.202305231506/tools/bin/../lib/gcc/arm-none-eabi/11.3.1/../../../../arm-none-eabi/lib/thumb/v8-m.main+fp/hard\libc_nano.a(libc_a-lock.o)
                0x0000000020000ac0                __lock___malloc_recursive_mutex
 .bss.__lock___sfp_recursive_mutex
                0x0000000020000ac1        0x1 C:/ST/STM32CubeIDE_1.13.0/STM32CubeIDE/plugins/com.st.stm32cube.ide.mcu.externaltools.gnu-tools-for-stm32.11.3.rel1.win32_1.1.0.202305231506/tools/bin/../lib/gcc/arm-none-eabi/11.3.1/../../../../arm-none-eabi/lib/thumb/v8-m.main+fp/hard\libc_nano.a(libc_a-lock.o)
                0x0000000020000ac1                __lock___sfp_recursive_mutex
 *fill*         0x0000000020000ac2        0x2 
 .bss.__malloc_free_list
                0x0000000020000ac4        0x4 C:/ST/STM32CubeIDE_1.13.0/STM32CubeIDE/plugins/com.st.stm32cube.ide.mcu.externaltools.gnu-tools-for-stm32.11.3.rel1.win32_1.1.0.202305231506/tools/bin/../lib/gcc/arm-none-eabi/11.3.1/../../../../arm-none-eabi/lib/thumb/v8-m.main+fp/hard\libc_nano.a(libc_a-mallocr.o)