Archive member included to satisfy reference by file (symbol)

D:\CubeIDE\workspace\H563NanoEdgeAI\libneai.a(NanoEdgeAI.o)
                              ./Core/Src/main.o (neai_classification_init)
D:/CubeIDE/STM32CubeIDE_1.13.1/STM32CubeIDE/plugins/com.st.stm32cube.ide.mcu.externaltools.gnu-tools-for-stm32.11.3.rel1.win32_1.1.0.202305231506/tools/bin/../lib/gcc/arm-none-eabi/11.3.1/../../../../arm-none-eabi/lib/thumb/v8-m.main+fp/hard\libc_nano.a(libc_a-exit.o)
                              D:/CubeIDE/STM32CubeIDE_1.13.1/STM32CubeIDE/plugins/com.st.stm32cube.ide.mcu.externaltools.gnu-tools-for-stm32.11.3.rel1.win32_1.1.0.202305231506/tools/bin/../lib/gcc/arm-none-eabi/11.3.1/../../../../arm-none-eabi/lib/thumb/v8-m.main+fp/hard/crt0.o (exit)
D:/CubeIDE/STM32CubeIDE_1.13.1/STM32CubeIDE/plugins/com.st.stm32cube.ide.mcu.externaltools.gnu-tools-for-stm32.11.3.rel1.win32_1.1.0.202305231506/tools/bin/../lib/gcc/arm-none-eabi/11.3.1/../../../../arm-none-eabi/lib/thumb/v8-m.main+fp/hard\libc_nano.a(libc_a-findfp.o)
                              D:/CubeIDE/STM32CubeIDE_1.13.1/STM32CubeIDE/plugins/com.st.stm32cube.ide.mcu.externaltools.gnu-tools-for-stm32.11.3.rel1.win32_1.1.0.202305231506/tools/bin/../lib/gcc/arm-none-eabi/11.3.1/../../../../arm-none-eabi/lib/thumb/v8-m.main+fp/hard\libc_nano.a(libc_a-exit.o) (__stdio_exit_handler)
D:/CubeIDE/STM32CubeIDE_1.13.1/STM32CubeIDE/plugins/com.st.stm32cube.ide.mcu.externaltools.gnu-tools-for-stm32.11.3.rel1.win32_1.1.0.202305231506/tools/bin/../lib/gcc/arm-none-eabi/11.3.1/../../../../arm-none-eabi/lib/thumb/v8-m.main+fp/hard\libc_nano.a(libc_a-fwalk.o)
                              D:/CubeIDE/STM32CubeIDE_1.13.1/STM32CubeIDE/plugins/com.st.stm32cube.ide.mcu.externaltools.gnu-tools-for-stm32.11.3.rel1.win32_1.1.0.202305231506/tools/bin/../lib/gcc/arm-none-eabi/11.3.1/../../../../arm-none-eabi/lib/thumb/v8-m.main+fp/hard\libc_nano.a(libc_a-findfp.o) (_fwalk_sglue)
D:/CubeIDE/STM32CubeIDE_1.13.1/STM32CubeIDE/plugins/com.st.stm32cube.ide.mcu.externaltools.gnu-tools-for-stm32.11.3.rel1.win32_1.1.0.202305231506/tools/bin/../lib/gcc/arm-none-eabi/11.3.1/../../../../arm-none-eabi/lib/thumb/v8-m.main+fp/hard\libc_nano.a(libc_a-sprintf.o)
                              ./Core/Src/main.o (sprintf)
D:/CubeIDE/STM32CubeIDE_1.13.1/STM32CubeIDE/plugins/com.st.stm32cube.ide.mcu.externaltools.gnu-tools-for-stm32.11.3.rel1.win32_1.1.0.202305231506/tools/bin/../lib/gcc/arm-none-eabi/11.3.1/../../../../arm-none-eabi/lib/thumb/v8-m.main+fp/hard\libc_nano.a(libc_a-stdio.o)
                              D:/CubeIDE/STM32CubeIDE_1.13.1/STM32CubeIDE/plugins/com.st.stm32cube.ide.mcu.externaltools.gnu-tools-for-stm32.11.3.rel1.win32_1.1.0.202305231506/tools/bin/../lib/gcc/arm-none-eabi/11.3.1/../../../../arm-none-eabi/lib/thumb/v8-m.main+fp/hard\libc_nano.a(libc_a-findfp.o) (__sread)
D:/CubeIDE/STM32CubeIDE_1.13.1/STM32CubeIDE/plugins/com.st.stm32cube.ide.mcu.externaltools.gnu-tools-for-stm32.11.3.rel1.win32_1.1.0.202305231506/tools/bin/../lib/gcc/arm-none-eabi/11.3.1/../../../../arm-none-eabi/lib/thumb/v8-m.main+fp/hard\libc_nano.a(libc_a-memset.o)
                              D:/CubeIDE/STM32CubeIDE_1.13.1/STM32CubeIDE/plugins/com.st.stm32cube.ide.mcu.externaltools.gnu-tools-for-stm32.11.3.rel1.win32_1.1.0.202305231506/tools/bin/../lib/gcc/arm-none-eabi/11.3.1/../../../../arm-none-eabi/lib/thumb/v8-m.main+fp/hard/crt0.o (memset)
D:/CubeIDE/STM32CubeIDE_1.13.1/STM32CubeIDE/plugins/com.st.stm32cube.ide.mcu.externaltools.gnu-tools-for-stm32.11.3.rel1.win32_1.1.0.202305231506/tools/bin/../lib/gcc/arm-none-eabi/11.3.1/../../../../arm-none-eabi/lib/thumb/v8-m.main+fp/hard\libc_nano.a(libc_a-closer.o)
                              D:/CubeIDE/STM32CubeIDE_1.13.1/STM32CubeIDE/plugins/com.st.stm32cube.ide.mcu.externaltools.gnu-tools-for-stm32.11.3.rel1.win32_1.1.0.202305231506/tools/bin/../lib/gcc/arm-none-eabi/11.3.1/../../../../arm-none-eabi/lib/thumb/v8-m.main+fp/hard\libc_nano.a(libc_a-stdio.o) (_close_r)
D:/CubeIDE/STM32CubeIDE_1.13.1/STM32CubeIDE/plugins/com.st.stm32cube.ide.mcu.externaltools.gnu-tools-for-stm32.11.3.rel1.win32_1.1.0.202305231506/tools/bin/../lib/gcc/arm-none-eabi/11.3.1/../../../../arm-none-eabi/lib/thumb/v8-m.main+fp/hard\libc_nano.a(libc_a-reent.o)
                              D:/CubeIDE/STM32CubeIDE_1.13.1/STM32CubeIDE/plugins/com.st.stm32cube.ide.mcu.externaltools.gnu-tools-for-stm32.11.3.rel1.win32_1.1.0.202305231506/tools/bin/../lib/gcc/arm-none-eabi/11.3.1/../../../../arm-none-eabi/lib/thumb/v8-m.main+fp/hard\libc_nano.a(libc_a-closer.o) (errno)
D:/CubeIDE/STM32CubeIDE_1.13.1/STM32CubeIDE/plugins/com.st.stm32cube.ide.mcu.externaltools.gnu-tools-for-stm32.11.3.rel1.win32_1.1.0.202305231506/tools/bin/../lib/gcc/arm-none-eabi/11.3.1/../../../../arm-none-eabi/lib/thumb/v8-m.main+fp/hard\libc_nano.a(libc_a-impure.o)
[...]
Memory Configuration

Name             Origin             Length             Attributes
RAM              0x0000000020000000 0x00000000000a0000 xrw
FLASH            0x0000000008000000 0x0000000000200000 xr
*default*        0x0000000000000000 0xffffffffffffffff

Linker script and memory map

LOAD D:/CubeIDE/STM32CubeIDE_1.13.1/STM32CubeIDE/plugins/com.st.stm32cube.ide.mcu.externaltools.gnu-tools-for-stm32.11.3.rel1.win32_1.1.0.202305231506/tools/bin/../lib/gcc/arm-none-eabi/11.3.1/thumb/v8-m.main+fp/hard/crti.o
LOAD D:/CubeIDE/STM32CubeIDE_1.13.1/STM32CubeIDE/plugins/com.st.stm32cube.ide.mcu.externaltools.gnu-tools-for-stm32.11.3.rel1.win32_1.1.0.202305231506/tools/bin/../lib/gcc/arm-none-eabi/11.3.1/thumb/v8-m.main+fp/hard/crtbegin.o
LOAD D:/CubeIDE/STM32CubeIDE_1.13.1/STM32CubeIDE/plugins/com.st.stm32cube.ide.mcu.externaltools.gnu-tools-for-stm32.11.3.rel1.win32_1.1.0.202305231506/tools/bin/../lib/gcc/arm-none-eabi/11.3.1/../../../../arm-none-eabi/lib/thumb/v8-m.main+fp/hard/crt0.o
LOAD ./Core/Src/IIC.o
LOAD ./Core/Src/MPU6050.o
LOAD ./Core/Src/gpio.o
LOAD ./Core/Src/main.o
LOAD ./Core/Src/stm32h5xx_hal_msp.o
LOAD ./Core/Src/stm32h5xx_it.o
LOAD ./Core/Src/syscalls.o
LOAD ./Core/Src/sysmem.o
LOAD ./Core/Src/system_stm32h5xx.o
LOAD ./Core/Src/usart.o
LOAD ./Core/Startup/startup_stm32h563zitx.o
LOAD ./Drivers/STM32H5xx_HAL_Driver/Src/stm32h5xx_hal.o
LOAD ./Drivers/STM32H5xx_HAL_Driver/Src/stm32h5xx_hal_cortex.o
LOAD ./Drivers/STM32H5xx_HAL_Driver/Src/stm32h5xx_hal_dma.o
LOAD ./Drivers/STM32H5xx_HAL_Driver/Src/stm32h5xx_hal_dma_ex.o
LOAD ./Drivers/STM32H5xx_HAL_Driver/Src/stm32h5xx_hal_exti.o
LOAD ./Drivers/STM32H5xx_HAL_Driver/Src/stm32h5xx_hal_flash.o
LOAD ./Drivers/STM32H5xx_HAL_Driver/Src/stm32h5xx_hal_flash_ex.o
LOAD ./Drivers/STM32H5xx_HAL_Driver/Src/stm32h5xx_hal_gpio.o
LOAD ./Drivers/STM32H5xx_HAL_Driver/Src/stm32h5xx_hal_pwr.o
LOAD ./Drivers/STM32H5xx_HAL_Driver/Src/stm32h5xx_hal_pwr_ex.o
LOAD ./Drivers/STM32H5xx_HAL_Driver/Src/stm32h5xx_hal_rcc.o
LOAD ./Drivers/STM32H5xx_HAL_Driver/Src/stm32h5xx_hal_rcc_ex.o
LOAD ./Drivers/STM32H5xx_HAL_Driver/Src/stm32h5xx_hal_uart.o
LOAD ./Drivers/STM32H5xx_HAL_Driver/Src/stm32h5xx_hal_uart_ex.o
LOAD D:\CubeIDE\workspace\H563NanoEdgeAI\libneai.a
START GROUP
LOAD D:/CubeIDE/STM32CubeIDE_1.13.1/STM32CubeIDE/plugins/com.st.stm32cube.ide.mcu.externaltools.gnu-tools-for-stm32.11.3.rel1.win32_1.1.0.202305231506/tools/bin/../lib/gcc/arm-none-eabi/11.3.1/../../../../arm-none-eabi/lib/thumb/v8-m.main+fp/hard\libc_nano.a
LOAD D:/CubeIDE/STM32CubeIDE_1.13.1/STM32CubeIDE/plugins/com.st.stm32cube.ide.mcu.externaltools.gnu-tools-for-stm32.11.3.rel1.win32_1.1.0.202305231506/tools/bin/../lib/gcc/arm-none-eabi/11.3.1/../../../../arm-none-eabi/lib/thumb/v8-m.main+fp/hard\libm.a
END GROUP
START GROUP
LOAD D:/CubeIDE/STM32CubeIDE_1.13.1/STM32CubeIDE/plugins/com.st.stm32cube.ide.mcu.externaltools.gnu-tools-for-stm32.11.3.rel1.win32_1.1.0.202305231506/tools/bin/../lib/gcc/arm-none-eabi/11.3.1/thumb/v8-m.main+fp/hard\libgcc.a
LOAD D:/CubeIDE/STM32CubeIDE_1.13.1/STM32CubeIDE/plugins/com.st.stm32cube.ide.mcu.externaltools.gnu-tools-for-stm32.11.3.rel1.win32_1.1.0.202305231506/tools/bin/../lib/gcc/arm-none-eabi/11.3.1/../../../../arm-none-eabi/lib/thumb/v8-m.main+fp/hard\libc_nano.a
END GROUP
START GROUP
LOAD D:/CubeIDE/STM32CubeIDE_1.13.1/STM32CubeIDE/plugins/com.st.stm32cube.ide.mcu.externaltools.gnu-tools-for-stm32.11.3.rel1.win32_1.1.0.202305231506/tools/bin/../lib/gcc/arm-none-eabi/11.3.1/thumb/v8-m.main+fp/hard\libgcc.a
LOAD D:/CubeIDE/STM32CubeIDE_1.13.1/STM32CubeIDE/plugins/com.st.stm32cube.ide.mcu.externaltools.gnu-tools-for-stm32.11.3.rel1.win32_1.1.0.202305231506/tools/bin/../lib/gcc/arm-none-eabi/11.3.1/../../../../arm-none-eabi/lib/thumb/v8-m.main+fp/hard\libc_nano.a
LOAD D:/CubeIDE/STM32CubeIDE_1.13.1/STM32CubeIDE/plugins/com.st.stm32cube.ide.mcu.externaltools.gnu-tools-for-stm32.11.3.rel1.win32_1.1.0.202305231506/tools/bin/../lib/gcc/arm-none-eabi/11.3.1/../../../../arm-none-eabi/lib/thumb/v8-m.main+fp/hard\libnosys.a
END GROUP
START GROUP
LOAD D:/CubeIDE/STM32CubeIDE_1.13.1/STM32CubeIDE/plugins/com.st.stm32cube.ide.mcu.externaltools.gnu-tools-for-stm32.11.3.rel1.win32_1.1.0.202305231506/tools/bin/../lib/gcc/arm-none-eabi/11.3.1/thumb/v8-m.main+fp/hard\libgcc.a
LOAD D:/CubeIDE/STM32CubeIDE_1.13.1/STM32CubeIDE/plugins/com.st.stm32cube.ide.mcu.externaltools.gnu-tools-for-stm32.11.3.rel1.win32_1.1.0.202305231506/tools/bin/../lib/gcc/arm-none-eabi/11.3.1/../../../../arm-none-eabi/lib/thumb/v8-m.main+fp/hard\libc_nano.a
LOAD D:/CubeIDE/STM32CubeIDE_1.13.1/STM32CubeIDE/plugins/com.st.stm32cube.ide.mcu.externaltools.gnu-tools-for-stm32.11.3.rel1.win32_1.1.0.202305231506/tools/bin/../lib/gcc/arm-none-eabi/11.3.1/../../../../arm-none-eabi/lib/thumb/v8-m.main+fp/hard\libnosys.a
END GROUP
LOAD D:/CubeIDE/STM32CubeIDE_1.13.1/STM32CubeIDE/plugins/com.st.stm32cube.ide.mcu.externaltools.gnu-tools-for-stm32.11.3.rel1.win32_1.1.0.202305231506/tools/bin/../lib/gcc/arm-none-eabi/11.3.1/thumb/v8-m.main+fp/hard/crtend.o
LOAD D:/CubeIDE/STM32CubeIDE_1.13.1/STM32CubeIDE/plugins/com.st.stm32cube.ide.mcu.externaltools.gnu-tools-for-stm32.11.3.rel1.win32_1.1.0.202305231506/tools/bin/../lib/gcc/arm-none-eabi/11.3.1/thumb/v8-m.main+fp/hard/crtn.o
                0x00000000200a0000                _estack = (ORIGIN (RAM) + LENGTH (RAM))
                0x0000000000001000                _Min_Heap_Size = 0x1000
                0x0000000000002000                _Min_Stack_Size = 0x2000

.isr_vector     0x0000000008000000      0x24c
                0x0000000008000000                . = ALIGN (0x4)
 *(.isr_vector)
 .isr_vector    0x0000000008000000      0x24c ./Core/Startup/startup_stm32h563zitx.o
                0x0000000008000000                g_pfnVectors
                0x000000000800024c                . = ALIGN (0x4)

.text           0x0000000008000250     0xa314
                0x0000000008000250                . = ALIGN (0x4)
 *(.text)
 .text          0x0000000008000250       0x40 D:/CubeIDE/STM32CubeIDE_1.13.1/STM32CubeIDE/plugins/com.st.stm32cube.ide.mcu.externaltools.gnu-tools-for-stm32.11.3.rel1.win32_1.1.0.202305231506/tools/bin/../lib/gcc/arm-none-eabi/11.3.1/thumb/v8-m.main+fp/hard/crtbegin.o
 .text          0x0000000008000290       0x10 D:/CubeIDE/STM32CubeIDE_1.13.1/STM32CubeIDE/plugins/com.st.stm32cube.ide.mcu.externaltools.gnu-tools-for-stm32.11.3.rel1.win32_1.1.0.202305231506/tools/bin/../lib/gcc/arm-none-eabi/11.3.1/../../../../arm-none-eabi/lib/thumb/v8-m.main+fp/hard\libc_nano.a(libc_a-strlen.o)
                0x0000000008000290                strlen
 .text          0x00000000080002a0      0x378 D:/CubeIDE/STM32CubeIDE_1.13.1/STM32CubeIDE/plugins/com.st.stm32cube.ide.mcu.externaltools.gnu-tools-for-stm32.11.3.rel1.win32_1.1.0.202305231506/tools/bin/../lib/gcc/arm-none-eabi/11.3.1/thumb/v8-m.main+fp/hard\libgcc.a(_arm_addsubdf3.o)
                0x00000000080002a0                __aeabi_drsub
                0x00000000080002a8                __aeabi_dsub
                0x00000000080002a8                __subdf3
                0x00000000080002ac                __aeabi_dadd
                0x00000000080002ac                __adddf3
                0x0000000008000524                __floatunsidf
                0x0000000008000524                __aeabi_ui2d
                0x0000000008000544                __floatsidf
                0x0000000008000544                __aeabi_i2d
                0x0000000008000568                __aeabi_f2d
                0x0000000008000568                __extendsfdf2
                0x00000000080005ac                __floatundidf
                0x00000000080005ac                __aeabi_ul2d
                0x00000000080005bc                __floatdidf
                0x00000000080005bc                __aeabi_l2d
 .text          0x0000000008000618      0x424 D:/CubeIDE/STM32CubeIDE_1.13.1/STM32CubeIDE/plugins/com.st.stm32cube.ide.mcu.externaltools.gnu-tools-for-stm32.11.3.rel1.win32_1.1.0.202305231506/tools/bin/../lib/gcc/arm-none-eabi/11.3.1/thumb/v8-m.main+fp/hard\libgcc.a(_arm_muldivdf3.o)
                0x0000000008000618                __aeabi_dmul
                0x0000000008000618                __muldf3
                0x000000000800086c                __divdf3
                0x000000000800086c                __aeabi_ddiv
 .text          0x0000000008000a3c      0x110 D:/CubeIDE/STM32CubeIDE_1.13.1/STM32CubeIDE/plugins/com.st.stm32cube.ide.mcu.externaltools.gnu-tools-for-stm32.11.3.rel1.win32_1.1.0.202305231506/tools/bin/../lib/gcc/arm-none-eabi/11.3.1/thumb/v8-m.main+fp/hard\libgcc.a(_arm_cmpdf2.o)
                0x0000000008000a3c                __gtdf2
                0x0000000008000a3c                __gedf2
                0x0000000008000a44                __ltdf2
                0x0000000008000a44                __ledf2
                0x0000000008000a4c                __nedf2
                0x0000000008000a4c                __eqdf2
                0x0000000008000a4c                __cmpdf2
                0x0000000008000ac8                __aeabi_cdrcmple
                0x0000000008000ad8                __aeabi_cdcmpeq
                0x0000000008000ad8                __aeabi_cdcmple
                0x0000000008000ae8                __aeabi_dcmpeq
                0x0000000008000afc                __aeabi_dcmplt
                0x0000000008000b10                __aeabi_dcmple
                0x0000000008000b24                __aeabi_dcmpge
                0x0000000008000b38                __aeabi_dcmpgt
 .text          0x0000000008000b4c       0x50 D:/CubeIDE/STM32CubeIDE_1.13.1/STM32CubeIDE/plugins/com.st.stm32cube.ide.mcu.externaltools.gnu-tools-for-stm32.11.3.rel1.win32_1.1.0.202305231506/tools/bin/../lib/gcc/arm-none-eabi/11.3.1/thumb/v8-m.main+fp/hard\libgcc.a(_arm_fixdfsi.o)
                0x0000000008000b4c                __aeabi_d2iz
                0x0000000008000b4c                __fixdfsi
 .text          0x0000000008000b9c       0xa0 D:/CubeIDE/STM32CubeIDE_1.13.1/STM32CubeIDE/plugins/com.st.stm32cube.ide.mcu.externaltools.gnu-tools-for-stm32.11.3.rel1.win32_1.1.0.202305231506/tools/bin/../lib/gcc/arm-none-eabi/11.3.1/thumb/v8-m.main+fp/hard\libgcc.a(_arm_truncdfsf2.o)
                0x0000000008000b9c                __truncdfsf2
                0x0000000008000b9c                __aeabi_d2f
 .text          0x0000000008000c3c       0x30 D:/CubeIDE/STM32CubeIDE_1.13.1/STM32CubeIDE/plugins/com.st.stm32cube.ide.mcu.externaltools.gnu-tools-for-stm32.11.3.rel1.win32_1.1.0.202305231506/tools/bin/../lib/gcc/arm-none-eabi/11.3.1/thumb/v8-m.main+fp/hard\libgcc.a(_aeabi_uldivmod.o)
                0x0000000008000c3c                __aeabi_uldivmod
 .text          0x0000000008000c6c      0x2ec D:/CubeIDE/STM32CubeIDE_1.13.1/STM32CubeIDE/plugins/com.st.stm32cube.ide.mcu.externaltools.gnu-tools-for-stm32.11.3.rel1.win32_1.1.0.202305231506/tools/bin/../lib/gcc/arm-none-eabi/11.3.1/thumb/v8-m.main+fp/hard\libgcc.a(_udivmoddi4.o)
                0x0000000008000c6c                __udivmoddi4
 .text          0x0000000008000f58        0x4 D:/CubeIDE/STM32CubeIDE_1.13.1/STM32CubeIDE/plugins/com.st.stm32cube.ide.mcu.externaltools.gnu-tools-for-stm32.11.3.rel1.win32_1.1.0.202305231506/tools/bin/../lib/gcc/arm-none-eabi/11.3.1/thumb/v8-m.main+fp/hard\libgcc.a(_dvmd_tls.o)
                0x0000000008000f58                __aeabi_idiv0
                0x0000000008000f58                __aeabi_ldiv0
 *(.text*)
 .text.IIC_SDA  0x0000000008000f5c       0x24 ./Core/Src/IIC.o
                0x0000000008000f5c                IIC_SDA
 .text.IIC_SCL  0x0000000008000f80       0x24 ./Core/Src/IIC.o
                0x0000000008000f80                IIC_SCL
 .text.IIC_R_SDA
                0x0000000008000fa4       0x24 ./Core/Src/IIC.o
                0x0000000008000fa4                IIC_R_SDA
 .text.IIC_Start
                0x0000000008000fc8       0x20 ./Core/Src/IIC.o
                0x0000000008000fc8                IIC_Start
 .text.IIC_Stop
                0x0000000008000fe8       0x20 ./Core/Src/IIC.o
                0x0000000008000fe8                IIC_Stop
 .text.IIC_WriteByte
                0x0000000008001008       0x50 ./Core/Src/IIC.o
                0x0000000008001008                IIC_WriteByte
 .text.IIC_ReadByte
                0x0000000008001058       0x56 ./Core/Src/IIC.o
                0x0000000008001058                IIC_ReadByte
 .text.IIC_SendACK
                0x00000000080010ae       0x26 ./Core/Src/IIC.o
                0x00000000080010ae                IIC_SendACK
 .text.IIC_ReadACK
                0x00000000080010d4       0x2e ./Core/Src/IIC.o
                0x00000000080010d4                IIC_ReadACK
 .text.MPU6050_WriteReg
                0x0000000008001102       0x42 ./Core/Src/MPU6050.o
                0x0000000008001102                MPU6050_WriteReg
 .text.MPU6050_ReadReg
                0x0000000008001144       0x4e ./Core/Src/MPU6050.o
                0x0000000008001144                MPU6050_ReadReg
 .text.MPU6050_Init
                0x0000000008001192       0x38 ./Core/Src/MPU6050.o
                0x0000000008001192                MPU6050_Init
 .text.MPU6050_GetData
                0x00000000080011ca       0xfa ./Core/Src/MPU6050.o
                0x00000000080011ca                MPU6050_GetData
 .text.MX_GPIO_Init
                0x00000000080012c4      0x1dc ./Core/Src/gpio.o
                0x00000000080012c4                MX_GPIO_Init
 .text.main     0x00000000080014a0      0x140 ./Core/Src/main.o
                0x00000000080014a0                main
 .text.SystemClock_Config
                0x00000000080015e0       0xcc ./Core/Src/main.o
                0x00000000080015e0                SystemClock_Config
 .text.fill_input_user_buffer
                0x00000000080016ac      0x130 ./Core/Src/main.o
                0x00000000080016ac                fill_input_user_buffer
 .text.Error_Handler
                0x00000000080017dc        0xa ./Core/Src/main.o
                0x00000000080017dc                Error_Handler
 .text.HAL_MspInit
                0x00000000080017e6        0xe ./Core/Src/stm32h5xx_hal_msp.o
                0x00000000080017e6                HAL_MspInit
 .text.NMI_Handler
                0x00000000080017f4        0x6 ./Core/Src/stm32h5xx_it.o
                0x00000000080017f4                NMI_Handler
 .text.HardFault_Handler
                0x00000000080017fa        0x6 ./Core/Src/stm32h5xx_it.o
                0x00000000080017fa                HardFault_Handler
 .text.MemManage_Handler
                0x0000000008001800        0x6 ./Core/Src/stm32h5xx_it.o
                0x0000000008001800                MemManage_Handler
 .text.BusFault_Handler
                0x0000000008001806        0x6 ./Core/Src/stm32h5xx_it.o
                0x0000000008001806                BusFault_Handler
 .text.UsageFault_Handler
                0x000000000800180c        0x6 ./Core/Src/stm32h5xx_it.o
                0x000000000800180c                UsageFault_Handler
 .text.SVC_Handler
                0x0000000008001812        0xe ./Core/Src/stm32h5xx_it.o
                0x0000000008001812                SVC_Handler
 .text.DebugMon_Handler
                0x0000000008001820        0xe ./Core/Src/stm32h5xx_it.o
                0x0000000008001820                DebugMon_Handler
 .text.PendSV_Handler
                0x000000000800182e        0xe ./Core/Src/stm32h5xx_it.o
                0x000000000800182e                PendSV_Handler
 .text.SysTick_Handler
                0x000000000800183c        0xc ./Core/Src/stm32h5xx_it.o
                0x000000000800183c                SysTick_Handler
 .text._sbrk    0x0000000008001848       0x6c ./Core/Src/sysmem.o
                0x0000000008001848                _sbrk
 .text.SystemInit
                0x00000000080018b4       0xf8 ./Core/Src/system_stm32h5xx.o
                0x00000000080018b4                SystemInit
 .text.MX_LPUART1_UART_Init
                0x00000000080019ac       0x94 ./Core/Src/usart.o
                0x00000000080019ac                MX_LPUART1_UART_Init
 .text.MX_USART3_UART_Init
                0x0000000008001a40       0xa4 ./Core/Src/usart.o
                0x0000000008001a40                MX_USART3_UART_Init
 .text.HAL_UART_MspInit
                0x0000000008001ae4      0x1f4 ./Core/Src/usart.o
                0x0000000008001ae4                HAL_UART_MspInit
 .text.Reset_Handler
                0x0000000008001cd8       0x50 ./Core/Startup/startup_stm32h563zitx.o
                0x0000000008001cd8                Reset_Handler
 .text.Default_Handler
                0x0000000008001d28        0x2 ./Core/Startup/startup_stm32h563zitx.o
                0x0000000008001d28                EXTI2_IRQHandler
                0x0000000008001d28                TIM8_TRG_COM_IRQHandler
                0x0000000008001d28                TIM8_CC_IRQHandler
                0x0000000008001d28                EXTI5_IRQHandler
                0x0000000008001d28                I3C1_ER_IRQHandler
                0x0000000008001d28                UART8_IRQHandler
                0x0000000008001d28                SPI4_IRQHandler
                0x0000000008001d28                GPDMA2_Channel1_IRQHandler
                0x0000000008001d28                FLASH_S_IRQHandler
                0x0000000008001d28                EXTI13_IRQHandler
                0x0000000008001d28                TIM1_CC_IRQHandler
                0x0000000008001d28                GPDMA2_Channel3_IRQHandler
                0x0000000008001d28                TAMP_IRQHandler
                0x0000000008001d28                TIM6_IRQHandler
                0x0000000008001d28                EXTI12_IRQHandler
                0x0000000008001d28                CORDIC_IRQHandler
                0x0000000008001d28                USB_DRD_FS_IRQHandler
                0x0000000008001d28                EXTI3_IRQHandler
                0x0000000008001d28                LPTIM4_IRQHandler
                0x0000000008001d28                GPDMA1_Channel5_IRQHandler
                0x0000000008001d28                EXTI8_IRQHandler
                0x0000000008001d28                GPDMA2_Channel5_IRQHandler
                0x0000000008001d28                LPTIM2_IRQHandler
                0x0000000008001d28                I2C3_ER_IRQHandler
                0x0000000008001d28                GPDMA2_Channel2_IRQHandler
                0x0000000008001d28                USART10_IRQHandler
                0x0000000008001d28                LPTIM3_IRQHandler
                0x0000000008001d28                EXTI0_IRQHandler
                0x0000000008001d28                I2C2_EV_IRQHandler
                0x0000000008001d28                FPU_IRQHandler
                0x0000000008001d28                GPDMA1_Channel3_IRQHandler
                0x0000000008001d28                GPDMA1_Channel7_IRQHandler
                0x0000000008001d28                FDCAN1_IT1_IRQHandler
                0x0000000008001d28                RAMCFG_IRQHandler
                0x0000000008001d28                DCACHE1_IRQHandler
                0x0000000008001d28                SPI1_IRQHandler
                0x0000000008001d28                OCTOSPI1_IRQHandler
                0x0000000008001d28                GPDMA1_Channel2_IRQHandler
                0x0000000008001d28                TIM8_UP_IRQHandler
                0x0000000008001d28                RCC_S_IRQHandler
                0x0000000008001d28                SAI2_IRQHandler
                0x0000000008001d28                ADC1_IRQHandler
                0x0000000008001d28                USART6_IRQHandler
                0x0000000008001d28                EXTI15_IRQHandler
                0x0000000008001d28                TIM17_IRQHandler
                0x0000000008001d28                USART3_IRQHandler
                0x0000000008001d28                RTC_IRQHandler
                0x0000000008001d28                EXTI9_IRQHandler
                0x0000000008001d28                LPTIM5_IRQHandler
                0x0000000008001d28                UART5_IRQHandler
                0x0000000008001d28                TIM4_IRQHandler
                0x0000000008001d28                I2C1_EV_IRQHandler
                0x0000000008001d28                GPDMA1_Channel1_IRQHandler
                0x0000000008001d28                TIM16_IRQHandler
                0x0000000008001d28                UART4_IRQHandler
                0x0000000008001d28                SecureFault_Handler
                0x0000000008001d28                TIM3_IRQHandler
                0x0000000008001d28                RCC_IRQHandler
                0x0000000008001d28                UART9_IRQHandler
                0x0000000008001d28                TIM1_TRG_COM_IRQHandler
                0x0000000008001d28                Default_Handler
                0x0000000008001d28                FMAC_IRQHandler
                0x0000000008001d28                CEC_IRQHandler
                0x0000000008001d28                USART11_IRQHandler
                0x0000000008001d28                TIM14_IRQHandler
                0x0000000008001d28                TIM13_IRQHandler
                0x0000000008001d28                GPDMA2_Channel4_IRQHandler
                0x0000000008001d28                SPI5_IRQHandler
                0x0000000008001d28                TIM12_IRQHandler
                0x0000000008001d28                TIM7_IRQHandler
                0x0000000008001d28                SDMMC1_IRQHandler
                0x0000000008001d28                TIM5_IRQHandler
                0x0000000008001d28                UCPD1_IRQHandler
                0x0000000008001d28                GPDMA1_Channel0_IRQHandler
                0x0000000008001d28                I3C1_EV_IRQHandler
                0x0000000008001d28                TIM15_IRQHandler
                0x0000000008001d28                PVD_AVD_IRQHandler
                0x0000000008001d28                I2C3_EV_IRQHandler
                0x0000000008001d28                ETH_WKUP_IRQHandler
                0x0000000008001d28                ADC2_IRQHandler
                0x0000000008001d28                SPI2_IRQHandler
                0x0000000008001d28                EXTI14_IRQHandler
                0x0000000008001d28                EXTI11_IRQHandler
                0x0000000008001d28                CRS_IRQHandler
                0x0000000008001d28                EXTI4_IRQHandler
                0x0000000008001d28                GPDMA2_Channel0_IRQHandler
                0x0000000008001d28                RTC_S_IRQHandler
                0x0000000008001d28                RNG_IRQHandler
                0x0000000008001d28                FDCAN2_IT1_IRQHandler
                0x0000000008001d28                ETH_IRQHandler
                0x0000000008001d28                GPDMA2_Channel6_IRQHandler
                0x0000000008001d28                TIM1_UP_IRQHandler
                0x0000000008001d28                UART12_IRQHandler
                0x0000000008001d28                WWDG_IRQHandler
                0x0000000008001d28                SPI6_IRQHandler
                0x0000000008001d28                I2C4_EV_IRQHandler
                0x0000000008001d28                FDCAN2_IT0_IRQHandler
                0x0000000008001d28                IWDG_IRQHandler
                0x0000000008001d28                LPUART1_IRQHandler
                0x0000000008001d28                FDCAN1_IT0_IRQHandler
                0x0000000008001d28                TIM2_IRQHandler
                0x0000000008001d28                GPDMA1_Channel4_IRQHandler
                0x0000000008001d28                EXTI7_IRQHandler
                0x0000000008001d28                TIM1_BRK_IRQHandler
                0x0000000008001d28                EXTI1_IRQHandler
                0x0000000008001d28                SDMMC2_IRQHandler
                0x0000000008001d28                LPTIM6_IRQHandler
                0x0000000008001d28                DAC1_IRQHandler
                0x0000000008001d28                DTS_IRQHandler
                0x0000000008001d28                UART7_IRQHandler
                0x0000000008001d28                GTZC_IRQHandler
                0x0000000008001d28                USART2_IRQHandler
                0x0000000008001d28                GPDMA1_Channel6_IRQHandler
                0x0000000008001d28                GPDMA2_Channel7_IRQHandler
                0x0000000008001d28                I2C2_ER_IRQHandler
                0x0000000008001d28                TIM8_BRK_IRQHandler
                0x0000000008001d28                FLASH_IRQHandler
                0x0000000008001d28                USART1_IRQHandler
                0x0000000008001d28                EXTI10_IRQHandler
                0x0000000008001d28                SPI3_IRQHandler
                0x0000000008001d28                I2C1_ER_IRQHandler
                0x0000000008001d28                FMC_IRQHandler
                0x0000000008001d28                EXTI6_IRQHandler
                0x0000000008001d28                LPTIM1_IRQHandler
                0x0000000008001d28                DCMI_PSSI_IRQHandler
                0x0000000008001d28                I2C4_ER_IRQHandler
                0x0000000008001d28                ICACHE_IRQHandler
                0x0000000008001d28                SAI1_IRQHandler
                0x0000000008001d28                HASH_IRQHandler
 *fill*         0x0000000008001d2a        0x2 
 .text.HAL_Init
                0x0000000008001d2c       0x4c ./Drivers/STM32H5xx_HAL_Driver/Src/stm32h5xx_hal.o
                0x0000000008001d2c                HAL_Init
 .text.HAL_InitTick
                0x0000000008001d78       0x6c ./Drivers/STM32H5xx_HAL_Driver/Src/stm32h5xx_hal.o
                0x0000000008001d78                HAL_InitTick
 .text.HAL_IncTick
                0x0000000008001de4       0x28 ./Drivers/STM32H5xx_HAL_Driver/Src/stm32h5xx_hal.o
                0x0000000008001de4                HAL_IncTick
 .text.HAL_GetTick
                0x0000000008001e0c       0x18 ./Drivers/STM32H5xx_HAL_Driver/Src/stm32h5xx_hal.o
                0x0000000008001e0c                HAL_GetTick
 .text.HAL_Delay
                0x0000000008001e24       0x48 ./Drivers/STM32H5xx_HAL_Driver/Src/stm32h5xx_hal.o
                0x0000000008001e24                HAL_Delay
 .text.__NVIC_SetPriorityGrouping
                0x0000000008001e6c       0x48 ./Drivers/STM32H5xx_HAL_Driver/Src/stm32h5xx_hal_cortex.o
 .text.__NVIC_GetPriorityGrouping
                0x0000000008001eb4       0x1c ./Drivers/STM32H5xx_HAL_Driver/Src/stm32h5xx_hal_cortex.o
 .text.__NVIC_SetPriority
                0x0000000008001ed0       0x54 ./Drivers/STM32H5xx_HAL_Driver/Src/stm32h5xx_hal_cortex.o
 .text.NVIC_EncodePriority
                0x0000000008001f24       0x66 ./Drivers/STM32H5xx_HAL_Driver/Src/stm32h5xx_hal_cortex.o
 *fill*         0x0000000008001f8a        0x2 
 .text.SysTick_Config
                0x0000000008001f8c       0x44 ./Drivers/STM32H5xx_HAL_Driver/Src/stm32h5xx_hal_cortex.o
 .text.HAL_NVIC_SetPriorityGrouping
                0x0000000008001fd0       0x16 ./Drivers/STM32H5xx_HAL_Driver/Src/stm32h5xx_hal_cortex.o
                0x0000000008001fd0                HAL_NVIC_SetPriorityGrouping
 .text.HAL_NVIC_SetPriority
                0x0000000008001fe6       0x34 ./Drivers/STM32H5xx_HAL_Driver/Src/stm32h5xx_hal_cortex.o
                0x0000000008001fe6                HAL_NVIC_SetPriority
 .text.HAL_SYSTICK_Config
                0x000000000800201a       0x18 ./Drivers/STM32H5xx_HAL_Driver/Src/stm32h5xx_hal_cortex.o
                0x000000000800201a                HAL_SYSTICK_Config
 *fill*         0x0000000008002032        0x2 
 .text.HAL_GPIO_Init
                0x0000000008002034      0x2a4 ./Drivers/STM32H5xx_HAL_Driver/Src/stm32h5xx_hal_gpio.o
                0x0000000008002034                HAL_GPIO_Init
 .text.HAL_GPIO_ReadPin
                0x00000000080022d8       0x30 ./Drivers/STM32H5xx_HAL_Driver/Src/stm32h5xx_hal_gpio.o
                0x00000000080022d8                HAL_GPIO_ReadPin
 .text.HAL_GPIO_WritePin
                0x0000000008002308       0x30 ./Drivers/STM32H5xx_HAL_Driver/Src/stm32h5xx_hal_gpio.o
                0x0000000008002308                HAL_GPIO_WritePin
 .text.HAL_RCC_OscConfig
                0x0000000008002338      0x870 ./Drivers/STM32H5xx_HAL_Driver/Src/stm32h5xx_hal_rcc.o
                0x0000000008002338                HAL_RCC_OscConfig
 .text.HAL_RCC_ClockConfig
                0x0000000008002ba8      0x370 ./Drivers/STM32H5xx_HAL_Driver/Src/stm32h5xx_hal_rcc.o
                0x0000000008002ba8                HAL_RCC_ClockConfig
 .text.HAL_RCC_GetSysClockFreq
                0x0000000008002f18      0x258 ./Drivers/STM32H5xx_HAL_Driver/Src/stm32h5xx_hal_rcc.o
                0x0000000008002f18                HAL_RCC_GetSysClockFreq
 .text.HAL_RCC_GetHCLKFreq
                0x0000000008003170       0x38 ./Drivers/STM32H5xx_HAL_Driver/Src/stm32h5xx_hal_rcc.o
                0x0000000008003170                HAL_RCC_GetHCLKFreq
 .text.HAL_RCC_GetPCLK1Freq
                0x00000000080031a8       0x2c ./Drivers/STM32H5xx_HAL_Driver/Src/stm32h5xx_hal_rcc.o
                0x00000000080031a8                HAL_RCC_GetPCLK1Freq
 .text.HAL_RCC_GetPCLK2Freq
                0x00000000080031d4       0x2c ./Drivers/STM32H5xx_HAL_Driver/Src/stm32h5xx_hal_rcc.o
                0x00000000080031d4                HAL_RCC_GetPCLK2Freq
 .text.HAL_RCC_GetPCLK3Freq
                0x0000000008003200       0x2c ./Drivers/STM32H5xx_HAL_Driver/Src/stm32h5xx_hal_rcc.o
                0x0000000008003200                HAL_RCC_GetPCLK3Freq
 .text.HAL_RCCEx_PeriphCLKConfig
                0x000000000800322c     0x1f14 ./Drivers/STM32H5xx_HAL_Driver/Src/stm32h5xx_hal_rcc_ex.o
                0x000000000800322c                HAL_RCCEx_PeriphCLKConfig
 .text.HAL_RCCEx_GetPLL1ClockFreq
                0x0000000008005140      0x2d4 ./Drivers/STM32H5xx_HAL_Driver/Src/stm32h5xx_hal_rcc_ex.o
                0x0000000008005140                HAL_RCCEx_GetPLL1ClockFreq
 .text.HAL_RCCEx_GetPLL2ClockFreq
                0x0000000008005414      0x2d4 ./Drivers/STM32H5xx_HAL_Driver/Src/stm32h5xx_hal_rcc_ex.o
                0x0000000008005414                HAL_RCCEx_GetPLL2ClockFreq
 .text.HAL_RCCEx_GetPLL3ClockFreq
                0x00000000080056e8      0x2d4 ./Drivers/STM32H5xx_HAL_Driver/Src/stm32h5xx_hal_rcc_ex.o
                0x00000000080056e8                HAL_RCCEx_GetPLL3ClockFreq
 .text.HAL_RCCEx_GetPeriphCLKFreq
                0x00000000080059bc     0x26b4 ./Drivers/STM32H5xx_HAL_Driver/Src/stm32h5xx_hal_rcc_ex.o
                0x00000000080059bc                HAL_RCCEx_GetPeriphCLKFreq
 .text.RCCEx_PLL2_Config
                0x0000000008008070      0x130 ./Drivers/STM32H5xx_HAL_Driver/Src/stm32h5xx_hal_rcc_ex.o
 .text.RCCEx_PLL3_Config
                0x00000000080081a0      0x130 ./Drivers/STM32H5xx_HAL_Driver/Src/stm32h5xx_hal_rcc_ex.o
 .text.HAL_UART_Init
                0x00000000080082d0       0xa0 ./Drivers/STM32H5xx_HAL_Driver/Src/stm32h5xx_hal_uart.o
                0x00000000080082d0                HAL_UART_Init
 .text.HAL_UART_Transmit
                0x0000000008008370      0x13c ./Drivers/STM32H5xx_HAL_Driver/Src/stm32h5xx_hal_uart.o
                0x0000000008008370                HAL_UART_Transmit
 .text.UART_SetConfig
                0x00000000080084ac      0x3dc ./Drivers/STM32H5xx_HAL_Driver/Src/stm32h5xx_hal_uart.o
                0x00000000080084ac                UART_SetConfig
 .text.UART_AdvFeatureConfig
                0x0000000008008888      0x144 ./Drivers/STM32H5xx_HAL_Driver/Src/stm32h5xx_hal_uart.o
                0x0000000008008888                UART_AdvFeatureConfig
 .text.UART_CheckIdleState
                0x00000000080089cc      0x154 ./Drivers/STM32H5xx_HAL_Driver/Src/stm32h5xx_hal_uart.o
                0x00000000080089cc                UART_CheckIdleState
 .text.UART_WaitOnFlagUntilTimeout
                0x0000000008008b20       0xce ./Drivers/STM32H5xx_HAL_Driver/Src/stm32h5xx_hal_uart.o
                0x0000000008008b20                UART_WaitOnFlagUntilTimeout
 .text.UART_EndRxTransfer
                0x0000000008008bee       0xcc ./Drivers/STM32H5xx_HAL_Driver/Src/stm32h5xx_hal_uart.o
 .text.HAL_UARTEx_DisableFifoMode
                0x0000000008008cba       0x72 ./Drivers/STM32H5xx_HAL_Driver/Src/stm32h5xx_hal_uart_ex.o
                0x0000000008008cba                HAL_UARTEx_DisableFifoMode
 .text.HAL_UARTEx_SetTxFifoThreshold
                0x0000000008008d2c       0x7c ./Drivers/STM32H5xx_HAL_Driver/Src/stm32h5xx_hal_uart_ex.o
                0x0000000008008d2c                HAL_UARTEx_SetTxFifoThreshold
 .text.HAL_UARTEx_SetRxFifoThreshold
                0x0000000008008da8       0x7c ./Drivers/STM32H5xx_HAL_Driver/Src/stm32h5xx_hal_uart_ex.o
                0x0000000008008da8                HAL_UARTEx_SetRxFifoThreshold
 .text.UARTEx_SetNbDataToProcess
                0x0000000008008e24       0x9c ./Drivers/STM32H5xx_HAL_Driver/Src/stm32h5xx_hal_uart_ex.o
 .text.neai_classification_init
                0x0000000008008ec0      0x1fc D:\CubeIDE\workspace\H563NanoEdgeAI\libneai.a(NanoEdgeAI.o)
                0x0000000008008ec0                neai_classification_init
 .text.neai_classification
                0x00000000080090bc      0x6e0 D:\CubeIDE\workspace\H563NanoEdgeAI\libneai.a(NanoEdgeAI.o)
                0x00000000080090bc                neai_classification
 .text.sprintf  0x000000000800979c       0x40 D:/CubeIDE/STM32CubeIDE_1.13.1/STM32CubeIDE/plugins/com.st.stm32cube.ide.mcu.externaltools.gnu-tools-for-stm32.11.3.rel1.win32_1.1.0.202305231506/tools/bin/../lib/gcc/arm-none-eabi/11.3.1/../../../../arm-none-eabi/lib/thumb/v8-m.main+fp/hard\libc_nano.a(libc_a-sprintf.o)
                0x000000000800979c                siprintf
                0x000000000800979c                sprintf
 .text.memset   0x00000000080097dc       0x10 D:/CubeIDE/STM32CubeIDE_1.13.1/STM32CubeIDE/plugins/com.st.stm32cube.ide.mcu.externaltools.gnu-tools-for-stm32.11.3.rel1.win32_1.1.0.202305231506/tools/bin/../lib/gcc/arm-none-eabi/11.3.1/../../../../arm-none-eabi/lib/thumb/v8-m.main+fp/hard\libc_nano.a(libc_a-memset.o)
                0x00000000080097dc                memset
 .text.__errno  0x00000000080097ec        0xc D:/CubeIDE/STM32CubeIDE_1.13.1/STM32CubeIDE/plugins/com.st.stm32cube.ide.mcu.externaltools.gnu-tools-for-stm32.11.3.rel1.win32_1.1.0.202305231506/tools/bin/../lib/gcc/arm-none-eabi/11.3.1/../../../../arm-none-eabi/lib/thumb/v8-m.main+fp/hard\libc_nano.a(libc_a-errno.o)
                0x00000000080097ec                __errno
 .text.__libc_init_array
                0x00000000080097f8       0x48 D:/CubeIDE/STM32CubeIDE_1.13.1/STM32CubeIDE/plugins/com.st.stm32cube.ide.mcu.externaltools.gnu-tools-for-stm32.11.3.rel1.win32_1.1.0.202305231506/tools/bin/../lib/gcc/arm-none-eabi/11.3.1/../../../../arm-none-eabi/lib/thumb/v8-m.main+fp/hard\libc_nano.a(libc_a-init.o)
                0x00000000080097f8                __libc_init_array
 .text.__retarget_lock_acquire_recursive
                0x0000000008009840        0x2 D:/CubeIDE/STM32CubeIDE_1.13.1/STM32CubeIDE/plugins/com.st.stm32cube.ide.mcu.externaltools.gnu-tools-for-stm32.11.3.rel1.win32_1.1.0.202305231506/tools/bin/../lib/gcc/arm-none-eabi/11.3.1/../../../../arm-none-eabi/lib/thumb/v8-m.main+fp/hard\libc_nano.a(libc_a-lock.o)
                0x0000000008009840                __retarget_lock_acquire_recursive
 .text.__retarget_lock_release_recursive
                0x0000000008009842        0x2 D:/CubeIDE/STM32CubeIDE_1.13.1/STM32CubeIDE/plugins/com.st.stm32cube.ide.mcu.externaltools.gnu-tools-for-stm32.11.3.rel1.win32_1.1.0.202305231506/tools/bin/../lib/gcc/arm-none-eabi/11.3.1/../../../../arm-none-eabi/lib/thumb/v8-m.main+fp/hard\libc_nano.a(libc_a-lock.o)
                0x0000000008009842                __retarget_lock_release_recursive
 .text.memcpy   0x0000000008009844       0x1a D:/CubeIDE/STM32CubeIDE_1.13.1/STM32CubeIDE/plugins/com.st.stm32cube.ide.mcu.externaltools.gnu-tools-for-stm32.11.3.rel1.win32_1.1.0.202305231506/tools/bin/../lib/gcc/arm-none-eabi/11.3.1/../../../../arm-none-eabi/lib/thumb/v8-m.main+fp/hard\libc_nano.a(libc_a-memcpy-stub.o)
                0x0000000008009844                memcpy
 *fill*         0x000000000800985e        0x2 
 .text._free_r  0x0000000008009860       0x98 D:/CubeIDE/STM32CubeIDE_1.13.1/STM32CubeIDE/plugins/com.st.stm32cube.ide.mcu.externaltools.gnu-tools-for-stm32.11.3.rel1.win32_1.1.0.202305231506/tools/bin/../lib/gcc/arm-none-eabi/11.3.1/../../../../arm-none-eabi/lib/thumb/v8-m.main+fp/hard\libc_nano.a(libc_a-freer.o)
                0x0000000008009860                _free_r
 .text.sbrk_aligned
                0x00000000080098f8       0x40 D:/CubeIDE/STM32CubeIDE_1.13.1/STM32CubeIDE/plugins/com.st.stm32cube.ide.mcu.externaltools.gnu-tools-for-stm32.11.3.rel1.win32_1.1.0.202305231506/tools/bin/../lib/gcc/arm-none-eabi/11.3.1/../../../../arm-none-eabi/lib/thumb/v8-m.main+fp/hard\libc_nano.a(libc_a-mallocr.o)
 .text._malloc_r
                0x0000000008009938      0x100 D:/CubeIDE/STM32CubeIDE_1.13.1/STM32CubeIDE/plugins/com.st.stm32cube.ide.mcu.externaltools.gnu-tools-for-stm32.11.3.rel1.win32_1.1.0.202305231506/tools/bin/../lib/gcc/arm-none-eabi/11.3.1/../../../../arm-none-eabi/lib/thumb/v8-m.main+fp/hard\libc_nano.a(libc_a-mallocr.o)
                0x0000000008009938                _malloc_r
 .text.__malloc_lock
                0x0000000008009a38        0xc D:/CubeIDE/STM32CubeIDE_1.13.1/STM32CubeIDE/plugins/com.st.stm32cube.ide.mcu.externaltools.gnu-tools-for-stm32.11.3.rel1.win32_1.1.0.202305231506/tools/bin/../lib/gcc/arm-none-eabi/11.3.1/../../../../arm-none-eabi/lib/thumb/v8-m.main+fp/hard\libc_nano.a(libc_a-mlock.o)
                0x0000000008009a38                __malloc_lock
 .text.__malloc_unlock
                0x0000000008009a44        0xc D:/CubeIDE/STM32CubeIDE_1.13.1/STM32CubeIDE/plugins/com.st.stm32cube.ide.mcu.externaltools.gnu-tools-for-stm32.11.3.rel1.win32_1.1.0.202305231506/tools/bin/../lib/gcc/arm-none-eabi/11.3.1/../../../../arm-none-eabi/lib/thumb/v8-m.main+fp/hard\libc_nano.a(libc_a-mlock.o)
                0x0000000008009a44                __malloc_unlock
 .text.__ssputs_r
                0x0000000008009a50       0xb4 D:/CubeIDE/STM32CubeIDE_1.13.1/STM32CubeIDE/plugins/com.st.stm32cube.ide.mcu.externaltools.gnu-tools-for-stm32.11.3.rel1.win32_1.1.0.202305231506/tools/bin/../lib/gcc/arm-none-eabi/11.3.1/../../../../arm-none-eabi/lib/thumb/v8-m.main+fp/hard\libc_nano.a(libc_a-nano-svfprintf.o)
                0x0000000008009a50                __ssputs_r
 .text._svfprintf_r
                0x0000000008009b04      0x1fc D:/CubeIDE/STM32CubeIDE_1.13.1/STM32CubeIDE/plugins/com.st.stm32cube.ide.mcu.externaltools.gnu-tools-for-stm32.11.3.rel1.win32_1.1.0.202305231506/tools/bin/../lib/gcc/arm-none-eabi/11.3.1/../../../../arm-none-eabi/lib/thumb/v8-m.main+fp/hard\libc_nano.a(libc_a-nano-svfprintf.o)
                0x0000000008009b04                _svfiprintf_r
                0x0000000008009b04                _svfprintf_r
 .text._printf_common
                0x0000000008009d00       0xe4 D:/CubeIDE/STM32CubeIDE_1.13.1/STM32CubeIDE/plugins/com.st.stm32cube.ide.mcu.externaltools.gnu-tools-for-stm32.11.3.rel1.win32_1.1.0.202305231506/tools/bin/../lib/gcc/arm-none-eabi/11.3.1/../../../../arm-none-eabi/lib/thumb/v8-m.main+fp/hard\libc_nano.a(libc_a-nano-vfprintf_i.o)
                0x0000000008009d00                _printf_common
 .text._printf_i
                0x0000000008009de4      0x240 D:/CubeIDE/STM32CubeIDE_1.13.1/STM32CubeIDE/plugins/com.st.stm32cube.ide.mcu.externaltools.gnu-tools-for-stm32.11.3.rel1.win32_1.1.0.202305231506/tools/bin/../lib/gcc/arm-none-eabi/11.3.1/../../../../arm-none-eabi/lib/thumb/v8-m.main+fp/hard\libc_nano.a(libc_a-nano-vfprintf_i.o)
                0x0000000008009de4                _printf_i
 .text.memmove  0x000000000800a024       0x34 D:/CubeIDE/STM32CubeIDE_1.13.1/STM32CubeIDE/plugins/com.st.stm32cube.ide.mcu.externaltools.gnu-tools-for-stm32.11.3.rel1.win32_1.1.0.202305231506/tools/bin/../lib/gcc/arm-none-eabi/11.3.1/../../../../arm-none-eabi/lib/thumb/v8-m.main+fp/hard\libc_nano.a(libc_a-memmove.o)
                0x000000000800a024                memmove
 .text._sbrk_r  0x000000000800a058       0x20 D:/CubeIDE/STM32CubeIDE_1.13.1/STM32CubeIDE/plugins/com.st.stm32cube.ide.mcu.externaltools.gnu-tools-for-stm32.11.3.rel1.win32_1.1.0.202305231506/tools/bin/../lib/gcc/arm-none-eabi/11.3.1/../../../../arm-none-eabi/lib/thumb/v8-m.main+fp/hard\libc_nano.a(libc_a-sbrkr.o)
                0x000000000800a058                _sbrk_r
 .text.memchr   0x000000000800a078       0x1c D:/CubeIDE/STM32CubeIDE_1.13.1/STM32CubeIDE/plugins/com.st.stm32cube.ide.mcu.externaltools.gnu-tools-for-stm32.11.3.rel1.win32_1.1.0.202305231506/tools/bin/../lib/gcc/arm-none-eabi/11.3.1/../../../../arm-none-eabi/lib/thumb/v8-m.main+fp/hard\libc_nano.a(libc_a-memchr-stub.o)
                0x000000000800a078                memchr
 .text._realloc_r
                0x000000000800a094       0x5e D:/CubeIDE/STM32CubeIDE_1.13.1/STM32CubeIDE/plugins/com.st.stm32cube.ide.mcu.externaltools.gnu-tools-for-stm32.11.3.rel1.win32_1.1.0.202305231506/tools/bin/../lib/gcc/arm-none-eabi/11.3.1/../../../../arm-none-eabi/lib/thumb/v8-m.main+fp/hard\libc_nano.a(libc_a-reallocr.o)
                0x000000000800a094                _realloc_r
 .text._malloc_usable_size_r
                0x000000000800a0f2       0x10 D:/CubeIDE/STM32CubeIDE_1.13.1/STM32CubeIDE/plugins/com.st.stm32cube.ide.mcu.externaltools.gnu-tools-for-stm32.11.3.rel1.win32_1.1.0.202305231506/tools/bin/../lib/gcc/arm-none-eabi/11.3.1/../../../../arm-none-eabi/lib/thumb/v8-m.main+fp/hard\libc_nano.a(libc_a-msizer.o)
                0x000000000800a0f2                _malloc_usable_size_r
 *fill*         0x000000000800a102        0x6 
 .text.exp      0x000000000800a108       0x90 D:/CubeIDE/STM32CubeIDE_1.13.1/STM32CubeIDE/plugins/com.st.stm32cube.ide.mcu.externaltools.gnu-tools-for-stm32.11.3.rel1.win32_1.1.0.202305231506/tools/bin/../lib/gcc/arm-none-eabi/11.3.1/../../../../arm-none-eabi/lib/thumb/v8-m.main+fp/hard\libm.a(libm_a-w_exp.o)
                0x000000000800a108                exp
 .text.sqrtf    0x000000000800a198       0x3c D:/CubeIDE/STM32CubeIDE_1.13.1/STM32CubeIDE/plugins/com.st.stm32cube.ide.mcu.externaltools.gnu-tools-for-stm32.11.3.rel1.win32_1.1.0.202305231506/tools/bin/../lib/gcc/arm-none-eabi/11.3.1/../../../../arm-none-eabi/lib/thumb/v8-m.main+fp/hard\libm.a(libm_a-wf_sqrt.o)
                0x000000000800a198                sqrtf
 .text.finite   0x000000000800a1d4       0x16 D:/CubeIDE/STM32CubeIDE_1.13.1/STM32CubeIDE/plugins/com.st.stm32cube.ide.mcu.externaltools.gnu-tools-for-stm32.11.3.rel1.win32_1.1.0.202305231506/tools/bin/../lib/gcc/arm-none-eabi/11.3.1/../../../../arm-none-eabi/lib/thumb/v8-m.main+fp/hard\libm.a(libm_a-s_finite.o)
                0x000000000800a1d4                finite
 .text.__ieee754_sqrtf
                0x000000000800a1ea        0x6 D:/CubeIDE/STM32CubeIDE_1.13.1/STM32CubeIDE/plugins/com.st.stm32cube.ide.mcu.externaltools.gnu-tools-for-stm32.11.3.rel1.win32_1.1.0.202305231506/tools/bin/../lib/gcc/arm-none-eabi/11.3.1/../../../../arm-none-eabi/lib/thumb/v8-m.main+fp/hard\libm.a(libm_a-ef_sqrt.o)
                0x000000000800a1ea                __ieee754_sqrtf
 .text.__ieee754_exp
                0x000000000800a1f0      0x2fc D:/CubeIDE/STM32CubeIDE_1.13.1/STM32CubeIDE/plugins/com.st.stm32cube.ide.mcu.externaltools.gnu-tools-for-stm32.11.3.rel1.win32_1.1.0.202305231506/tools/bin/../lib/gcc/arm-none-eabi/11.3.1/../../../../arm-none-eabi/lib/thumb/v8-m.main+fp/hard\libm.a(libm_a-e_exp.o)
                0x000000000800a1f0                __ieee754_exp
 .text.with_errno
                0x000000000800a4ec       0x14 D:/CubeIDE/STM32CubeIDE_1.13.1/STM32CubeIDE/plugins/com.st.stm32cube.ide.mcu.externaltools.gnu-tools-for-stm32.11.3.rel1.win32_1.1.0.202305231506/tools/bin/../lib/gcc/arm-none-eabi/11.3.1/../../../../arm-none-eabi/lib/thumb/v8-m.main+fp/hard\libm.a(libm_a-math_err.o)
 .text.xflow    0x000000000800a500       0x28 D:/CubeIDE/STM32CubeIDE_1.13.1/STM32CubeIDE/plugins/com.st.stm32cube.ide.mcu.externaltools.gnu-tools-for-stm32.11.3.rel1.win32_1.1.0.202305231506/tools/bin/../lib/gcc/arm-none-eabi/11.3.1/../../../../arm-none-eabi/lib/thumb/v8-m.main+fp/hard\libm.a(libm_a-math_err.o)
 .text.__math_uflow
                0x000000000800a528       0x12 D:/CubeIDE/STM32CubeIDE_1.13.1/STM32CubeIDE/plugins/com.st.stm32cube.ide.mcu.externaltools.gnu-tools-for-stm32.11.3.rel1.win32_1.1.0.202305231506/tools/bin/../lib/gcc/arm-none-eabi/11.3.1/../../../../arm-none-eabi/lib/thumb/v8-m.main+fp/hard\libm.a(libm_a-math_err.o)
                0x000000000800a528                __math_uflow
 .text.__math_oflow
                0x000000000800a53a       0x12 D:/CubeIDE/STM32CubeIDE_1.13.1/STM32CubeIDE/plugins/com.st.stm32cube.ide.mcu.externaltools.gnu-tools-for-stm32.11.3.rel1.win32_1.1.0.202305231506/tools/bin/../lib/gcc/arm-none-eabi/11.3.1/../../../../arm-none-eabi/lib/thumb/v8-m.main+fp/hard\libm.a(libm_a-math_err.o)
                0x000000000800a53a                __math_oflow
 *(.glue_7)
 .glue_7        0x000000000800a54c        0x0 linker stubs
 *(.glue_7t)
 .glue_7t       0x000000000800a54c        0x0 linker stubs
 *(.eh_frame)
 .eh_frame      0x000000000800a54c        0x0 D:/CubeIDE/STM32CubeIDE_1.13.1/STM32CubeIDE/plugins/com.st.stm32cube.ide.mcu.externaltools.gnu-tools-for-stm32.11.3.rel1.win32_1.1.0.202305231506/tools/bin/../lib/gcc/arm-none-eabi/11.3.1/thumb/v8-m.main+fp/hard/crtbegin.o
 *(.init)
 .init          0x000000000800a54c        0x4 D:/CubeIDE/STM32CubeIDE_1.13.1/STM32CubeIDE/plugins/com.st.stm32cube.ide.mcu.externaltools.gnu-tools-for-stm32.11.3.rel1.win32_1.1.0.202305231506/tools/bin/../lib/gcc/arm-none-eabi/11.3.1/thumb/v8-m.main+fp/hard/crti.o
                0x000000000800a54c                _init
 .init          0x000000000800a550        0x8 D:/CubeIDE/STM32CubeIDE_1.13.1/STM32CubeIDE/plugins/com.st.stm32cube.ide.mcu.externaltools.gnu-tools-for-stm32.11.3.rel1.win32_1.1.0.202305231506/tools/bin/../lib/gcc/arm-none-eabi/11.3.1/thumb/v8-m.main+fp/hard/crtn.o
 *(.fini)
 .fini          0x000000000800a558        0x4 D:/CubeIDE/STM32CubeIDE_1.13.1/STM32CubeIDE/plugins/com.st.stm32cube.ide.mcu.externaltools.gnu-tools-for-stm32.11.3.rel1.win32_1.1.0.202305231506/tools/bin/../lib/gcc/arm-none-eabi/11.3.1/thumb/v8-m.main+fp/hard/crti.o
                0x000000000800a558                _fini
 .fini          0x000000000800a55c        0x8 D:/CubeIDE/STM32CubeIDE_1.13.1/STM32CubeIDE/plugins/com.st.stm32cube.ide.mcu.externaltools.gnu-tools-for-stm32.11.3.rel1.win32_1.1.0.202305231506/tools/bin/../lib/gcc/arm-none-eabi/11.3.1/thumb/v8-m.main+fp/hard/crtn.o
                0x000000000800a564                . = ALIGN (0x4)
                0x000000000800a564                _etext = .

.vfp11_veneer   0x000000000800a564        0x0
 .vfp11_veneer  0x000000000800a564        0x0 linker stubs

.v4_bx          0x000000000800a564        0x0
 .v4_bx         0x000000000800a564        0x0 linker stubs

.iplt           0x000000000800a564        0x0
 .iplt          0x000000000800a564        0x0 D:/CubeIDE/STM32CubeIDE_1.13.1/STM32CubeIDE/plugins/com.st.stm32cube.ide.mcu.externaltools.gnu-tools-for-stm32.11.3.rel1.win32_1.1.0.202305231506/tools/bin/../lib/gcc/arm-none-eabi/11.3.1/thumb/v8-m.main+fp/hard/crtbegin.o

.rodata         0x000000000800a568    0x15170
                0x000000000800a568                . = ALIGN (0x4)
 *(.rodata)
 .rodata        0x000000000800a568       0x60 ./Core/Src/main.o
 *(.rodata*)
 .rodata.knowledge_buffer
                0x000000000800a5c8    0x15068 ./Core/Src/main.o
                0x000000000800a5c8                knowledge_buffer
 .rodata.AHBPrescTable
                0x000000000801f630       0x10 ./Core/Src/system_stm32h5xx.o
                0x000000000801f630                AHBPrescTable
 .rodata.APBPrescTable
                0x000000000801f640        0x8 ./Core/Src/system_stm32h5xx.o
                0x000000000801f640                APBPrescTable
 .rodata.UARTPrescTable
                0x000000000801f648       0x18 ./Drivers/STM32H5xx_HAL_Driver/Src/stm32h5xx_hal_uart.o
                0x000000000801f648                UARTPrescTable
 .rodata.numerator.1
                0x000000000801f660        0x8 ./Drivers/STM32H5xx_HAL_Driver/Src/stm32h5xx_hal_uart_ex.o
 .rodata.denominator.0
                0x000000000801f668        0x8 ./Drivers/STM32H5xx_HAL_Driver/Src/stm32h5xx_hal_uart_ex.o
 .rodata._svfprintf_r.str1.1
                0x000000000801f670       0x11 D:/CubeIDE/STM32CubeIDE_1.13.1/STM32CubeIDE/plugins/com.st.stm32cube.ide.mcu.externaltools.gnu-tools-for-stm32.11.3.rel1.win32_1.1.0.202305231506/tools/bin/../lib/gcc/arm-none-eabi/11.3.1/../../../../arm-none-eabi/lib/thumb/v8-m.main+fp/hard\libc_nano.a(libc_a-nano-svfprintf.o)
 .rodata._printf_i.str1.1
                0x000000000801f681       0x22 D:/CubeIDE/STM32CubeIDE_1.13.1/STM32CubeIDE/plugins/com.st.stm32cube.ide.mcu.externaltools.gnu-tools-for-stm32.11.3.rel1.win32_1.1.0.202305231506/tools/bin/../lib/gcc/arm-none-eabi/11.3.1/../../../../arm-none-eabi/lib/thumb/v8-m.main+fp/hard\libc_nano.a(libc_a-nano-vfprintf_i.o)
 *fill*         0x000000000801f6a3        0x5 
 .rodata.halF   0x000000000801f6a8       0x10 D:/CubeIDE/STM32CubeIDE_1.13.1/STM32CubeIDE/plugins/com.st.stm32cube.ide.mcu.externaltools.gnu-tools-for-stm32.11.3.rel1.win32_1.1.0.202305231506/tools/bin/../lib/gcc/arm-none-eabi/11.3.1/../../../../arm-none-eabi/lib/thumb/v8-m.main+fp/hard\libm.a(libm_a-e_exp.o)
 .rodata.ln2HI  0x000000000801f6b8       0x10 D:/CubeIDE/STM32CubeIDE_1.13.1/STM32CubeIDE/plugins/com.st.stm32cube.ide.mcu.externaltools.gnu-tools-for-stm32.11.3.rel1.win32_1.1.0.202305231506/tools/bin/../lib/gcc/arm-none-eabi/11.3.1/../../../../arm-none-eabi/lib/thumb/v8-m.main+fp/hard\libm.a(libm_a-e_exp.o)
 .rodata.ln2LO  0x000000000801f6c8       0x10 D:/CubeIDE/STM32CubeIDE_1.13.1/STM32CubeIDE/plugins/com.st.stm32cube.ide.mcu.externaltools.gnu-tools-for-stm32.11.3.rel1.win32_1.1.0.202305231506/tools/bin/../lib/gcc/arm-none-eabi/11.3.1/../../../../arm-none-eabi/lib/thumb/v8-m.main+fp/hard\libm.a(libm_a-e_exp.o)
                0x000000000801f6d8                . = ALIGN (0x4)

.ARM.extab      0x000000000801f6d8        0x0
                0x000000000801f6d8                . = ALIGN (0x4)
 *(.ARM.extab* .gnu.linkonce.armextab.*)
                0x000000000801f6d8                . = ALIGN (0x4)

.ARM            0x000000000801f6d8        0x8
                0x000000000801f6d8                . = ALIGN (0x4)
                0x000000000801f6d8                __exidx_start = .
 *(.ARM.exidx*)
 .ARM.exidx     0x000000000801f6d8        0x8 D:/CubeIDE/STM32CubeIDE_1.13.1/STM32CubeIDE/plugins/com.st.stm32cube.ide.mcu.externaltools.gnu-tools-for-stm32.11.3.rel1.win32_1.1.0.202305231506/tools/bin/../lib/gcc/arm-none-eabi/11.3.1/thumb/v8-m.main+fp/hard\libgcc.a(_udivmoddi4.o)
                0x000000000801f6e0                __exidx_end = .
                0x000000000801f6e0                . = ALIGN (0x4)

.rel.dyn        0x000000000801f6e0        0x0
 .rel.iplt      0x000000000801f6e0        0x0 D:/CubeIDE/STM32CubeIDE_1.13.1/STM32CubeIDE/plugins/com.st.stm32cube.ide.mcu.externaltools.gnu-tools-for-stm32.11.3.rel1.win32_1.1.0.202305231506/tools/bin/../lib/gcc/arm-none-eabi/11.3.1/thumb/v8-m.main+fp/hard/crtbegin.o

.preinit_array  0x000000000801f6e0        0x0
                0x000000000801f6e0                . = ALIGN (0x4)
                0x000000000801f6e0                PROVIDE (__preinit_array_start = .)
 *(.preinit_array*)
                0x000000000801f6e0                PROVIDE (__preinit_array_end = .)
                0x000000000801f6e0                . = ALIGN (0x4)

.init_array     0x000000000801f6e0        0x4
                0x000000000801f6e0                . = ALIGN (0x4)
                0x000000000801f6e0                PROVIDE (__init_array_start = .)
 *(SORT_BY_NAME(.init_array.*))
 *(.init_array*)
 .init_array    0x000000000801f6e0        0x4 D:/CubeIDE/STM32CubeIDE_1.13.1/STM32CubeIDE/plugins/com.st.stm32cube.ide.mcu.externaltools.gnu-tools-for-stm32.11.3.rel1.win32_1.1.0.202305231506/tools/bin/../lib/gcc/arm-none-eabi/11.3.1/thumb/v8-m.main+fp/hard/crtbegin.o
                0x000000000801f6e4                PROVIDE (__init_array_end = .)
                0x000000000801f6e4                . = ALIGN (0x4)

.fini_array     0x000000000801f6e4        0x4
                0x000000000801f6e4                . = ALIGN (0x4)
                [!provide]                        PROVIDE (__fini_array_start = .)
 *(SORT_BY_NAME(.fini_array.*))
 *(.fini_array*)
 .fini_array    0x000000000801f6e4        0x4 D:/CubeIDE/STM32CubeIDE_1.13.1/STM32CubeIDE/plugins/com.st.stm32cube.ide.mcu.externaltools.gnu-tools-for-stm32.11.3.rel1.win32_1.1.0.202305231506/tools/bin/../lib/gcc/arm-none-eabi/11.3.1/thumb/v8-m.main+fp/hard/crtbegin.o
                [!provide]                        PROVIDE (__fini_array_end = .)
                0x000000000801f6e8                . = ALIGN (0x4)
                0x000000000801f6e8                _sidata = LOADADDR (.data)

.data           0x0000000020000000       0x5c load address 0x000000000801f6e8
                0x0000000020000000                . = ALIGN (0x4)
                0x0000000020000000                _sdata = .
 *(.data)
 *(.data*)
 .data.SystemCoreClock
                0x0000000020000000        0x4 ./Core/Src/system_stm32h5xx.o
                0x0000000020000000                SystemCoreClock
 .data.uwTickPrio
                0x0000000020000004        0x4 ./Drivers/STM32H5xx_HAL_Driver/Src/stm32h5xx_hal.o
                0x0000000020000004                uwTickPrio
 .data.uwTickFreq
                0x0000000020000008        0x1 ./Drivers/STM32H5xx_HAL_Driver/Src/stm32h5xx_hal.o
                0x0000000020000008                uwTickFreq
 .data.funccclassifier7
                0x0000000020000009        0x1 D:\CubeIDE\workspace\H563NanoEdgeAI\libneai.a(NanoEdgeAI.o)
 *fill*         0x000000002000000a        0x2 
 .data._impure_data
                0x000000002000000c       0x4c D:/CubeIDE/STM32CubeIDE_1.13.1/STM32CubeIDE/plugins/com.st.stm32cube.ide.mcu.externaltools.gnu-tools-for-stm32.11.3.rel1.win32_1.1.0.202305231506/tools/bin/../lib/gcc/arm-none-eabi/11.3.1/../../../../arm-none-eabi/lib/thumb/v8-m.main+fp/hard\libc_nano.a(libc_a-impure.o)
                0x000000002000000c                _impure_data
 .data._impure_ptr
                0x0000000020000058        0x4 D:/CubeIDE/STM32CubeIDE_1.13.1/STM32CubeIDE/plugins/com.st.stm32cube.ide.mcu.externaltools.gnu-tools-for-stm32.11.3.rel1.win32_1.1.0.202305231506/tools/bin/../lib/gcc/arm-none-eabi/11.3.1/../../../../arm-none-eabi/lib/thumb/v8-m.main+fp/hard\libc_nano.a(libc_a-impure.o)
                0x0000000020000058                _impure_ptr
 *(.RamFunc)
 *(.RamFunc*)
                0x000000002000005c                . = ALIGN (0x4)
                0x000000002000005c                _edata = .

.igot.plt       0x000000002000005c        0x0 load address 0x000000000801f744
 .igot.plt      0x000000002000005c        0x0 D:/CubeIDE/STM32CubeIDE_1.13.1/STM32CubeIDE/plugins/com.st.stm32cube.ide.mcu.externaltools.gnu-tools-for-stm32.11.3.rel1.win32_1.1.0.202305231506/tools/bin/../lib/gcc/arm-none-eabi/11.3.1/thumb/v8-m.main+fp/hard/crtbegin.o
                0x000000002000005c                . = ALIGN (0x4)

.bss            0x000000002000005c      0xa0c load address 0x000000000801f744
                0x000000002000005c                _sbss = .
                0x000000002000005c                __bss_start__ = _sbss
 *(.bss)
 .bss           0x000000002000005c       0x1c D:/CubeIDE/STM32CubeIDE_1.13.1/STM32CubeIDE/plugins/com.st.stm32cube.ide.mcu.externaltools.gnu-tools-for-stm32.11.3.rel1.win32_1.1.0.202305231506/tools/bin/../lib/gcc/arm-none-eabi/11.3.1/thumb/v8-m.main+fp/hard/crtbegin.o
 *(.bss*)
 .bss.AX        0x0000000020000078        0x2 ./Core/Src/main.o
                0x0000000020000078                AX
 .bss.AY        0x000000002000007a        0x2 ./Core/Src/main.o
                0x000000002000007a                AY
 .bss.AZ        0x000000002000007c        0x2 ./Core/Src/main.o
                0x000000002000007c                AZ
 .bss.GX        0x000000002000007e        0x2 ./Core/Src/main.o
                0x000000002000007e                GX
 .bss.GY        0x0000000020000080        0x2 ./Core/Src/main.o
                0x0000000020000080                GY
 .bss.GZ        0x0000000020000082        0x2 ./Core/Src/main.o
                0x0000000020000082                GZ
 .bss.buffer    0x0000000020000084       0x14 ./Core/Src/main.o
                0x0000000020000084                buffer
 .bss.id_class  0x0000000020000098        0x2 ./Core/Src/main.o
                0x0000000020000098                id_class
 *fill*         0x000000002000009a        0x2 
 .bss.input_user_buffer
                0x000000002000009c      0x4b0 ./Core/Src/main.o
                0x000000002000009c                input_user_buffer
 .bss.output_class_buffer
                0x000000002000054c       0x10 ./Core/Src/main.o
                0x000000002000054c                output_class_buffer
 .bss.__sbrk_heap_end
                0x000000002000055c        0x4 ./Core/Src/sysmem.o
 .bss.hlpuart1  0x0000000020000560       0x94 ./Core/Src/usart.o
                0x0000000020000560                hlpuart1
 .bss.huart3    0x00000000200005f4       0x94 ./Core/Src/usart.o
                0x00000000200005f4                huart3
 .bss.uwTick    0x0000000020000688        0x4 ./Drivers/STM32H5xx_HAL_Driver/Src/stm32h5xx_hal.o
                0x0000000020000688                uwTick
 .bss.funccclassifier1
                0x000000002000068c       0x60 D:\CubeIDE\workspace\H563NanoEdgeAI\libneai.a(NanoEdgeAI.o)
 .bss.funccclassifier19
                0x00000000200006ec       0xc8 D:\CubeIDE\workspace\H563NanoEdgeAI\libneai.a(NanoEdgeAI.o)
 .bss.funccclassifier20
                0x00000000200007b4       0xc8 D:\CubeIDE\workspace\H563NanoEdgeAI\libneai.a(NanoEdgeAI.o)
 .bss.funccclassifier21
                0x000000002000087c       0x64 D:\CubeIDE\workspace\H563NanoEdgeAI\libneai.a(NanoEdgeAI.o)
 .bss.funccclassifier23
                0x00000000200008e0        0x6 D:\CubeIDE\workspace\H563NanoEdgeAI\libneai.a(NanoEdgeAI.o)
 *fill*         0x00000000200008e6        0x2 
 .bss.funccclassifier24
                0x00000000200008e8        0x6 D:\CubeIDE\workspace\H563NanoEdgeAI\libneai.a(NanoEdgeAI.o)
 .bss.funccclassifier25
                0x00000000200008ee        0x2 D:\CubeIDE\workspace\H563NanoEdgeAI\libneai.a(NanoEdgeAI.o)
 .bss.funccclassifier26
                0x00000000200008f0        0x2 D:\CubeIDE\workspace\H563NanoEdgeAI\libneai.a(NanoEdgeAI.o)
 *fill*         0x00000000200008f2        0x2 
 .bss.varcclassifier83
                0x00000000200008f4        0x4 D:\CubeIDE\workspace\H563NanoEdgeAI\libneai.a(NanoEdgeAI.o)
 .bss.__sf      0x00000000200008f8      0x138 D:/CubeIDE/STM32CubeIDE_1.13.1/STM32CubeIDE/plugins/com.st.stm32cube.ide.mcu.externaltools.gnu-tools-for-stm32.11.3.rel1.win32_1.1.0.202305231506/tools/bin/../lib/gcc/arm-none-eabi/11.3.1/../../../../arm-none-eabi/lib/thumb/v8-m.main+fp/hard\libc_nano.a(libc_a-findfp.o)
                0x00000000200008f8                __sf
 .bss.errno     0x0000000020000a30        0x4 D:/CubeIDE/STM32CubeIDE_1.13.1/STM32CubeIDE/plugins/com.st.stm32cube.ide.mcu.externaltools.gnu-tools-for-stm32.11.3.rel1.win32_1.1.0.202305231506/tools/bin/../lib/gcc/arm-none-eabi/11.3.1/../../../../arm-none-eabi/lib/thumb/v8-m.main+fp/hard\libc_nano.a(libc_a-reent.o)
                0x0000000020000a30                errno
 .bss.__lock___malloc_recursive_mutex
                0x0000000020000a34        0x1 D:/CubeIDE/STM32CubeIDE_1.13.1/STM32CubeIDE/plugins/com.st.stm32cube.ide.mcu.externaltools.gnu-tools-for-stm32.11.3.rel1.win32_1.1.0.202305231506/tools/bin/../lib/gcc/arm-none-eabi/11.3.1/../../../../arm-none-eabi/lib/thumb/v8-m.main+fp/hard\libc_nano.a(libc_a-lock.o)
                0x0000000020000a34                __lock___malloc_recursive_mutex
 *fill*         0x0000000020000a35        0x3 
 .bss.__malloc_free_list
                0x0000000020000a38        0x4 D:/CubeIDE/STM32CubeIDE_1.13.1/STM32CubeIDE/plugins/com.st.stm32cube.ide.mcu.externaltools.gnu-tools-for-stm32.11.3.rel1.win32_1.1.0.202305231506/tools/bin/../lib/gcc/arm-none-eabi/11.3.1/../../../../arm-none-eabi/lib/thumb/v8-m.main+fp/hard\libc_nano.a(libc_a-mallocr.o)
                0x0000000020000a38                __malloc_free_list
 .bss.__malloc_sbrk_start
                0x0000000020000a3c        0x4 D:/CubeIDE/STM32CubeIDE_1.13.1/STM32CubeIDE/plugins/com.st.stm32cube.ide.mcu.externaltools.gnu-tools-for-stm32.11.3.rel1.win32_1.1.0.202305231506/tools/bin/../lib/gcc/arm-none-eabi/11.3.1/../../../../arm-none-eabi/lib/thumb/v8-m.main+fp/hard\libc_nano.a(libc_a-mallocr.o)
                0x0000000020000a3c                __malloc_sbrk_start
 *(COMMON)
 COMMON         0x0000000020000a40       0x28 D:\CubeIDE\workspace\H563NanoEdgeAI\libneai.a(NanoEdgeAI.o)
                0x0000000020000a40                size_of_trees
                0x0000000020000a44                ptr_scaling_max
                0x0000000020000a48                index_right
                0x0000000020000a4c                value_split
                0x0000000020000a50                ptr_pca_mtx
                0x0000000020000a54                index_left
                0x0000000020000a58                index_feature
                0x0000000020000a5c                ptr_param_rand_forest
                0x0000000020000a60                ptr_scaling_min
                0x0000000020000a64                ptr_pca_mean_vector
                0x0000000020000a68                . = ALIGN (0x4)
                0x0000000020000a68                _ebss = .
                0x0000000020000a68                __bss_end__ = _ebss

._user_heap_stack
                0x0000000020000a68     0x3000 load address 0x000000000801f744
                0x0000000020000a68                . = ALIGN (0x8)
                [!provide]                        PROVIDE (end = .)
                0x0000000020000a68                PROVIDE (_end = .)
                0x0000000020001a68                . = (. + _Min_Heap_Size)
 *fill*         0x0000000020000a68     0x1000 
                0x0000000020003a68                . = (. + _Min_Stack_Size)
 *fill*         0x0000000020001a68     0x2000 
                0x0000000020003a68                . = ALIGN (0x8)

/DISCARD/
 libc.a(*)
 libm.a(*)
 libgcc.a(*)

.ARM.attributes
                0x0000000000000000       0x36
 *(.ARM.attributes)
 .ARM.attributes
                0x0000000000000000       0x22 D:/CubeIDE/STM32CubeIDE_1.13.1/STM32CubeIDE/plugins/com.st.stm32cube.ide.mcu.externaltools.gnu-tools-for-stm32.11.3.rel1.win32_1.1.0.202305231506/tools/bin/../lib/gcc/arm-none-eabi/11.3.1/thumb/v8-m.main+fp/hard/crti.o
 .ARM.attributes
                0x0000000000000022       0x38 D:/CubeIDE/STM32CubeIDE_1.13.1/STM32CubeIDE/plugins/com.st.stm32cube.ide.mcu.externaltools.gnu-tools-for-stm32.11.3.rel1.win32_1.1.0.202305231506/tools/bin/../lib/gcc/arm-none-eabi/11.3.1/thumb/v8-m.main+fp/hard/crtbegin.o
 .ARM.attributes
                0x000000000000005a       0x3a ./Core/Src/IIC.o
 .ARM.attributes
                0x0000000000000094       0x3a ./Core/Src/MPU6050.o
 .ARM.attributes
                0x00000000000000ce       0x3a ./Core/Src/gpio.o
 .ARM.attributes
                0x0000000000000108       0x3a ./Core/Src/main.o
 .ARM.attributes
                0x0000000000000142       0x3a ./Core/Src/stm32h5xx_hal_msp.o
 .ARM.attributes
                0x000000000000017c       0x3a ./Core/Src/stm32h5xx_it.o
 .ARM.attributes
                0x00000000000001b6       0x3a ./Core/Src/sysmem.o
 .ARM.attributes
                0x00000000000001f0       0x3a ./Core/Src/system_stm32h5xx.o
 .ARM.attributes
                0x000000000000022a       0x3a ./Core/Src/usart.o
 .ARM.attributes
                0x0000000000000264       0x24 ./Core/Startup/startup_stm32h563zitx.o
 .ARM.attributes
                0x0000000000000288       0x3a ./Drivers/STM32H5xx_HAL_Driver/Src/stm32h5xx_hal.o
 .ARM.attributes
                0x00000000000002c2       0x3a ./Drivers/STM32H5xx_HAL_Driver/Src/stm32h5xx_hal_cortex.o
 .ARM.attributes
                0x00000000000002fc       0x3a ./Drivers/STM32H5xx_HAL_Driver/Src/stm32h5xx_hal_gpio.o
 .ARM.attributes
                0x0000000000000336       0x3a ./Drivers/STM32H5xx_HAL_Driver/Src/stm32h5xx_hal_rcc.o
 .ARM.attributes
                0x0000000000000370       0x3a ./Drivers/STM32H5xx_HAL_Driver/Src/stm32h5xx_hal_rcc_ex.o
 .ARM.attributes
                0x00000000000003aa       0x3a ./Drivers/STM32H5xx_HAL_Driver/Src/stm32h5xx_hal_uart.o
 .ARM.attributes
                0x00000000000003e4       0x3a ./Drivers/STM32H5xx_HAL_Driver/Src/stm32h5xx_hal_uart_ex.o
 .ARM.attributes
                0x000000000000041e       0x3a D:\CubeIDE\workspace\H563NanoEdgeAI\libneai.a(NanoEdgeAI.o)
 .ARM.attributes
                0x0000000000000458       0x38 D:/CubeIDE/STM32CubeIDE_1.13.1/STM32CubeIDE/plugins/com.st.stm32cube.ide.mcu.externaltools.gnu-tools-for-stm32.11.3.rel1.win32_1.1.0.202305231506/tools/bin/../lib/gcc/arm-none-eabi/11.3.1/../../../../arm-none-eabi/lib/thumb/v8-m.main+fp/hard\libc_nano.a(libc_a-findfp.o)
 .ARM.attributes
                0x0000000000000490       0x38 D:/CubeIDE/STM32CubeIDE_1.13.1/STM32CubeIDE/plugins/com.st.stm32cube.ide.mcu.externaltools.gnu-tools-for-stm32.11.3.rel1.win32_1.1.0.202305231506/tools/bin/../lib/gcc/arm-none-eabi/11.3.1/../../../../arm-none-eabi/lib/thumb/v8-m.main+fp/hard\libc_nano.a(libc_a-sprintf.o)
 .ARM.attributes
                0x00000000000004c8       0x38 D:/CubeIDE/STM32CubeIDE_1.13.1/STM32CubeIDE/plugins/com.st.stm32cube.ide.mcu.externaltools.gnu-tools-for-stm32.11.3.rel1.win32_1.1.0.202305231506/tools/bin/../lib/gcc/arm-none-eabi/11.3.1/../../../../arm-none-eabi/lib/thumb/v8-m.main+fp/hard\libc_nano.a(libc_a-memset.o)
 .ARM.attributes
                0x0000000000000500       0x38 D:/CubeIDE/STM32CubeIDE_1.13.1/STM32CubeIDE/plugins/com.st.stm32cube.ide.mcu.externaltools.gnu-tools-for-stm32.11.3.rel1.win32_1.1.0.202305231506/tools/bin/../lib/gcc/arm-none-eabi/11.3.1/../../../../arm-none-eabi/lib/thumb/v8-m.main+fp/hard\libc_nano.a(libc_a-reent.o)
 .ARM.attributes
                0x0000000000000538       0x38 D:/CubeIDE/STM32CubeIDE_1.13.1/STM32CubeIDE/plugins/com.st.stm32cube.ide.mcu.externaltools.gnu-tools-for-stm32.11.3.rel1.win32_1.1.0.202305231506/tools/bin/../lib/gcc/arm-none-eabi/11.3.1/../../../../arm-none-eabi/lib/thumb/v8-m.main+fp/hard\libc_nano.a(libc_a-impure.o)
 .ARM.attributes
                0x0000000000000570       0x38 D:/CubeIDE/STM32CubeIDE_1.13.1/STM32CubeIDE/plugins/com.st.stm32cube.ide.mcu.externaltools.gnu-tools-for-stm32.11.3.rel1.win32_1.1.0.202305231506/tools/bin/../lib/gcc/arm-none-eabi/11.3.1/../../../../arm-none-eabi/lib/thumb/v8-m.main+fp/hard\libc_nano.a(libc_a-errno.o)
 .ARM.attributes
                0x00000000000005a8       0x38 D:/CubeIDE/STM32CubeIDE_1.13.1/STM32CubeIDE/plugins/com.st.stm32cube.ide.mcu.externaltools.gnu-tools-for-stm32.11.3.rel1.win32_1.1.0.202305231506/tools/bin/../lib/gcc/arm-none-eabi/11.3.1/../../../../arm-none-eabi/lib/thumb/v8-m.main+fp/hard\libc_nano.a(libc_a-init.o)
 .ARM.attributes
                0x00000000000005e0       0x38 D:/CubeIDE/STM32CubeIDE_1.13.1/STM32CubeIDE/plugins/com.st.stm32cube.ide.mcu.externaltools.gnu-tools-for-stm32.11.3.rel1.win32_1.1.0.202305231506/tools/bin/../lib/gcc/arm-none-eabi/11.3.1/../../../../arm-none-eabi/lib/thumb/v8-m.main+fp/hard\libc_nano.a(libc_a-lock.o)
 .ARM.attributes
                0x0000000000000618       0x38 D:/CubeIDE/STM32CubeIDE_1.13.1/STM32CubeIDE/plugins/com.st.stm32cube.ide.mcu.externaltools.gnu-tools-for-stm32.11.3.rel1.win32_1.1.0.202305231506/tools/bin/../lib/gcc/arm-none-eabi/11.3.1/../../../../arm-none-eabi/lib/thumb/v8-m.main+fp/hard\libc_nano.a(libc_a-memcpy-stub.o)
 .ARM.attributes
                0x0000000000000650       0x17 D:/CubeIDE/STM32CubeIDE_1.13.1/STM32CubeIDE/plugins/com.st.stm32cube.ide.mcu.externaltools.gnu-tools-for-stm32.11.3.rel1.win32_1.1.0.202305231506/tools/bin/../lib/gcc/arm-none-eabi/11.3.1/../../../../arm-none-eabi/lib/thumb/v8-m.main+fp/hard\libc_nano.a(libc_a-strlen.o)
 .ARM.attributes
                0x0000000000000667       0x38 D:/CubeIDE/STM32CubeIDE_1.13.1/STM32CubeIDE/plugins/com.st.stm32cube.ide.mcu.externaltools.gnu-tools-for-stm32.11.3.rel1.win32_1.1.0.202305231506/tools/bin/../lib/gcc/arm-none-eabi/11.3.1/../../../../arm-none-eabi/lib/thumb/v8-m.main+fp/hard\libc_nano.a(libc_a-freer.o)
 .ARM.attributes
                0x000000000000069f       0x38 D:/CubeIDE/STM32CubeIDE_1.13.1/STM32CubeIDE/plugins/com.st.stm32cube.ide.mcu.externaltools.gnu-tools-for-stm32.11.3.rel1.win32_1.1.0.202305231506/tools/bin/../lib/gcc/arm-none-eabi/11.3.1/../../../../arm-none-eabi/lib/thumb/v8-m.main+fp/hard\libc_nano.a(libc_a-mallocr.o)
 .ARM.attributes
                0x00000000000006d7       0x38 D:/CubeIDE/STM32CubeIDE_1.13.1/STM32CubeIDE/plugins/com.st.stm32cube.ide.mcu.externaltools.gnu-tools-for-stm32.11.3.rel1.win32_1.1.0.202305231506/tools/bin/../lib/gcc/arm-none-eabi/11.3.1/../../../../arm-none-eabi/lib/thumb/v8-m.main+fp/hard\libc_nano.a(libc_a-mlock.o)
 .ARM.attributes
                0x000000000000070f       0x38 D:/CubeIDE/STM32CubeIDE_1.13.1/STM32CubeIDE/plugins/com.st.stm32cube.ide.mcu.externaltools.gnu-tools-for-stm32.11.3.rel1.win32_1.1.0.202305231506/tools/bin/../lib/gcc/arm-none-eabi/11.3.1/../../../../arm-none-eabi/lib/thumb/v8-m.main+fp/hard\libc_nano.a(libc_a-nano-svfprintf.o)
 .ARM.attributes
                0x0000000000000747       0x38 D:/CubeIDE/STM32CubeIDE_1.13.1/STM32CubeIDE/plugins/com.st.stm32cube.ide.mcu.externaltools.gnu-tools-for-stm32.11.3.rel1.win32_1.1.0.202305231506/tools/bin/../lib/gcc/arm-none-eabi/11.3.1/../../../../arm-none-eabi/lib/thumb/v8-m.main+fp/hard\libc_nano.a(libc_a-nano-vfprintf_i.o)
 .ARM.attributes
                0x000000000000077f       0x38 D:/CubeIDE/STM32CubeIDE_1.13.1/STM32CubeIDE/plugins/com.st.stm32cube.ide.mcu.externaltools.gnu-tools-for-stm32.11.3.rel1.win32_1.1.0.202305231506/tools/bin/../lib/gcc/arm-none-eabi/11.3.1/../../../../arm-none-eabi/lib/thumb/v8-m.main+fp/hard\libc_nano.a(libc_a-memmove.o)
 .ARM.attributes
                0x00000000000007b7       0x38 D:/CubeIDE/STM32CubeIDE_1.13.1/STM32CubeIDE/plugins/com.st.stm32cube.ide.mcu.externaltools.gnu-tools-for-stm32.11.3.rel1.win32_1.1.0.202305231506/tools/bin/../lib/gcc/arm-none-eabi/11.3.1/../../../../arm-none-eabi/lib/thumb/v8-m.main+fp/hard\libc_nano.a(libc_a-sbrkr.o)
 .ARM.attributes
                0x00000000000007ef       0x38 D:/CubeIDE/STM32CubeIDE_1.13.1/STM32CubeIDE/plugins/com.st.stm32cube.ide.mcu.externaltools.gnu-tools-for-stm32.11.3.rel1.win32_1.1.0.202305231506/tools/bin/../lib/gcc/arm-none-eabi/11.3.1/../../../../arm-none-eabi/lib/thumb/v8-m.main+fp/hard\libc_nano.a(libc_a-memchr-stub.o)
 .ARM.attributes
                0x0000000000000827       0x38 D:/CubeIDE/STM32CubeIDE_1.13.1/STM32CubeIDE/plugins/com.st.stm32cube.ide.mcu.externaltools.gnu-tools-for-stm32.11.3.rel1.win32_1.1.0.202305231506/tools/bin/../lib/gcc/arm-none-eabi/11.3.1/../../../../arm-none-eabi/lib/thumb/v8-m.main+fp/hard\libc_nano.a(libc_a-reallocr.o)
 .ARM.attributes
                0x000000000000085f       0x38 D:/CubeIDE/STM32CubeIDE_1.13.1/STM32CubeIDE/plugins/com.st.stm32cube.ide.mcu.externaltools.gnu-tools-for-stm32.11.3.rel1.win32_1.1.0.202305231506/tools/bin/../lib/gcc/arm-none-eabi/11.3.1/../../../../arm-none-eabi/lib/thumb/v8-m.main+fp/hard\libc_nano.a(libc_a-msizer.o)
 .ARM.attributes
                0x0000000000000897       0x38 D:/CubeIDE/STM32CubeIDE_1.13.1/STM32CubeIDE/plugins/com.st.stm32cube.ide.mcu.externaltools.gnu-tools-for-stm32.11.3.rel1.win32_1.1.0.202305231506/tools/bin/../lib/gcc/arm-none-eabi/11.3.1/../../../../arm-none-eabi/lib/thumb/v8-m.main+fp/hard\libm.a(libm_a-w_exp.o)
 .ARM.attributes
                0x00000000000008cf       0x38 D:/CubeIDE/STM32CubeIDE_1.13.1/STM32CubeIDE/plugins/com.st.stm32cube.ide.mcu.externaltools.gnu-tools-for-stm32.11.3.rel1.win32_1.1.0.202305231506/tools/bin/../lib/gcc/arm-none-eabi/11.3.1/../../../../arm-none-eabi/lib/thumb/v8-m.main+fp/hard\libm.a(libm_a-wf_sqrt.o)
 .ARM.attributes
                0x0000000000000907       0x38 D:/CubeIDE/STM32CubeIDE_1.13.1/STM32CubeIDE/plugins/com.st.stm32cube.ide.mcu.externaltools.gnu-tools-for-stm32.11.3.rel1.win32_1.1.0.202305231506/tools/bin/../lib/gcc/arm-none-eabi/11.3.1/../../../../arm-none-eabi/lib/thumb/v8-m.main+fp/hard\libm.a(libm_a-s_finite.o)
 .ARM.attributes
                0x000000000000093f       0x38 D:/CubeIDE/STM32CubeIDE_1.13.1/STM32CubeIDE/plugins/com.st.stm32cube.ide.mcu.externaltools.gnu-tools-for-stm32.11.3.rel1.win32_1.1.0.202305231506/tools/bin/../lib/gcc/arm-none-eabi/11.3.1/../../../../arm-none-eabi/lib/thumb/v8-m.main+fp/hard\libm.a(libm_a-ef_sqrt.o)
 .ARM.attributes
                0x0000000000000977       0x38 D:/CubeIDE/STM32CubeIDE_1.13.1/STM32CubeIDE/plugins/com.st.stm32cube.ide.mcu.externaltools.gnu-tools-for-stm32.11.3.rel1.win32_1.1.0.202305231506/tools/bin/../lib/gcc/arm-none-eabi/11.3.1/../../../../arm-none-eabi/lib/thumb/v8-m.main+fp/hard\libm.a(libm_a-e_exp.o)
 .ARM.attributes
                0x00000000000009af       0x38 D:/CubeIDE/STM32CubeIDE_1.13.1/STM32CubeIDE/plugins/com.st.stm32cube.ide.mcu.externaltools.gnu-tools-for-stm32.11.3.rel1.win32_1.1.0.202305231506/tools/bin/../lib/gcc/arm-none-eabi/11.3.1/../../../../arm-none-eabi/lib/thumb/v8-m.main+fp/hard\libm.a(libm_a-math_err.o)
 .ARM.attributes
                0x00000000000009e7       0x22 D:/CubeIDE/STM32CubeIDE_1.13.1/STM32CubeIDE/plugins/com.st.stm32cube.ide.mcu.externaltools.gnu-tools-for-stm32.11.3.rel1.win32_1.1.0.202305231506/tools/bin/../lib/gcc/arm-none-eabi/11.3.1/thumb/v8-m.main+fp/hard\libgcc.a(_arm_addsubdf3.o)
 .ARM.attributes
                0x0000000000000a09       0x22 D:/CubeIDE/STM32CubeIDE_1.13.1/STM32CubeIDE/plugins/com.st.stm32cube.ide.mcu.externaltools.gnu-tools-for-stm32.11.3.rel1.win32_1.1.0.202305231506/tools/bin/../lib/gcc/arm-none-eabi/11.3.1/thumb/v8-m.main+fp/hard\libgcc.a(_arm_muldivdf3.o)
 .ARM.attributes
                0x0000000000000a2b       0x22 D:/CubeIDE/STM32CubeIDE_1.13.1/STM32CubeIDE/plugins/com.st.stm32cube.ide.mcu.externaltools.gnu-tools-for-stm32.11.3.rel1.win32_1.1.0.202305231506/tools/bin/../lib/gcc/arm-none-eabi/11.3.1/thumb/v8-m.main+fp/hard\libgcc.a(_arm_cmpdf2.o)
 .ARM.attributes
                0x0000000000000a4d       0x22 D:/CubeIDE/STM32CubeIDE_1.13.1/STM32CubeIDE/plugins/com.st.stm32cube.ide.mcu.externaltools.gnu-tools-for-stm32.11.3.rel1.win32_1.1.0.202305231506/tools/bin/../lib/gcc/arm-none-eabi/11.3.1/thumb/v8-m.main+fp/hard\libgcc.a(_arm_fixdfsi.o)
 .ARM.attributes
                0x0000000000000a6f       0x22 D:/CubeIDE/STM32CubeIDE_1.13.1/STM32CubeIDE/plugins/com.st.stm32cube.ide.mcu.externaltools.gnu-tools-for-stm32.11.3.rel1.win32_1.1.0.202305231506/tools/bin/../lib/gcc/arm-none-eabi/11.3.1/thumb/v8-m.main+fp/hard\libgcc.a(_arm_truncdfsf2.o)
 .ARM.attributes
                0x0000000000000a91       0x22 D:/CubeIDE/STM32CubeIDE_1.13.1/STM32CubeIDE/plugins/com.st.stm32cube.ide.mcu.externaltools.gnu-tools-for-stm32.11.3.rel1.win32_1.1.0.202305231506/tools/bin/../lib/gcc/arm-none-eabi/11.3.1/thumb/v8-m.main+fp/hard\libgcc.a(_aeabi_uldivmod.o)
 .ARM.attributes
                0x0000000000000ab3       0x38 D:/CubeIDE/STM32CubeIDE_1.13.1/STM32CubeIDE/plugins/com.st.stm32cube.ide.mcu.externaltools.gnu-tools-for-stm32.11.3.rel1.win32_1.1.0.202305231506/tools/bin/../lib/gcc/arm-none-eabi/11.3.1/thumb/v8-m.main+fp/hard\libgcc.a(_udivmoddi4.o)
 .ARM.attributes
                0x0000000000000aeb       0x22 D:/CubeIDE/STM32CubeIDE_1.13.1/STM32CubeIDE/plugins/com.st.stm32cube.ide.mcu.externaltools.gnu-tools-for-stm32.11.3.rel1.win32_1.1.0.202305231506/tools/bin/../lib/gcc/arm-none-eabi/11.3.1/thumb/v8-m.main+fp/hard\libgcc.a(_dvmd_tls.o)
 .ARM.attributes
                0x0000000000000b0d       0x22 D:/CubeIDE/STM32CubeIDE_1.13.1/STM32CubeIDE/plugins/com.st.stm32cube.ide.mcu.externaltools.gnu-tools-for-stm32.11.3.rel1.win32_1.1.0.202305231506/tools/bin/../lib/gcc/arm-none-eabi/11.3.1/thumb/v8-m.main+fp/hard/crtn.o
OUTPUT(H563NanoEdgeAI.elf elf32-littlearm)
LOAD linker stubs
LOAD D:/CubeIDE/STM32CubeIDE_1.13.1/STM32CubeIDE/plugins/com.st.stm32cube.ide.mcu.externaltools.gnu-tools-for-stm32.11.3.rel1.win32_1.1.0.202305231506/tools/bin/../lib/gcc/arm-none-eabi/11.3.1/../../../../arm-none-eabi/lib/thumb/v8-m.main+fp/hard\libc.a
LOAD D:/CubeIDE/STM32CubeIDE_1.13.1/STM32CubeIDE/plugins/com.st.stm32cube.ide.mcu.externaltools.gnu-tools-for-stm32.11.3.rel1.win32_1.1.0.202305231506/tools/bin/../lib/gcc/arm-none-eabi/11.3.1/../../../../arm-none-eabi/lib/thumb/v8-m.main+fp/hard\libm.a
LOAD D:/CubeIDE/STM32CubeIDE_1.13.1/STM32CubeIDE/plugins/com.st.stm32cube.ide.mcu.externaltools.gnu-tools-for-stm32.11.3.rel1.win32_1.1.0.202305231506/tools/bin/../lib/gcc/arm-none-eabi/11.3.1/thumb/v8-m.main+fp/hard\libgcc.a

.comment        0x0000000000000000       0xbc
 .comment       0x0000000000000000       0x43 D:/CubeIDE/STM32CubeIDE_1.13.1/STM32CubeIDE/plugins/com.st.stm32cube.ide.mcu.externaltools.gnu-tools-for-stm32.11.3.rel1.win32_1.1.0.202305231506/tools/bin/../lib/gcc/arm-none-eabi/11.3.1/thumb/v8-m.main+fp/hard/crtbegin.o
                                         0x44 (size before relaxing)
 .comment       0x0000000000000043       0x44 ./Core/Src/IIC.o
 .comment       0x0000000000000043       0x44 ./Core/Src/MPU6050.o
 .comment       0x0000000000000043       0x44 ./Core/Src/gpio.o
 .comment       0x0000000000000043       0x44 ./Core/Src/main.o
 .comment       0x0000000000000043       0x44 ./Core/Src/stm32h5xx_hal_msp.o
 .comment       0x0000000000000043       0x44 ./Core/Src/stm32h5xx_it.o
 .comment       0x0000000000000043       0x44 ./Core/Src/sysmem.o
 .comment       0x0000000000000043       0x44 ./Core/Src/system_stm32h5xx.o
 .comment       0x0000000000000043       0x44 ./Core/Src/usart.o
 .comment       0x0000000000000043       0x44 ./Drivers/STM32H5xx_HAL_Driver/Src/stm32h5xx_hal.o
 .comment       0x0000000000000043       0x44 ./Drivers/STM32H5xx_HAL_Driver/Src/stm32h5xx_hal_cortex.o
 .comment       0x0000000000000043       0x44 ./Drivers/STM32H5xx_HAL_Driver/Src/stm32h5xx_hal_gpio.o
 .comment       0x0000000000000043       0x44 ./Drivers/STM32H5xx_HAL_Driver/Src/stm32h5xx_hal_rcc.o
 .comment       0x0000000000000043       0x44 ./Drivers/STM32H5xx_HAL_Driver/Src/stm32h5xx_hal_rcc_ex.o
 .comment       0x0000000000000043       0x44 ./Drivers/STM32H5xx_HAL_Driver/Src/stm32h5xx_hal_uart.o
 .comment       0x0000000000000043       0x44 ./Drivers/STM32H5xx_HAL_Driver/Src/stm32h5xx_hal_uart_ex.o
 .comment       0x0000000000000043       0x79 D:\CubeIDE\workspace\H563NanoEdgeAI\libneai.a(NanoEdgeAI.o)
                                         0x7a (size before relaxing)

.debug_info     0x0000000000000000     0xe56b
 .debug_info    0x0000000000000000      0x338 ./Core/Src/IIC.o
 .debug_info    0x0000000000000338      0x218 ./Core/Src/MPU6050.o
 .debug_info    0x0000000000000550      0x65c ./Core/Src/gpio.o
 .debug_info    0x0000000000000bac     0x10f7 ./Core/Src/main.o
 .debug_info    0x0000000000001ca3       0x9f ./Core/Src/stm32h5xx_hal_msp.o
 .debug_info    0x0000000000001d42      0x128 ./Core/Src/stm32h5xx_it.o
 .debug_info    0x0000000000001e6a      0x168 ./Core/Src/sysmem.o
 .debug_info    0x0000000000001fd2      0xd8e ./Core/Src/system_stm32h5xx.o
 .debug_info    0x0000000000002d60     0x1346 ./Core/Src/usart.o
 .debug_info    0x00000000000040a6       0x23 ./Core/Startup/startup_stm32h563zitx.o
 .debug_info    0x00000000000040c9     0x1361 ./Drivers/STM32H5xx_HAL_Driver/Src/stm32h5xx_hal.o
 .debug_info    0x000000000000542a     0x15f8 ./Drivers/STM32H5xx_HAL_Driver/Src/stm32h5xx_hal_cortex.o
 .debug_info    0x0000000000006a22      0x6b6 ./Drivers/STM32H5xx_HAL_Driver/Src/stm32h5xx_hal_gpio.o
 .debug_info    0x00000000000070d8     0x109f ./Drivers/STM32H5xx_HAL_Driver/Src/stm32h5xx_hal_rcc.o
 .debug_info    0x0000000000008177     0x12d7 ./Drivers/STM32H5xx_HAL_Driver/Src/stm32h5xx_hal_rcc_ex.o
 .debug_info    0x000000000000944e     0x4030 ./Drivers/STM32H5xx_HAL_Driver/Src/stm32h5xx_hal_uart.o
 .debug_info    0x000000000000d47e     0x10ed ./Drivers/STM32H5xx_HAL_Driver/Src/stm32h5xx_hal_uart_ex.o

.debug_abbrev   0x0000000000000000     0x1e86
 .debug_abbrev  0x0000000000000000      0x1b1 ./Core/Src/IIC.o
 .debug_abbrev  0x00000000000001b1      0x137 ./Core/Src/MPU6050.o
 .debug_abbrev  0x00000000000002e8      0x179 ./Core/Src/gpio.o
 .debug_abbrev  0x0000000000000461      0x2cb ./Core/Src/main.o
 .debug_abbrev  0x000000000000072c       0x45 ./Core/Src/stm32h5xx_hal_msp.o
 .debug_abbrev  0x0000000000000771       0x73 ./Core/Src/stm32h5xx_it.o
 .debug_abbrev  0x00000000000007e4       0xbc ./Core/Src/sysmem.o
 .debug_abbrev  0x00000000000008a0      0x13a ./Core/Src/system_stm32h5xx.o
 .debug_abbrev  0x00000000000009da      0x244 ./Core/Src/usart.o
 .debug_abbrev  0x0000000000000c1e       0x12 ./Core/Startup/startup_stm32h563zitx.o
 .debug_abbrev  0x0000000000000c30      0x29c ./Drivers/STM32H5xx_HAL_Driver/Src/stm32h5xx_hal.o
 .debug_abbrev  0x0000000000000ecc      0x30d ./Drivers/STM32H5xx_HAL_Driver/Src/stm32h5xx_hal_cortex.o
 .debug_abbrev  0x00000000000011d9      0x1db ./Drivers/STM32H5xx_HAL_Driver/Src/stm32h5xx_hal_gpio.o
 .debug_abbrev  0x00000000000013b4      0x290 ./Drivers/STM32H5xx_HAL_Driver/Src/stm32h5xx_hal_rcc.o
 .debug_abbrev  0x0000000000001644      0x269 ./Drivers/STM32H5xx_HAL_Driver/Src/stm32h5xx_hal_rcc_ex.o
 .debug_abbrev  0x00000000000018ad      0x305 ./Drivers/STM32H5xx_HAL_Driver/Src/stm32h5xx_hal_uart.o
 .debug_abbrev  0x0000000000001bb2      0x2d4 ./Drivers/STM32H5xx_HAL_Driver/Src/stm32h5xx_hal_uart_ex.o

.debug_aranges  0x0000000000000000      0xa68
 .debug_aranges
                0x0000000000000000       0x60 ./Core/Src/IIC.o
 .debug_aranges
                0x0000000000000060       0x40 ./Core/Src/MPU6050.o
 .debug_aranges
                0x00000000000000a0       0x20 ./Core/Src/gpio.o
 .debug_aranges
                0x00000000000000c0       0x40 ./Core/Src/main.o
 .debug_aranges
                0x0000000000000100       0x20 ./Core/Src/stm32h5xx_hal_msp.o
 .debug_aranges
                0x0000000000000120       0x60 ./Core/Src/stm32h5xx_it.o
 .debug_aranges
                0x0000000000000180       0x20 ./Core/Src/sysmem.o
 .debug_aranges
                0x00000000000001a0       0x28 ./Core/Src/system_stm32h5xx.o
 .debug_aranges
                0x00000000000001c8       0x38 ./Core/Src/usart.o
 .debug_aranges
                0x0000000000000200       0x28 ./Core/Startup/startup_stm32h563zitx.o
 .debug_aranges
                0x0000000000000228      0x200 ./Drivers/STM32H5xx_HAL_Driver/Src/stm32h5xx_hal.o
 .debug_aranges
                0x0000000000000428      0x130 ./Drivers/STM32H5xx_HAL_Driver/Src/stm32h5xx_hal_cortex.o
 .debug_aranges
                0x0000000000000558       0x78 ./Drivers/STM32H5xx_HAL_Driver/Src/stm32h5xx_hal_gpio.o
 .debug_aranges
                0x00000000000005d0       0xa0 ./Drivers/STM32H5xx_HAL_Driver/Src/stm32h5xx_hal_rcc.o
 .debug_aranges
                0x0000000000000670      0x108 ./Drivers/STM32H5xx_HAL_Driver/Src/stm32h5xx_hal_rcc_ex.o
 .debug_aranges
                0x0000000000000778      0x248 ./Drivers/STM32H5xx_HAL_Driver/Src/stm32h5xx_hal_uart.o
 .debug_aranges
                0x00000000000009c0       0xa8 ./Drivers/STM32H5xx_HAL_Driver/Src/stm32h5xx_hal_uart_ex.o

.debug_rnglists
                0x0000000000000000      0x7eb
 .debug_rnglists
                0x0000000000000000       0x43 ./Core/Src/IIC.o
 .debug_rnglists
                0x0000000000000043       0x2c ./Core/Src/MPU6050.o
 .debug_rnglists
                0x000000000000006f       0x14 ./Core/Src/gpio.o
 .debug_rnglists
                0x0000000000000083       0x2e ./Core/Src/main.o
 .debug_rnglists
                0x00000000000000b1       0x13 ./Core/Src/stm32h5xx_hal_msp.o
 .debug_rnglists
                0x00000000000000c4       0x43 ./Core/Src/stm32h5xx_it.o
 .debug_rnglists
                0x0000000000000107       0x13 ./Core/Src/sysmem.o
 .debug_rnglists
                0x000000000000011a       0x1b ./Core/Src/system_stm32h5xx.o
 .debug_rnglists
                0x0000000000000135       0x28 ./Core/Src/usart.o
 .debug_rnglists
                0x000000000000015d       0x19 ./Core/Startup/startup_stm32h563zitx.o
 .debug_rnglists
                0x0000000000000176      0x17c ./Drivers/STM32H5xx_HAL_Driver/Src/stm32h5xx_hal.o
 .debug_rnglists
                0x00000000000002f2       0xe0 ./Drivers/STM32H5xx_HAL_Driver/Src/stm32h5xx_hal_cortex.o
 .debug_rnglists
                0x00000000000003d2       0x57 ./Drivers/STM32H5xx_HAL_Driver/Src/stm32h5xx_hal_gpio.o
 .debug_rnglists
                0x0000000000000429       0x79 ./Drivers/STM32H5xx_HAL_Driver/Src/stm32h5xx_hal_rcc.o
 .debug_rnglists
                0x00000000000004a2       0xcf ./Drivers/STM32H5xx_HAL_Driver/Src/stm32h5xx_hal_rcc_ex.o
 .debug_rnglists
                0x0000000000000571      0x1fb ./Drivers/STM32H5xx_HAL_Driver/Src/stm32h5xx_hal_uart.o
 .debug_rnglists
                0x000000000000076c       0x7f ./Drivers/STM32H5xx_HAL_Driver/Src/stm32h5xx_hal_uart_ex.o

.debug_macro    0x0000000000000000    0x303b8
 .debug_macro   0x0000000000000000      0x27a ./Core/Src/IIC.o
 .debug_macro   0x000000000000027a      0xaae ./Core/Src/IIC.o
 .debug_macro   0x0000000000000d28      0x1c4 ./Core/Src/IIC.o
 .debug_macro   0x0000000000000eec       0x22 ./Core/Src/IIC.o
 .debug_macro   0x0000000000000f0e       0x5b ./Core/Src/IIC.o
 .debug_macro   0x0000000000000f69       0x2a ./Core/Src/IIC.o
 .debug_macro   0x0000000000000f93       0x94 ./Core/Src/IIC.o
 .debug_macro   0x0000000000001027       0x43 ./Core/Src/IIC.o
 .debug_macro   0x000000000000106a       0x34 ./Core/Src/IIC.o
 .debug_macro   0x000000000000109e      0x174 ./Core/Src/IIC.o
 .debug_macro   0x0000000000001212       0x16 ./Core/Src/IIC.o
 .debug_macro   0x0000000000001228       0x43 ./Core/Src/IIC.o
 .debug_macro   0x000000000000126b       0x57 ./Core/Src/IIC.o
 .debug_macro   0x00000000000012c2       0x34 ./Core/Src/IIC.o
 .debug_macro   0x00000000000012f6       0x10 ./Core/Src/IIC.o
 .debug_macro   0x0000000000001306       0x58 ./Core/Src/IIC.o
 .debug_macro   0x000000000000135e       0x8e ./Core/Src/IIC.o
 .debug_macro   0x00000000000013ec       0x1c ./Core/Src/IIC.o
 .debug_macro   0x0000000000001408      0x177 ./Core/Src/IIC.o
 .debug_macro   0x000000000000157f      0x369 ./Core/Src/IIC.o
 .debug_macro   0x00000000000018e8      0x19b ./Core/Src/IIC.o
 .debug_macro   0x0000000000001a83       0x28 ./Core/Src/IIC.o
 .debug_macro   0x0000000000001aab       0x49 ./Core/Src/IIC.o
 .debug_macro   0x0000000000001af4      0x103 ./Core/Src/IIC.o
 .debug_macro   0x0000000000001bf7       0x6a ./Core/Src/IIC.o
 .debug_macro   0x0000000000001c61      0x1df ./Core/Src/IIC.o
 .debug_macro   0x0000000000001e40       0x1c ./Core/Src/IIC.o
 .debug_macro   0x0000000000001e5c       0x29 ./Core/Src/IIC.o
 .debug_macro   0x0000000000001e85       0xfb ./Core/Src/IIC.o
 .debug_macro   0x0000000000001f80     0x1685 ./Core/Src/IIC.o
 .debug_macro   0x0000000000003605       0x5e ./Core/Src/IIC.o
 .debug_macro   0x0000000000003663    0x20913 ./Core/Src/IIC.o
 .debug_macro   0x0000000000023f76       0x6d ./Core/Src/IIC.o
 .debug_macro   0x0000000000023fe3     0x387c ./Core/Src/IIC.o
 .debug_macro   0x000000000002785f       0x63 ./Core/Src/IIC.o
 .debug_macro   0x00000000000278c2     0x1ee3 ./Core/Src/IIC.o
 .debug_macro   0x00000000000297a5      0xe96 ./Core/Src/IIC.o
 .debug_macro   0x000000000002a63b      0x15f ./Core/Src/IIC.o
 .debug_macro   0x000000000002a79a      0x2ff ./Core/Src/IIC.o
 .debug_macro   0x000000000002aa99      0x917 ./Core/Src/IIC.o
 .debug_macro   0x000000000002b3b0      0x478 ./Core/Src/IIC.o
 .debug_macro   0x000000000002b828       0xd6 ./Core/Src/IIC.o
 .debug_macro   0x000000000002b8fe      0x1ce ./Core/Src/IIC.o
 .debug_macro   0x000000000002bacc      0x554 ./Core/Src/IIC.o
 .debug_macro   0x000000000002c020      0x5eb ./Core/Src/IIC.o
 .debug_macro   0x000000000002c60b       0x74 ./Core/Src/IIC.o
 .debug_macro   0x000000000002c67f      0x313 ./Core/Src/IIC.o
 .debug_macro   0x000000000002c992      0x1bb ./Core/Src/IIC.o
 .debug_macro   0x000000000002cb4d      0x693 ./Core/Src/IIC.o
 .debug_macro   0x000000000002d1e0       0xa6 ./Core/Src/IIC.o
 .debug_macro   0x000000000002d286      0x2a0 ./Core/Src/IIC.o
 .debug_macro   0x000000000002d526      0x485 ./Core/Src/IIC.o
 .debug_macro   0x000000000002d9ab       0xf4 ./Core/Src/IIC.o
 .debug_macro   0x000000000002da9f      0x281 ./Core/Src/MPU6050.o
 .debug_macro   0x000000000002dd20       0x88 ./Core/Src/MPU6050.o
 .debug_macro   0x000000000002dda8      0x272 ./Core/Src/gpio.o
 .debug_macro   0x000000000002e01a      0x319 ./Core/Src/main.o
 .debug_macro   0x000000000002e333       0x28 ./Core/Src/main.o
 .debug_macro   0x000000000002e35b       0x1c ./Core/Src/main.o
 .debug_macro   0x000000000002e377       0x35 ./Core/Src/main.o
 .debug_macro   0x000000000002e3ac       0x10 ./Core/Src/main.o
 .debug_macro   0x000000000002e3bc       0x1c ./Core/Src/main.o
 .debug_macro   0x000000000002e3d8       0x16 ./Core/Src/main.o
 .debug_macro   0x000000000002e3ee      0x147 ./Core/Src/main.o
 .debug_macro   0x000000000002e535       0x16 ./Core/Src/main.o
 .debug_macro   0x000000000002e54b       0x20 ./Core/Src/main.o
 .debug_macro   0x000000000002e56b      0x268 ./Core/Src/stm32h5xx_hal_msp.o
 .debug_macro   0x000000000002e7d3      0x272 ./Core/Src/stm32h5xx_it.o
 .debug_macro   0x000000000002ea45       0xff ./Core/Src/sysmem.o
 .debug_macro   0x000000000002eb44      0x23c ./Core/Src/sysmem.o
 .debug_macro   0x000000000002ed80      0x260 ./Core/Src/system_stm32h5xx.o
 .debug_macro   0x000000000002efe0      0x272 ./Core/Src/usart.o
 .debug_macro   0x000000000002f252      0x28f ./Drivers/STM32H5xx_HAL_Driver/Src/stm32h5xx_hal.o
 .debug_macro   0x000000000002f4e1      0x259 ./Drivers/STM32H5xx_HAL_Driver/Src/stm32h5xx_hal_cortex.o
 .debug_macro   0x000000000002f73a      0x28f ./Drivers/STM32H5xx_HAL_Driver/Src/stm32h5xx_hal_gpio.o
 .debug_macro   0x000000000002f9c9      0x29b ./Drivers/STM32H5xx_HAL_Driver/Src/stm32h5xx_hal_rcc.o
 .debug_macro   0x000000000002fc64      0x26b ./Drivers/STM32H5xx_HAL_Driver/Src/stm32h5xx_hal_rcc_ex.o
 .debug_macro   0x000000000002fecf      0x284 ./Drivers/STM32H5xx_HAL_Driver/Src/stm32h5xx_hal_uart.o
 .debug_macro   0x0000000000030153      0x265 ./Drivers/STM32H5xx_HAL_Driver/Src/stm32h5xx_hal_uart_ex.o

.debug_line     0x0000000000000000    0x10462
 .debug_line    0x0000000000000000      0x988 ./Core/Src/IIC.o
 .debug_line    0x0000000000000988      0x937 ./Core/Src/MPU6050.o
 .debug_line    0x00000000000012bf      0x8aa ./Core/Src/gpio.o
 .debug_line    0x0000000000001b69      0xae8 ./Core/Src/main.o
 .debug_line    0x0000000000002651      0x85f ./Core/Src/stm32h5xx_hal_msp.o
 .debug_line    0x0000000000002eb0      0x925 ./Core/Src/stm32h5xx_it.o
 .debug_line    0x00000000000037d5      0x592 ./Core/Src/sysmem.o
 .debug_line    0x0000000000003d67      0x9d3 ./Core/Src/system_stm32h5xx.o
 .debug_line    0x000000000000473a      0x9a2 ./Core/Src/usart.o
 .debug_line    0x00000000000050dc       0x7b ./Core/Startup/startup_stm32h563zitx.o
 .debug_line    0x0000000000005157      0xf27 ./Drivers/STM32H5xx_HAL_Driver/Src/stm32h5xx_hal.o
 .debug_line    0x000000000000607e      0xe91 ./Drivers/STM32H5xx_HAL_Driver/Src/stm32h5xx_hal_cortex.o
 .debug_line    0x0000000000006f0f      0xc43 ./Drivers/STM32H5xx_HAL_Driver/Src/stm32h5xx_hal_gpio.o
 .debug_line    0x0000000000007b52     0x12d8 ./Drivers/STM32H5xx_HAL_Driver/Src/stm32h5xx_hal_rcc.o
 .debug_line    0x0000000000008e2a     0x2da6 ./Drivers/STM32H5xx_HAL_Driver/Src/stm32h5xx_hal_rcc_ex.o
 .debug_line    0x000000000000bbd0     0x39ee ./Drivers/STM32H5xx_HAL_Driver/Src/stm32h5xx_hal_uart.o
 .debug_line    0x000000000000f5be      0xea4 ./Drivers/STM32H5xx_HAL_Driver/Src/stm32h5xx_hal_uart_ex.o

.debug_str      0x0000000000000000   0x12ca03
 .debug_str     0x0000000000000000   0x1276c1 ./Core/Src/IIC.o
                                     0x1279d4 (size before relaxing)
 .debug_str     0x00000000001276c1      0x2dc ./Core/Src/MPU6050.o
                                     0x127b90 (size before relaxing)
 .debug_str     0x000000000012799d      0x28f ./Core/Src/gpio.o
                                     0x127b93 (size before relaxing)
 .debug_str     0x0000000000127c2c     0x1136 ./Core/Src/main.o
                                     0x128b50 (size before relaxing)
 .debug_str     0x0000000000128d62       0x2c ./Core/Src/stm32h5xx_hal_msp.o
                                     0x12787b (size before relaxing)
 .debug_str     0x0000000000128d8e       0xc9 ./Core/Src/stm32h5xx_it.o
                                     0x127918 (size before relaxing)
 .debug_str     0x0000000000128e57      0x4dc ./Core/Src/sysmem.o
                                       0x606e (size before relaxing)
 .debug_str     0x0000000000129333      0x452 ./Core/Src/system_stm32h5xx.o
                                     0x127b44 (size before relaxing)
 .debug_str     0x0000000000129785      0x548 ./Core/Src/usart.o
                                     0x12872e (size before relaxing)
 .debug_str     0x0000000000129ccd       0x34 ./Core/Startup/startup_stm32h563zitx.o
                                         0x5e (size before relaxing)
 .debug_str     0x0000000000129d01     0x1011 ./Drivers/STM32H5xx_HAL_Driver/Src/stm32h5xx_hal.o
                                     0x128936 (size before relaxing)
 .debug_str     0x000000000012ad12      0x3d3 ./Drivers/STM32H5xx_HAL_Driver/Src/stm32h5xx_hal_cortex.o
                                     0x1284b2 (size before relaxing)
 .debug_str     0x000000000012b0e5      0x2b5 ./Drivers/STM32H5xx_HAL_Driver/Src/stm32h5xx_hal_gpio.o
                                     0x1278a9 (size before relaxing)